Archive member included to satisfy reference by file (symbol)

lib/gcclib/libgcclib.a(gcconsole.cpp.obj)
                              CMakeFiles/reciever.dir/reciever.cpp.obj (gcconsole::gcconsole(unsigned char))
lib/gcclib/libgcclib.a(GCreport.cpp.obj)
                              lib/gcclib/libgcclib.a(gcconsole.cpp.obj) (to_pio(unsigned short))
/Applications/ArmGNUToolchain/13.3.rel1/arm-none-eabi/bin/../lib/gcc/arm-none-eabi/13.3.1/thumb/v6-m/nofp/libgcc.a(_dvmd_tls.o)
                              CMakeFiles/reciever.dir/Users/andyvotava/Documents/pico-sdk/src/rp2_common/pico_divider/divider.S.obj (__aeabi_idiv0)
/Applications/ArmGNUToolchain/13.3.rel1/arm-none-eabi/bin/../lib/gcc/arm-none-eabi/13.3.1/../../../../arm-none-eabi/lib/thumb/v6-m/nofp/libg.a(libc_a-calloc.o)
                              CMakeFiles/reciever.dir/Users/andyvotava/Documents/pico-sdk/src/rp2_common/pico_malloc/pico_malloc.c.obj (calloc)
/Applications/ArmGNUToolchain/13.3.rel1/arm-none-eabi/bin/../lib/gcc/arm-none-eabi/13.3.1/../../../../arm-none-eabi/lib/thumb/v6-m/nofp/libg.a(libc_a-callocr.o)
                              /Applications/ArmGNUToolchain/13.3.rel1/arm-none-eabi/bin/../lib/gcc/arm-none-eabi/13.3.1/../../../../arm-none-eabi/lib/thumb/v6-m/nofp/libg.a(libc_a-calloc.o) (_calloc_r)
/Applications/ArmGNUToolchain/13.3.rel1/arm-none-eabi/bin/../lib/gcc/arm-none-eabi/13.3.1/../../../../arm-none-eabi/lib/thumb/v6-m/nofp/libg.a(libc_a-malloc.o)
                              CMakeFiles/reciever.dir/Users/andyvotava/Documents/pico-sdk/src/rp2_common/pico_malloc/pico_malloc.c.obj (malloc)
/Applications/ArmGNUToolchain/13.3.rel1/arm-none-eabi/bin/../lib/gcc/arm-none-eabi/13.3.1/../../../../arm-none-eabi/lib/thumb/v6-m/nofp/libg.a(libc_a-mallocr.o)
                              /Applications/ArmGNUToolchain/13.3.rel1/arm-none-eabi/bin/../lib/gcc/arm-none-eabi/13.3.1/../../../../arm-none-eabi/lib/thumb/v6-m/nofp/libg.a(libc_a-callocr.o) (_malloc_r)
/Applications/ArmGNUToolchain/13.3.rel1/arm-none-eabi/bin/../lib/gcc/arm-none-eabi/13.3.1/../../../../arm-none-eabi/lib/thumb/v6-m/nofp/libg.a(libc_a-mlock.o)
                              /Applications/ArmGNUToolchain/13.3.rel1/arm-none-eabi/bin/../lib/gcc/arm-none-eabi/13.3.1/../../../../arm-none-eabi/lib/thumb/v6-m/nofp/libg.a(libc_a-mallocr.o) (__malloc_lock)
/Applications/ArmGNUToolchain/13.3.rel1/arm-none-eabi/bin/../lib/gcc/arm-none-eabi/13.3.1/../../../../arm-none-eabi/lib/thumb/v6-m/nofp/libg.a(libc_a-realloc.o)
                              CMakeFiles/reciever.dir/Users/andyvotava/Documents/pico-sdk/src/rp2_common/pico_malloc/pico_malloc.c.obj (realloc)
/Applications/ArmGNUToolchain/13.3.rel1/arm-none-eabi/bin/../lib/gcc/arm-none-eabi/13.3.1/../../../../arm-none-eabi/lib/thumb/v6-m/nofp/libg.a(libc_a-reallocr.o)
                              /Applications/ArmGNUToolchain/13.3.rel1/arm-none-eabi/bin/../lib/gcc/arm-none-eabi/13.3.1/../../../../arm-none-eabi/lib/thumb/v6-m/nofp/libg.a(libc_a-realloc.o) (_realloc_r)
/Applications/ArmGNUToolchain/13.3.rel1/arm-none-eabi/bin/../lib/gcc/arm-none-eabi/13.3.1/../../../../arm-none-eabi/lib/thumb/v6-m/nofp/libg.a(libc_a-memmove.o)
                              /Applications/ArmGNUToolchain/13.3.rel1/arm-none-eabi/bin/../lib/gcc/arm-none-eabi/13.3.1/../../../../arm-none-eabi/lib/thumb/v6-m/nofp/libg.a(libc_a-reallocr.o) (memmove)
/Applications/ArmGNUToolchain/13.3.rel1/arm-none-eabi/bin/../lib/gcc/arm-none-eabi/13.3.1/../../../../arm-none-eabi/lib/thumb/v6-m/nofp/libg.a(libc_a-impure.o)
                              /Applications/ArmGNUToolchain/13.3.rel1/arm-none-eabi/bin/../lib/gcc/arm-none-eabi/13.3.1/../../../../arm-none-eabi/lib/thumb/v6-m/nofp/libg.a(libc_a-calloc.o) (_impure_ptr)
/Applications/ArmGNUToolchain/13.3.rel1/arm-none-eabi/bin/../lib/gcc/arm-none-eabi/13.3.1/../../../../arm-none-eabi/lib/thumb/v6-m/nofp/libg.a(libc_a-sbrkr.o)
                              /Applications/ArmGNUToolchain/13.3.rel1/arm-none-eabi/bin/../lib/gcc/arm-none-eabi/13.3.1/../../../../arm-none-eabi/lib/thumb/v6-m/nofp/libg.a(libc_a-mallocr.o) (_sbrk_r)
/Applications/ArmGNUToolchain/13.3.rel1/arm-none-eabi/bin/../lib/gcc/arm-none-eabi/13.3.1/../../../../arm-none-eabi/lib/thumb/v6-m/nofp/libg.a(libc_a-errno.o)
                              /Applications/ArmGNUToolchain/13.3.rel1/arm-none-eabi/bin/../lib/gcc/arm-none-eabi/13.3.1/../../../../arm-none-eabi/lib/thumb/v6-m/nofp/libg.a(libc_a-callocr.o) (__errno)
/Applications/ArmGNUToolchain/13.3.rel1/arm-none-eabi/bin/../lib/gcc/arm-none-eabi/13.3.1/../../../../arm-none-eabi/lib/thumb/v6-m/nofp/libg.a(libc_a-sysconf.o)
                              /Applications/ArmGNUToolchain/13.3.rel1/arm-none-eabi/bin/../lib/gcc/arm-none-eabi/13.3.1/../../../../arm-none-eabi/lib/thumb/v6-m/nofp/libg.a(libc_a-mallocr.o) (sysconf)
/Applications/ArmGNUToolchain/13.3.rel1/arm-none-eabi/bin/../lib/gcc/arm-none-eabi/13.3.1/../../../../arm-none-eabi/lib/thumb/v6-m/nofp/libg.a(libc_a-init.o)
[...]
Memory Configuration

Name             Origin             Length             Attributes
FLASH            0x10000000         0x00200000         xr
RAM              0x20000000         0x00040000         xrw
SCRATCH_X        0x20040000         0x00001000         xrw
SCRATCH_Y        0x20041000         0x00001000         xrw
*default*        0x00000000         0xffffffff

Linker script and memory map

LOAD /Applications/ArmGNUToolchain/13.3.rel1/arm-none-eabi/bin/../lib/gcc/arm-none-eabi/13.3.1/thumb/v6-m/nofp/crti.o
LOAD /Applications/ArmGNUToolchain/13.3.rel1/arm-none-eabi/bin/../lib/gcc/arm-none-eabi/13.3.1/thumb/v6-m/nofp/crtbegin.o
LOAD /Applications/ArmGNUToolchain/13.3.rel1/arm-none-eabi/bin/../lib/gcc/arm-none-eabi/13.3.1/../../../../arm-none-eabi/lib/thumb/v6-m/nofp/crt0.o

.flash_begin    0x10000000        0x0
                0x10000000                        __flash_binary_start = .

.boot2          0x10000000      0x100
                0x10000000                        __boot2_start__ = .
 *(.boot2)
 .boot2         0x10000000      0x100 /var/folders/py/lb60224s1n1dkc8hmj6_sj3m0000gn/T//ccTJxscO.o
                0x10000100                        __boot2_end__ = .
                0x00000001                        ASSERT (((__boot2_end__ - __boot2_start__) == 0x100), ERROR: Pico second stage bootloader must be 256 bytes in size)

.text           0x10000100     0x5a88
                0x10000100                        __logical_binary_start = .
 *(.vectors)
 .vectors       0x10000100       0xd4 CMakeFiles/reciever.dir/Users/andyvotava/Documents/pico-sdk/src/rp2_common/pico_standard_link/crt0.S.obj
                0x10000100                __VECTOR_TABLE
                0x10000100                __vectors
                0x100001c0                __default_isrs_start
                0x100001c0                isr_invalid
                0x100001c2                isr_nmi
                0x100001c4                isr_hardfault
                0x100001c6                isr_svcall
                0x100001c8                isr_pendsv
                0x100001ca                isr_systick
                0x100001cc                isr_irq28
                0x100001cc                isr_irq19
                0x100001cc                isr_irq0
                0x100001cc                isr_irq6
                0x100001cc                isr_irq22
                0x100001cc                isr_irq17
                0x100001cc                isr_irq14
                0x100001cc                isr_irq2
                0x100001cc                isr_irq10
                0x100001cc                isr_irq8
                0x100001cc                isr_irq24
                0x100001cc                isr_irq1
                0x100001cc                isr_irq7
                0x100001cc                isr_irq21
                0x100001cc                isr_irq20
                0x100001cc                isr_irq15
                0x100001cc                isr_irq25
                0x100001cc                isr_irq4
                0x100001cc                isr_irq16
                0x100001cc                isr_irq29
                0x100001cc                isr_irq26
                0x100001cc                __default_isrs_end
                0x100001cc                isr_irq3
                0x100001cc                isr_irq9
                0x100001cc                __unhandled_user_irq
                0x100001cc                isr_irq13
                0x100001cc                isr_irq27
                0x100001cc                isr_irq31
                0x100001cc                isr_irq5
                0x100001cc                isr_irq11
                0x100001cc                isr_irq23
                0x100001cc                isr_irq18
                0x100001cc                isr_irq30
                0x100001cc                isr_irq12
                0x100001d2                unhandled_user_irq_num_in_r0
 *(.binary_info_header)
 .binary_info_header
                0x100001d4       0x14 CMakeFiles/reciever.dir/Users/andyvotava/Documents/pico-sdk/src/rp2_common/pico_standard_link/crt0.S.obj
                0x100001e8                        __binary_info_header_end = .
 *(.reset)
 .reset         0x100001e8       0xa0 CMakeFiles/reciever.dir/Users/andyvotava/Documents/pico-sdk/src/rp2_common/pico_standard_link/crt0.S.obj
                0x100001e8                _entry_point
 .reset         0x10000288       0x30 CMakeFiles/reciever.dir/Users/andyvotava/Documents/pico-sdk/src/rp2_common/pico_standard_link/binary_info.c.obj
 *(.init)
 .init          0x100002b8        0x4 /Applications/ArmGNUToolchain/13.3.rel1/arm-none-eabi/bin/../lib/gcc/arm-none-eabi/13.3.1/thumb/v6-m/nofp/crti.o
                0x100002b8                _init
 *(EXCLUDE_FILE(*libm.a: *libc.a:*lib_a-mem*.o *libgcc.a:) .text*)
 .text.register_tm_clones
                0x100002bc       0x28 /Applications/ArmGNUToolchain/13.3.rel1/arm-none-eabi/bin/../lib/gcc/arm-none-eabi/13.3.1/thumb/v6-m/nofp/crtbegin.o
 .text.frame_dummy
                0x100002e4       0x24 /Applications/ArmGNUToolchain/13.3.rel1/arm-none-eabi/bin/../lib/gcc/arm-none-eabi/13.3.1/thumb/v6-m/nofp/crtbegin.o
 .text._Z41__static_initialization_and_destruction_0v
                0x10000308       0x24 CMakeFiles/reciever.dir/reciever.cpp.obj
 .text.main     0x1000032c       0xdc CMakeFiles/reciever.dir/reciever.cpp.obj
                0x1000032c                main
 .text._GLOBAL__sub_I_reciever
                0x10000408        0x8 CMakeFiles/reciever.dir/reciever.cpp.obj
 .text.gpio_set_function
                0x10000410       0x30 CMakeFiles/reciever.dir/Users/andyvotava/Documents/pico-sdk/src/rp2_common/hardware_gpio/gpio.c.obj
                0x10000410                gpio_set_function
 .text.gpio_init
                0x10000440       0x16 CMakeFiles/reciever.dir/Users/andyvotava/Documents/pico-sdk/src/rp2_common/hardware_gpio/gpio.c.obj
                0x10000440                gpio_init
 *fill*         0x10000456        0x2 
 .text.running_on_fpga
                0x10000458       0x14 CMakeFiles/reciever.dir/Users/andyvotava/Documents/pico-sdk/src/rp2_common/pico_platform/platform.c.obj
                0x10000458                running_on_fpga
 .text.hw_claim_lock
                0x1000046c       0x18 CMakeFiles/reciever.dir/Users/andyvotava/Documents/pico-sdk/src/rp2_common/hardware_claim/claim.c.obj
                0x1000046c                hw_claim_lock
 .text.hw_claim_unlock
                0x10000484       0x14 CMakeFiles/reciever.dir/Users/andyvotava/Documents/pico-sdk/src/rp2_common/hardware_claim/claim.c.obj
                0x10000484                hw_claim_unlock
 .text.hw_claim_or_assert
                0x10000498       0x32 CMakeFiles/reciever.dir/Users/andyvotava/Documents/pico-sdk/src/rp2_common/hardware_claim/claim.c.obj
                0x10000498                hw_claim_or_assert
 .text.hw_claim_unused_from_range
                0x100004ca       0x50 CMakeFiles/reciever.dir/Users/andyvotava/Documents/pico-sdk/src/rp2_common/hardware_claim/claim.c.obj
                0x100004ca                hw_claim_unused_from_range
 *fill*         0x1000051a        0x2 
 .text.spin_locks_reset
                0x1000051c       0x20 CMakeFiles/reciever.dir/Users/andyvotava/Documents/pico-sdk/src/rp2_common/hardware_sync/sync.c.obj
                0x1000051c                spin_locks_reset
 .text.next_striped_spin_lock_num
                0x1000053c       0x1c CMakeFiles/reciever.dir/Users/andyvotava/Documents/pico-sdk/src/rp2_common/hardware_sync/sync.c.obj
                0x1000053c                next_striped_spin_lock_num
 .text.set_raw_irq_handler_and_unlock
                0x10000558       0x28 CMakeFiles/reciever.dir/Users/andyvotava/Documents/pico-sdk/src/rp2_common/hardware_irq/irq.c.obj
 .text.resolve_branch
                0x10000580       0x30 CMakeFiles/reciever.dir/Users/andyvotava/Documents/pico-sdk/src/rp2_common/hardware_irq/irq.c.obj
 .text.make_branch
                0x100005b0       0x48 CMakeFiles/reciever.dir/Users/andyvotava/Documents/pico-sdk/src/rp2_common/hardware_irq/irq.c.obj
 .text.insert_branch_and_link
                0x100005f8       0x40 CMakeFiles/reciever.dir/Users/andyvotava/Documents/pico-sdk/src/rp2_common/hardware_irq/irq.c.obj
 .text.irq_is_enabled
                0x10000638       0x18 CMakeFiles/reciever.dir/Users/andyvotava/Documents/pico-sdk/src/rp2_common/hardware_irq/irq.c.obj
                0x10000638                irq_is_enabled
 .text.irq_set_mask_enabled
                0x10000650       0x20 CMakeFiles/reciever.dir/Users/andyvotava/Documents/pico-sdk/src/rp2_common/hardware_irq/irq.c.obj
                0x10000650                irq_set_mask_enabled
 .text.irq_set_enabled
                0x10000670        0xe CMakeFiles/reciever.dir/Users/andyvotava/Documents/pico-sdk/src/rp2_common/hardware_irq/irq.c.obj
                0x10000670                irq_set_enabled
 *fill*         0x1000067e        0x2 
 .text.irq_get_vtable_handler
                0x10000680       0x10 CMakeFiles/reciever.dir/Users/andyvotava/Documents/pico-sdk/src/rp2_common/hardware_irq/irq.c.obj
                0x10000680                irq_get_vtable_handler
 .text.irq_set_exclusive_handler
                0x10000690       0x54 CMakeFiles/reciever.dir/Users/andyvotava/Documents/pico-sdk/src/rp2_common/hardware_irq/irq.c.obj
                0x10000690                irq_set_exclusive_handler
 .text.irq_remove_handler
                0x100006e4      0x188 CMakeFiles/reciever.dir/Users/andyvotava/Documents/pico-sdk/src/rp2_common/hardware_irq/irq.c.obj
                0x100006e4                irq_remove_handler
 .text.irq_add_tail_to_free_list
                0x1000086c       0xf0 CMakeFiles/reciever.dir/Users/andyvotava/Documents/pico-sdk/src/rp2_common/hardware_irq/irq.c.obj
                0x1000086c                irq_add_tail_to_free_list
 .text.irq_init_priorities
                0x1000095c       0x1c CMakeFiles/reciever.dir/Users/andyvotava/Documents/pico-sdk/src/rp2_common/hardware_irq/irq.c.obj
                0x1000095c                irq_init_priorities
 .text.lock_init
                0x10000978       0x10 CMakeFiles/reciever.dir/Users/andyvotava/Documents/pico-sdk/src/common/pico_sync/lock_core.c.obj
                0x10000978                lock_init
 .text.mutex_init
                0x10000988       0x1a CMakeFiles/reciever.dir/Users/andyvotava/Documents/pico-sdk/src/common/pico_sync/mutex.c.obj
                0x10000988                mutex_init
 .text.recursive_mutex_init
                0x100009a2       0x1e CMakeFiles/reciever.dir/Users/andyvotava/Documents/pico-sdk/src/common/pico_sync/mutex.c.obj
                0x100009a2                recursive_mutex_init
 .text.time_reached
                0x100009c0       0x28 CMakeFiles/reciever.dir/Users/andyvotava/Documents/pico-sdk/src/common/pico_time/time.c.obj
 .text.get_entry
                0x100009e8       0x38 CMakeFiles/reciever.dir/Users/andyvotava/Documents/pico-sdk/src/common/pico_time/time.c.obj
 .text.timer_pool_entry_comparator
                0x10000a20       0x2e CMakeFiles/reciever.dir/Users/andyvotava/Documents/pico-sdk/src/common/pico_time/time.c.obj
                0x10000a20                timer_pool_entry_comparator
 *fill*         0x10000a4e        0x2 
 .text.update_us_since_boot
                0x10000a50       0x24 CMakeFiles/reciever.dir/Users/andyvotava/Documents/pico-sdk/src/common/pico_time/time.c.obj
 .text.delayed_by_us
                0x10000a74       0x34 CMakeFiles/reciever.dir/Users/andyvotava/Documents/pico-sdk/src/common/pico_time/time.c.obj
 .text.ph_get_node
                0x10000aa8       0x30 CMakeFiles/reciever.dir/Users/andyvotava/Documents/pico-sdk/src/common/pico_time/time.c.obj
 .text.ph_contains_node
                0x10000ad8       0x1e CMakeFiles/reciever.dir/Users/andyvotava/Documents/pico-sdk/src/common/pico_time/time.c.obj
 .text.ph_new_node
                0x10000af6       0x28 CMakeFiles/reciever.dir/Users/andyvotava/Documents/pico-sdk/src/common/pico_time/time.c.obj
 *fill*         0x10000b1e        0x2 
 .text.ph_add_child_node
                0x10000b20       0x6c CMakeFiles/reciever.dir/Users/andyvotava/Documents/pico-sdk/src/common/pico_time/time.c.obj
 .text.ph_merge_nodes
                0x10000b8c       0x3e CMakeFiles/reciever.dir/Users/andyvotava/Documents/pico-sdk/src/common/pico_time/time.c.obj
 *fill*         0x10000bca        0x2 
 .text.ph_insert_node
                0x10000bcc       0x3c CMakeFiles/reciever.dir/Users/andyvotava/Documents/pico-sdk/src/common/pico_time/time.c.obj
 .text.ph_free_node
                0x10000c08       0x5c CMakeFiles/reciever.dir/Users/andyvotava/Documents/pico-sdk/src/common/pico_time/time.c.obj
 .text.get_entry_id_high
                0x10000c64       0x30 CMakeFiles/reciever.dir/Users/andyvotava/Documents/pico-sdk/src/common/pico_time/time.c.obj
 .text.alarm_pool_post_alloc_init
                0x10000c94       0x40 CMakeFiles/reciever.dir/Users/andyvotava/Documents/pico-sdk/src/common/pico_time/time.c.obj
 .text.sleep_until_callback
                0x10000cd4       0x30 CMakeFiles/reciever.dir/Users/andyvotava/Documents/pico-sdk/src/common/pico_time/time.c.obj
 .text.get_absolute_time
                0x10000d04       0x22 CMakeFiles/reciever.dir/Users/andyvotava/Documents/pico-sdk/src/common/pico_time/time.c.obj
 .text.make_timeout_time_us
                0x10000d26       0x24 CMakeFiles/reciever.dir/Users/andyvotava/Documents/pico-sdk/src/common/pico_time/time.c.obj
 *fill*         0x10000d4a        0x2 
 .text.add_alarm_under_lock
                0x10000d4c       0x94 CMakeFiles/reciever.dir/Users/andyvotava/Documents/pico-sdk/src/common/pico_time/time.c.obj
 .text.alarm_pool_alarm_callback
                0x10000de0      0x210 CMakeFiles/reciever.dir/Users/andyvotava/Documents/pico-sdk/src/common/pico_time/time.c.obj
 .text.alarm_pool_init_default
                0x10000ff0       0x40 CMakeFiles/reciever.dir/Users/andyvotava/Documents/pico-sdk/src/common/pico_time/time.c.obj
                0x10000ff0                alarm_pool_init_default
 .text.alarm_pool_get_default
                0x10001030       0x2c CMakeFiles/reciever.dir/Users/andyvotava/Documents/pico-sdk/src/common/pico_time/time.c.obj
                0x10001030                alarm_pool_get_default
 .text.alarm_pool_add_alarm_at
                0x1000105c      0x10e CMakeFiles/reciever.dir/Users/andyvotava/Documents/pico-sdk/src/common/pico_time/time.c.obj
                0x1000105c                alarm_pool_add_alarm_at
 .text.add_alarm_at
                0x1000116a       0x2e CMakeFiles/reciever.dir/Users/andyvotava/Documents/pico-sdk/src/common/pico_time/time.c.obj
 .text.alarm_pool_cancel_alarm
                0x10001198       0xa8 CMakeFiles/reciever.dir/Users/andyvotava/Documents/pico-sdk/src/common/pico_time/time.c.obj
                0x10001198                alarm_pool_cancel_alarm
 .text.cancel_alarm
                0x10001240       0x10 CMakeFiles/reciever.dir/Users/andyvotava/Documents/pico-sdk/src/common/pico_time/time.c.obj
 .text.sleep_until
                0x10001250       0xb0 CMakeFiles/reciever.dir/Users/andyvotava/Documents/pico-sdk/src/common/pico_time/time.c.obj
                0x10001250                sleep_until
 .text.sleep_us
                0x10001300       0x1a CMakeFiles/reciever.dir/Users/andyvotava/Documents/pico-sdk/src/common/pico_time/time.c.obj
                0x10001300                sleep_us
 .text.sleep_ms
                0x1000131a       0x14 CMakeFiles/reciever.dir/Users/andyvotava/Documents/pico-sdk/src/common/pico_time/time.c.obj
                0x1000131a                sleep_ms
 *fill*         0x1000132e        0x2 
 .text.best_effort_wfe_or_timeout
                0x10001330       0x44 CMakeFiles/reciever.dir/Users/andyvotava/Documents/pico-sdk/src/common/pico_time/time.c.obj
                0x10001330                best_effort_wfe_or_timeout
 .text.hardware_alarm_irq_handler
                0x10001374       0x8c CMakeFiles/reciever.dir/Users/andyvotava/Documents/pico-sdk/src/rp2_common/hardware_timer/timer.c.obj
 .text.hardware_alarm_claim
                0x10001400       0x18 CMakeFiles/reciever.dir/Users/andyvotava/Documents/pico-sdk/src/rp2_common/hardware_timer/timer.c.obj
                0x10001400                hardware_alarm_claim
 .text.time_us_64
                0x10001418       0x18 CMakeFiles/reciever.dir/Users/andyvotava/Documents/pico-sdk/src/rp2_common/hardware_timer/timer.c.obj
                0x10001418                time_us_64
 .text.busy_wait_until
                0x10001430       0x28 CMakeFiles/reciever.dir/Users/andyvotava/Documents/pico-sdk/src/rp2_common/hardware_timer/timer.c.obj
                0x10001430                busy_wait_until
 .text.hardware_alarm_set_callback
                0x10001458       0x90 CMakeFiles/reciever.dir/Users/andyvotava/Documents/pico-sdk/src/rp2_common/hardware_timer/timer.c.obj
                0x10001458                hardware_alarm_set_callback
 .text.hardware_alarm_set_target
                0x100014e8       0xe8 CMakeFiles/reciever.dir/Users/andyvotava/Documents/pico-sdk/src/rp2_common/hardware_timer/timer.c.obj
                0x100014e8                hardware_alarm_set_target
 .text.hardware_alarm_cancel
                0x100015d0       0x40 CMakeFiles/reciever.dir/Users/andyvotava/Documents/pico-sdk/src/rp2_common/hardware_timer/timer.c.obj
                0x100015d0                hardware_alarm_cancel
 .text.ph_get_node
                0x10001610       0x30 CMakeFiles/reciever.dir/Users/andyvotava/Documents/pico-sdk/src/common/pico_util/pheap.c.obj
 .text.ph_add_child_node
                0x10001640       0x6c CMakeFiles/reciever.dir/Users/andyvotava/Documents/pico-sdk/src/common/pico_util/pheap.c.obj
 .text.ph_merge_nodes
                0x100016ac       0x3e CMakeFiles/reciever.dir/Users/andyvotava/Documents/pico-sdk/src/common/pico_util/pheap.c.obj
 .text.ph_clear
                0x100016ea       0x34 CMakeFiles/reciever.dir/Users/andyvotava/Documents/pico-sdk/src/common/pico_util/pheap.c.obj
                0x100016ea                ph_clear
 .text.ph_post_alloc_init
                0x1000171e        0xe CMakeFiles/reciever.dir/Users/andyvotava/Documents/pico-sdk/src/common/pico_util/pheap.c.obj
                0x1000171e                ph_post_alloc_init
 .text.ph_merge_two_pass
                0x1000172c       0x5c CMakeFiles/reciever.dir/Users/andyvotava/Documents/pico-sdk/src/common/pico_util/pheap.c.obj
                0x1000172c                ph_merge_two_pass
 .text.ph_remove_any_head
                0x10001788       0xc0 CMakeFiles/reciever.dir/Users/andyvotava/Documents/pico-sdk/src/common/pico_util/pheap.c.obj
 .text.ph_remove_head
                0x10001848       0x14 CMakeFiles/reciever.dir/Users/andyvotava/Documents/pico-sdk/src/common/pico_util/pheap.c.obj
                0x10001848                ph_remove_head
 .text.ph_remove_and_free_node
                0x1000185c       0xa0 CMakeFiles/reciever.dir/Users/andyvotava/Documents/pico-sdk/src/common/pico_util/pheap.c.obj
                0x1000185c                ph_remove_and_free_node
 .text.clock_configure
                0x100018fc      0x108 CMakeFiles/reciever.dir/Users/andyvotava/Documents/pico-sdk/src/rp2_common/hardware_clocks/clocks.c.obj
                0x100018fc                clock_configure
 .text.clocks_init
                0x10001a04      0x100 CMakeFiles/reciever.dir/Users/andyvotava/Documents/pico-sdk/src/rp2_common/hardware_clocks/clocks.c.obj
                0x10001a04                clocks_init
 .text.clock_get_hz
                0x10001b04        0xc CMakeFiles/reciever.dir/Users/andyvotava/Documents/pico-sdk/src/rp2_common/hardware_clocks/clocks.c.obj
                0x10001b04                clock_get_hz
 .text.pll_init
                0x10001b10      0x120 CMakeFiles/reciever.dir/Users/andyvotava/Documents/pico-sdk/src/rp2_common/hardware_pll/pll.c.obj
                0x10001b10                pll_init
 .text.watchdog_start_tick
                0x10001c30       0x10 CMakeFiles/reciever.dir/Users/andyvotava/Documents/pico-sdk/src/rp2_common/hardware_watchdog/watchdog.c.obj
                0x10001c30                watchdog_start_tick
 .text.xosc_init
                0x10001c40       0x28 CMakeFiles/reciever.dir/Users/andyvotava/Documents/pico-sdk/src/rp2_common/hardware_xosc/xosc.c.obj
                0x10001c40                xosc_init
 .text._exit    0x10001c68        0x4 CMakeFiles/reciever.dir/Users/andyvotava/Documents/pico-sdk/src/rp2_common/pico_runtime/runtime.c.obj
                0x10001c68                _exit
 .text._sbrk    0x10001c6c       0x38 CMakeFiles/reciever.dir/Users/andyvotava/Documents/pico-sdk/src/rp2_common/pico_runtime/runtime.c.obj
                0x10001c6c                _sbrk
 .text.exit     0x10001ca4        0x6 CMakeFiles/reciever.dir/Users/andyvotava/Documents/pico-sdk/src/rp2_common/pico_runtime/runtime.c.obj
                0x10001ca4                exit
 *fill*         0x10001caa        0x2 
 .text.__assert_func
                0x10001cac       0x38 CMakeFiles/reciever.dir/Users/andyvotava/Documents/pico-sdk/src/rp2_common/pico_runtime/runtime.c.obj
                0x10001cac                __assert_func
 .text.runtime_init
                0x10001ce4       0xf8 CMakeFiles/reciever.dir/Users/andyvotava/Documents/pico-sdk/src/rp2_common/pico_runtime/runtime.c.obj
                0x10001ce4                runtime_init
 .text.panic    0x10001ddc       0x30 CMakeFiles/reciever.dir/Users/andyvotava/Documents/pico-sdk/src/rp2_common/pico_runtime/runtime.c.obj
                0x10001ddc                panic
 .text._out_null
                0x10001e0c        0x2 CMakeFiles/reciever.dir/Users/andyvotava/Documents/pico-sdk/src/rp2_common/pico_printf/printf.c.obj
 .text._out_fct
                0x10001e0e        0xe CMakeFiles/reciever.dir/Users/andyvotava/Documents/pico-sdk/src/rp2_common/pico_printf/printf.c.obj
 .text._atoi    0x10001e1c       0x24 CMakeFiles/reciever.dir/Users/andyvotava/Documents/pico-sdk/src/rp2_common/pico_printf/printf.c.obj
 .text._out_rev
                0x10001e40       0xae CMakeFiles/reciever.dir/Users/andyvotava/Documents/pico-sdk/src/rp2_common/pico_printf/printf.c.obj
 .text._ntoa_format
                0x10001eee      0x110 CMakeFiles/reciever.dir/Users/andyvotava/Documents/pico-sdk/src/rp2_common/pico_printf/printf.c.obj
 .text._ntoa_long
                0x10001ffe       0xbc CMakeFiles/reciever.dir/Users/andyvotava/Documents/pico-sdk/src/rp2_common/pico_printf/printf.c.obj
 .text._ntoa_long_long
                0x100020ba      0x10e CMakeFiles/reciever.dir/Users/andyvotava/Documents/pico-sdk/src/rp2_common/pico_printf/printf.c.obj
 .text._etoa    0x100021c8      0x420 CMakeFiles/reciever.dir/Users/andyvotava/Documents/pico-sdk/src/rp2_common/pico_printf/printf.c.obj
 .text._ftoa    0x100025e8      0x354 CMakeFiles/reciever.dir/Users/andyvotava/Documents/pico-sdk/src/rp2_common/pico_printf/printf.c.obj
 .text._vsnprintf
                0x1000293c      0x668 CMakeFiles/reciever.dir/Users/andyvotava/Documents/pico-sdk/src/rp2_common/pico_printf/printf.c.obj
 .text.vfctprintf
                0x10002fa4       0x20 CMakeFiles/reciever.dir/Users/andyvotava/Documents/pico-sdk/src/rp2_common/pico_printf/printf.c.obj
                0x10002fa4                vfctprintf
 .text          0x10002fc4       0x10 CMakeFiles/reciever.dir/Users/andyvotava/Documents/pico-sdk/src/rp2_common/pico_bit_ops/bit_ops_aeabi.S.obj
 .text.rom_func_lookup
                0x10002fd4       0x10 CMakeFiles/reciever.dir/Users/andyvotava/Documents/pico-sdk/src/rp2_common/pico_bootrom/bootrom.c.obj
                0x10002fd4                rom_func_lookup
 .text.rom_data_lookup
                0x10002fe4       0x10 CMakeFiles/reciever.dir/Users/andyvotava/Documents/pico-sdk/src/rp2_common/pico_bootrom/bootrom.c.obj
                0x10002fe4                rom_data_lookup
 .text.rom_funcs_lookup
                0x10002ff4       0x36 CMakeFiles/reciever.dir/Users/andyvotava/Documents/pico-sdk/src/rp2_common/pico_bootrom/bootrom.c.obj
                0x10002ff4                rom_funcs_lookup
 *fill*         0x1000302a        0x2 
 .text.__wrap___aeabi_idiv
                0x1000302c       0x50 CMakeFiles/reciever.dir/Users/andyvotava/Documents/pico-sdk/src/rp2_common/pico_divider/divider.S.obj
                0x1000302c                __wrap___aeabi_idivmod
                0x1000302c                divmod_s32s32
                0x1000302c                div_s32s32
                0x1000302c                __wrap___aeabi_idiv
                0x10003034                divmod_s32s32_unsafe
                0x10003060                divmod_s32s32_savestate
 .text.__wrap___aeabi_uidiv
                0x1000307c       0x4c CMakeFiles/reciever.dir/Users/andyvotava/Documents/pico-sdk/src/rp2_common/pico_divider/divider.S.obj
                0x1000307c                __wrap___aeabi_uidiv
                0x1000307c                __wrap___aeabi_uidivmod
                0x1000307c                div_u32u32
                0x1000307c                divmod_u32u32
                0x10003084                divmod_u32u32_unsafe
                0x100030ac                divmod_u32u32_savestate
 .text.__wrap___aeabi_ldiv
                0x100030c8      0x424 CMakeFiles/reciever.dir/Users/andyvotava/Documents/pico-sdk/src/rp2_common/pico_divider/divider.S.obj
                0x100030c8                __wrap___aeabi_ldivmod
                0x100030c8                div_s64s64
                0x100030c8                divmod_s64s64
                0x100030f8                divmod_u64u64
                0x100030f8                div_u64u64
                0x100030f8                __wrap___aeabi_uldivmod
                0x10003108                divmod_u64u64_savestate
                0x10003128                divmod_s64s64_unsafe
                0x100031b0                divmod_u64u64_unsafe
 .text.__wrap___aeabi_darithmetic
                0x100034ec       0x80 CMakeFiles/reciever.dir/Users/andyvotava/Documents/pico-sdk/src/rp2_common/pico_double/double_aeabi.S.obj
                0x100034ec                __wrap___aeabi_drsub
                0x100034f2                __wrap___aeabi_dsub
                0x10003504                __wrap___aeabi_dadd
                0x10003516                __wrap___aeabi_ddiv
                0x10003552                __wrap___aeabi_dmul
 .text.__wrap___aeabi_cdcmple
                0x1000356c       0x6c CMakeFiles/reciever.dir/Users/andyvotava/Documents/pico-sdk/src/rp2_common/pico_double/double_aeabi.S.obj
                0x1000356c                __wrap___aeabi_cdrcmple
                0x1000357c                __wrap___aeabi_cdcmple
                0x1000357c                __wrap___aeabi_cdcmpeq
 .text.__wrap___aeabi_dcmplt
                0x100035d8        0xc CMakeFiles/reciever.dir/Users/andyvotava/Documents/pico-sdk/src/rp2_common/pico_double/double_aeabi.S.obj
                0x100035d8                __wrap___aeabi_dcmplt
 .text.__wrap___aeabi_dcmple
                0x100035e4       0x10 CMakeFiles/reciever.dir/Users/andyvotava/Documents/pico-sdk/src/rp2_common/pico_double/double_aeabi.S.obj
                0x100035e4                __wrap___aeabi_dcmple
 .text.__wrap___aeabi_dcmpge
                0x100035f4       0x10 CMakeFiles/reciever.dir/Users/andyvotava/Documents/pico-sdk/src/rp2_common/pico_double/double_aeabi.S.obj
                0x100035f4                __wrap___aeabi_dcmpge
 .text.__wrap___aeabi_dcmpgt
                0x10003604        0xa CMakeFiles/reciever.dir/Users/andyvotava/Documents/pico-sdk/src/rp2_common/pico_double/double_aeabi.S.obj
                0x10003604                __wrap___aeabi_dcmpgt
 .text.__wrap___aeabi_dcmpun
                0x1000360e       0x1c CMakeFiles/reciever.dir/Users/andyvotava/Documents/pico-sdk/src/rp2_common/pico_double/double_aeabi.S.obj
                0x1000360e                __wrap___aeabi_dcmpun
 *fill*         0x1000362a        0x2 
 .text.__wrap___aeabi_i2d
                0x1000362c       0x38 CMakeFiles/reciever.dir/Users/andyvotava/Documents/pico-sdk/src/rp2_common/pico_double/double_aeabi.S.obj
                0x1000362c                __wrap___aeabi_ui2d
                0x10003634                __wrap___aeabi_i2d
 .text.__wrap___aeabi_d2iz
                0x10003664       0x48 CMakeFiles/reciever.dir/Users/andyvotava/Documents/pico-sdk/src/rp2_common/pico_double/double_aeabi.S.obj
                0x10003664                __wrap___aeabi_d2iz
                0x10003664                double2int_z
 .text.__wrap___aeabi_d2uiz
                0x100036ac       0x18 CMakeFiles/reciever.dir/Users/andyvotava/Documents/pico-sdk/src/rp2_common/pico_double/double_aeabi.S.obj
                0x100036ac                double2uint
                0x100036ac                __wrap___aeabi_d2uiz
 .text.__aeabi_double_init
                0x100036c4       0xcc CMakeFiles/reciever.dir/Users/andyvotava/Documents/pico-sdk/src/rp2_common/pico_double/double_init_rom.c.obj
                0x100036c4                __aeabi_double_init
 .text.double_table_shim_on_use_helper
                0x10003790       0x34 CMakeFiles/reciever.dir/Users/andyvotava/Documents/pico-sdk/src/rp2_common/pico_double/double_v1_rom_shim.S.obj
                0x10003790                double_table_shim_on_use_helper
 .text.__wrap___aeabi_dsub
                0x100037c4       0x10 CMakeFiles/reciever.dir/Users/andyvotava/Documents/pico-sdk/src/rp2_common/pico_double/double_v1_rom_shim.S.obj
                0x100037c4                drsub_shim
                0x100037ca                dsub_shim
 .text.dadd_shim
                0x100037d4      0x15c CMakeFiles/reciever.dir/Users/andyvotava/Documents/pico-sdk/src/rp2_common/pico_double/double_v1_rom_shim.S.obj
                0x100037d4                dadd_shim
 .text.dmul_shim
                0x10003930      0x15c CMakeFiles/reciever.dir/Users/andyvotava/Documents/pico-sdk/src/rp2_common/pico_double/double_v1_rom_shim.S.obj
                0x10003930                dmul_shim
 .text.ddiv_shim
                0x10003a8c      0x1b0 CMakeFiles/reciever.dir/Users/andyvotava/Documents/pico-sdk/src/rp2_common/pico_double/double_v1_rom_shim.S.obj
                0x10003a8c                ddiv_shim
 .text.double2uint_shim
                0x10003c3c        0xe CMakeFiles/reciever.dir/Users/andyvotava/Documents/pico-sdk/src/rp2_common/pico_double/double_v1_rom_shim.S.obj
                0x10003c3c                double2uint_shim
                0x10003c3e                double2ufix_shim
 *fill*         0x10003c4a        0x2 
 .text.double2uint64_shim
                0x10003c4c       0x70 CMakeFiles/reciever.dir/Users/andyvotava/Documents/pico-sdk/src/rp2_common/pico_double/double_v1_rom_shim.S.obj
                0x10003c4c                double2uint64_shim
                0x10003c4e                double2ufix64_shim
                0x10003c6e                d2fix_a
 .text.dunpacks
                0x10003cbc       0x3c CMakeFiles/reciever.dir/Users/andyvotava/Documents/pico-sdk/src/rp2_common/pico_double/double_v1_rom_shim.S.obj
                0x10003cbc                dunpacks
 .text.__aeabi_lmul
                0x10003cf8       0x32 CMakeFiles/reciever.dir/Users/andyvotava/Documents/pico-sdk/src/rp2_common/pico_int64_ops/pico_int64_ops_aeabi.S.obj
                0x10003cf8                __wrap___aeabi_lmul
 *fill*         0x10003d2a        0x2 
 .text.__aeabi_float_init
                0x10003d2c       0xfc CMakeFiles/reciever.dir/Users/andyvotava/Documents/pico-sdk/src/rp2_common/pico_float/float_init_rom.c.obj
                0x10003d2c                __aeabi_float_init
 .text.float_table_shim_on_use_helper
                0x10003e28       0x34 CMakeFiles/reciever.dir/Users/andyvotava/Documents/pico-sdk/src/rp2_common/pico_float/float_v1_rom_shim.S.obj
                0x10003e28                float_table_shim_on_use_helper
 .text.check_alloc
                0x10003e5c       0x20 CMakeFiles/reciever.dir/Users/andyvotava/Documents/pico-sdk/src/rp2_common/pico_malloc/pico_malloc.c.obj
 .text.__wrap_malloc
                0x10003e7c       0x14 CMakeFiles/reciever.dir/Users/andyvotava/Documents/pico-sdk/src/rp2_common/pico_malloc/pico_malloc.c.obj
                0x10003e7c                __wrap_malloc
 .text.__wrap_free
                0x10003e90        0x8 CMakeFiles/reciever.dir/Users/andyvotava/Documents/pico-sdk/src/rp2_common/pico_malloc/pico_malloc.c.obj
                0x10003e90                __wrap_free
 .text          0x10003e98       0x10 CMakeFiles/reciever.dir/Users/andyvotava/Documents/pico-sdk/src/rp2_common/pico_mem_ops/mem_ops_aeabi.S.obj
                0x10003e98                __aeabi_mem_init
 .text.memset   0x10003ea8        0xc CMakeFiles/reciever.dir/Users/andyvotava/Documents/pico-sdk/src/rp2_common/pico_mem_ops/mem_ops_aeabi.S.obj
                0x10003ea8                __wrap_memset
 .text.memcpy   0x10003eb4        0xc CMakeFiles/reciever.dir/Users/andyvotava/Documents/pico-sdk/src/rp2_common/pico_mem_ops/mem_ops_aeabi.S.obj
                0x10003eb4                __wrap___aeabi_memcpy
                0x10003eb4                __wrap_memcpy
 .text._Znwj    0x10003ec0        0x8 CMakeFiles/reciever.dir/Users/andyvotava/Documents/pico-sdk/src/rp2_common/pico_standard_link/new_delete.cpp.obj
                0x10003ec0                operator new(unsigned int)
 .text._ZdlPvj  0x10003ec8        0x8 CMakeFiles/reciever.dir/Users/andyvotava/Documents/pico-sdk/src/rp2_common/pico_standard_link/new_delete.cpp.obj
                0x10003ec8                operator delete(void*, unsigned int)
 .text.stdio_out_chars_no_crlf
                0x10003ed0        0xe CMakeFiles/reciever.dir/Users/andyvotava/Documents/pico-sdk/src/rp2_common/pico_stdio/stdio.c.obj
 *fill*         0x10003ede        0x2 
 .text.stdio_out_chars_crlf
                0x10003ee0       0x80 CMakeFiles/reciever.dir/Users/andyvotava/Documents/pico-sdk/src/rp2_common/pico_stdio/stdio.c.obj
 .text.stdio_stack_buffer_flush
                0x10003f60       0x44 CMakeFiles/reciever.dir/Users/andyvotava/Documents/pico-sdk/src/rp2_common/pico_stdio/stdio.c.obj
 .text.stdio_buffered_printer
                0x10003fa4       0x20 CMakeFiles/reciever.dir/Users/andyvotava/Documents/pico-sdk/src/rp2_common/pico_stdio/stdio.c.obj
 .text.update_us_since_boot
                0x10003fc4       0x24 CMakeFiles/reciever.dir/Users/andyvotava/Documents/pico-sdk/src/rp2_common/pico_stdio/stdio.c.obj
 .text.get_absolute_time
                0x10003fe8       0x22 CMakeFiles/reciever.dir/Users/andyvotava/Documents/pico-sdk/src/rp2_common/pico_stdio/stdio.c.obj
 *fill*         0x1000400a        0x2 
 .text.delayed_by_ms
                0x1000400c       0x44 CMakeFiles/reciever.dir/Users/andyvotava/Documents/pico-sdk/src/rp2_common/pico_stdio/stdio.c.obj
 .text.make_timeout_time_ms
                0x10004050       0x20 CMakeFiles/reciever.dir/Users/andyvotava/Documents/pico-sdk/src/rp2_common/pico_stdio/stdio.c.obj
 .text.stdout_serialize_begin
                0x10004070       0x20 CMakeFiles/reciever.dir/Users/andyvotava/Documents/pico-sdk/src/rp2_common/pico_stdio/stdio.c.obj
                0x10004070                stdout_serialize_begin
 .text.stdout_serialize_end
                0x10004090       0x10 CMakeFiles/reciever.dir/Users/andyvotava/Documents/pico-sdk/src/rp2_common/pico_stdio/stdio.c.obj
                0x10004090                stdout_serialize_end
 .text.stdio_put_string
                0x100040a0       0x98 CMakeFiles/reciever.dir/Users/andyvotava/Documents/pico-sdk/src/rp2_common/pico_stdio/stdio.c.obj
 .text.stdio_flush
                0x10004138       0x20 CMakeFiles/reciever.dir/Users/andyvotava/Documents/pico-sdk/src/rp2_common/pico_stdio/stdio.c.obj
                0x10004138                stdio_flush
 .text.__wrap_puts
                0x10004158       0x1e CMakeFiles/reciever.dir/Users/andyvotava/Documents/pico-sdk/src/rp2_common/pico_stdio/stdio.c.obj
                0x10004158                __wrap_puts
 *fill*         0x10004176        0x2 
 .text.__wrap_vprintf
                0x10004178       0x40 CMakeFiles/reciever.dir/Users/andyvotava/Documents/pico-sdk/src/rp2_common/pico_stdio/stdio.c.obj
                0x10004178                __wrap_vprintf
 .text.__wrap_printf
                0x100041b8       0x18 CMakeFiles/reciever.dir/Users/andyvotava/Documents/pico-sdk/src/rp2_common/pico_stdio/stdio.c.obj
                0x100041b8                __wrap_printf
 .text._retrieve_unique_id_on_boot
                0x100041d0       0x10 CMakeFiles/reciever.dir/Users/andyvotava/Documents/pico-sdk/src/rp2_common/pico_unique_id/unique_id.c.obj
 .text.flash_get_unique_id
                0x100041e0       0x40 CMakeFiles/reciever.dir/Users/andyvotava/Documents/pico-sdk/src/rp2_common/hardware_flash/flash.c.obj
                0x100041e0                flash_get_unique_id
 .text._ZN4RF243csnEb
                0x10004220       0x14 CMakeFiles/reciever.dir/lib/RF24/RF24.cpp.obj
                0x10004220                RF24::csn(bool)
 .text._ZN4RF242ceEb
                0x10004234       0x14 CMakeFiles/reciever.dir/lib/RF24/RF24.cpp.obj
                0x10004234                RF24::ce(bool)
 .text._ZN4RF2416beginTransactionEv
                0x10004248       0x16 CMakeFiles/reciever.dir/lib/RF24/RF24.cpp.obj
                0x10004248                RF24::beginTransaction()
 .text._ZN4RF2414endTransactionEv
                0x1000425e       0x12 CMakeFiles/reciever.dir/lib/RF24/RF24.cpp.obj
                0x1000425e                RF24::endTransaction()
 .text._ZN4RF2413read_registerEh
                0x10004270       0x36 CMakeFiles/reciever.dir/lib/RF24/RF24.cpp.obj
                0x10004270                RF24::read_register(unsigned char)
 .text._ZN4RF2414write_registerEhPKhh
                0x100042a6       0x52 CMakeFiles/reciever.dir/lib/RF24/RF24.cpp.obj
                0x100042a6                RF24::write_register(unsigned char, unsigned char const*, unsigned char)
 .text._ZN4RF2414write_registerEhhb
                0x100042f8       0x56 CMakeFiles/reciever.dir/lib/RF24/RF24.cpp.obj
                0x100042f8                RF24::write_register(unsigned char, unsigned char, bool)
 .text._ZN4RF2412read_payloadEPvh
                0x1000434e       0xa0 CMakeFiles/reciever.dir/lib/RF24/RF24.cpp.obj
                0x1000434e                RF24::read_payload(void*, unsigned char)
 .text._ZN4RF248flush_rxEv
                0x100043ee       0x14 CMakeFiles/reciever.dir/lib/RF24/RF24.cpp.obj
                0x100043ee                RF24::flush_rx()
 .text._ZN4RF248flush_txEv
                0x10004402       0x14 CMakeFiles/reciever.dir/lib/RF24/RF24.cpp.obj
                0x10004402                RF24::flush_tx()
 .text._ZN4RF2410get_statusEv
                0x10004416       0x14 CMakeFiles/reciever.dir/lib/RF24/RF24.cpp.obj
                0x10004416                RF24::get_status()
 *fill*         0x1000442a        0x2 
 .text._ZN4RF249_init_objEv
                0x1000442c       0x1c CMakeFiles/reciever.dir/lib/RF24/RF24.cpp.obj
                0x1000442c                RF24::_init_obj()
 .text._ZN4RF24C2Ehhm
                0x10004448       0x30 CMakeFiles/reciever.dir/lib/RF24/RF24.cpp.obj
                0x10004448                RF24::RF24(unsigned char, unsigned char, unsigned long)
                0x10004448                RF24::RF24(unsigned char, unsigned char, unsigned long)
 .text._ZN4RF2410setChannelEh
                0x10004478       0x14 CMakeFiles/reciever.dir/lib/RF24/RF24.cpp.obj
                0x10004478                RF24::setChannel(unsigned char)
 .text._ZN4RF2414setPayloadSizeEh
                0x1000448c       0x3a CMakeFiles/reciever.dir/lib/RF24/RF24.cpp.obj
                0x1000448c                RF24::setPayloadSize(unsigned char)
 .text._ZN4RF247isValidEv
                0x100044c6       0x18 CMakeFiles/reciever.dir/lib/RF24/RF24.cpp.obj
                0x100044c6                RF24::isValid()
 .text._ZN4RF2410_init_pinsEv
                0x100044de       0x38 CMakeFiles/reciever.dir/lib/RF24/RF24.cpp.obj
                0x100044de                RF24::_init_pins()
 *fill*         0x10004516        0x2 
 .text._ZN4RF247powerUpEv
                0x10004518       0x2c CMakeFiles/reciever.dir/lib/RF24/RF24.cpp.obj
                0x10004518                RF24::powerUp()
 .text._ZN4RF249availableEPh
                0x10004544       0x30 CMakeFiles/reciever.dir/lib/RF24/RF24.cpp.obj
                0x10004544                RF24::available(unsigned char*)
 .text._ZN4RF249availableEv
                0x10004574       0x14 CMakeFiles/reciever.dir/lib/RF24/RF24.cpp.obj
                0x10004574                RF24::available()
 .text._ZN4RF244readEPvh
                0x10004588       0x16 CMakeFiles/reciever.dir/lib/RF24/RF24.cpp.obj
                0x10004588                RF24::read(void*, unsigned char)
 .text._ZN4RF2415setAddressWidthEh
                0x1000459e       0x34 CMakeFiles/reciever.dir/lib/RF24/RF24.cpp.obj
                0x1000459e                RF24::setAddressWidth(unsigned char)
 *fill*         0x100045d2        0x2 
 .text._ZN4RF2415openReadingPipeEhPKh
                0x100045d4       0x70 CMakeFiles/reciever.dir/lib/RF24/RF24.cpp.obj
                0x100045d4                RF24::openReadingPipe(unsigned char, unsigned char const*)
 .text._ZN4RF2416closeReadingPipeEh
                0x10004644       0x38 CMakeFiles/reciever.dir/lib/RF24/RF24.cpp.obj
                0x10004644                RF24::closeReadingPipe(unsigned char)
 .text._ZN4RF2414startListeningEv
                0x1000467c       0x56 CMakeFiles/reciever.dir/lib/RF24/RF24.cpp.obj
                0x1000467c                RF24::startListening()
 .text._ZN4RF2415toggle_featuresEv
                0x100046d2       0x24 CMakeFiles/reciever.dir/lib/RF24/RF24.cpp.obj
                0x100046d2                RF24::toggle_features()
 .text._ZN4RF2417disableAckPayloadEv
                0x100046f6       0x2c CMakeFiles/reciever.dir/lib/RF24/RF24.cpp.obj
                0x100046f6                RF24::disableAckPayload()
 .text._ZN4RF2410setAutoAckEb
                0x10004722       0x2e CMakeFiles/reciever.dir/lib/RF24/RF24.cpp.obj
                0x10004722                RF24::setAutoAck(bool)
 .text._ZN4RF2410setPALevelEhb
                0x10004750       0x32 CMakeFiles/reciever.dir/lib/RF24/RF24.cpp.obj
                0x10004750                RF24::setPALevel(unsigned char, bool)
 .text._ZN4RF2411setDataRateE15rf24_datarate_e
                0x10004782       0x56 CMakeFiles/reciever.dir/lib/RF24/RF24.cpp.obj
                0x10004782                RF24::setDataRate(rf24_datarate_e)
 .text._ZN4RF2410setRetriesEhh
                0x100047d8       0x26 CMakeFiles/reciever.dir/lib/RF24/RF24.cpp.obj
                0x100047d8                RF24::setRetries(unsigned char, unsigned char)
 .text._ZN4RF2411_init_radioEv
                0x100047fe       0xe4 CMakeFiles/reciever.dir/lib/RF24/RF24.cpp.obj
                0x100047fe                RF24::_init_radio()
 *fill*         0x100048e2        0x2 
 .text._ZN4RF245beginEv
                0x100048e4       0x34 CMakeFiles/reciever.dir/lib/RF24/RF24.cpp.obj
                0x100048e4                RF24::begin()
 .text._ZN4GPIO4openEii
                0x10004918       0x22 CMakeFiles/reciever.dir/lib/RF24/utility/rp2/gpio.cpp.obj
                0x10004918                GPIO::open(int, int)
 .text._ZN4GPIO5writeEii
                0x1000493a       0x18 CMakeFiles/reciever.dir/lib/RF24/utility/rp2/gpio.cpp.obj
                0x1000493a                GPIO::write(int, int)
 *fill*         0x10004952        0x2 
 .text._ZN3SPID2Ev
                0x10004954        0xc CMakeFiles/reciever.dir/lib/RF24/utility/rp2/spi.cpp.obj
                0x10004954                SPI::~SPI()
                0x10004954                SPI::~SPI()
 .text._ZN3SPID0Ev
                0x10004960       0x14 CMakeFiles/reciever.dir/lib/RF24/utility/rp2/spi.cpp.obj
                0x10004960                SPI::~SPI()
 .text._ZN3SPIC2Ev
                0x10004974        0xc CMakeFiles/reciever.dir/lib/RF24/utility/rp2/spi.cpp.obj
                0x10004974                SPI::SPI()
                0x10004974                SPI::SPI()
 .text._ZN3SPI5beginEP8spi_insthhh
                0x10004980       0x24 CMakeFiles/reciever.dir/lib/RF24/utility/rp2/spi.cpp.obj
                0x10004980                SPI::begin(spi_inst*, unsigned char, unsigned char, unsigned char)
 .text._ZN3SPI5beginEP8spi_inst
                0x100049a4       0x14 CMakeFiles/reciever.dir/lib/RF24/utility/rp2/spi.cpp.obj
                0x100049a4                SPI::begin(spi_inst*)
 .text._ZN3SPI8transferEh
                0x100049b8       0x24 CMakeFiles/reciever.dir/lib/RF24/utility/rp2/spi.cpp.obj
                0x100049b8                SPI::transfer(unsigned char)
 .text._ZN3SPI10transfernbEPKhPhm
                0x100049dc        0xa CMakeFiles/reciever.dir/lib/RF24/utility/rp2/spi.cpp.obj
                0x100049dc                SPI::transfernb(unsigned char const*, unsigned char*, unsigned long)
 .text._ZN3SPI16beginTransactionEm
                0x100049e6       0x38 CMakeFiles/reciever.dir/lib/RF24/utility/rp2/spi.cpp.obj
                0x100049e6                SPI::beginTransaction(unsigned long)
 .text._ZN3SPI14endTransactionEv
                0x10004a1e        0xa CMakeFiles/reciever.dir/lib/RF24/utility/rp2/spi.cpp.obj
                0x10004a1e                SPI::endTransaction()
 .text.spi_deinit
                0x10004a28       0x34 CMakeFiles/reciever.dir/Users/andyvotava/Documents/pico-sdk/src/rp2_common/hardware_spi/spi.c.obj
                0x10004a28                spi_deinit
 .text.spi_set_baudrate
                0x10004a5c       0xc2 CMakeFiles/reciever.dir/Users/andyvotava/Documents/pico-sdk/src/rp2_common/hardware_spi/spi.c.obj
                0x10004a5c                spi_set_baudrate
 *fill*         0x10004b1e        0x2 
 .text.spi_init
                0x10004b20       0x74 CMakeFiles/reciever.dir/Users/andyvotava/Documents/pico-sdk/src/rp2_common/hardware_spi/spi.c.obj
                0x10004b20                spi_init
 .text.pio_get_default_sm_config
                0x10004b94       0x28 CMakeFiles/reciever.dir/Users/andyvotava/Documents/pico-sdk/src/rp2_common/hardware_pio/pio.c.obj
 .text._pio_can_add_program_at_offset
                0x10004bbc       0x3c CMakeFiles/reciever.dir/Users/andyvotava/Documents/pico-sdk/src/rp2_common/hardware_pio/pio.c.obj
 .text._pio_find_offset_for_program
                0x10004bf8       0x7c CMakeFiles/reciever.dir/Users/andyvotava/Documents/pico-sdk/src/rp2_common/hardware_pio/pio.c.obj
 .text._pio_add_program_at_offset
                0x10004c74       0x7c CMakeFiles/reciever.dir/Users/andyvotava/Documents/pico-sdk/src/rp2_common/hardware_pio/pio.c.obj
 .text.pio_claim_unused_sm
                0x10004cf0       0x3c CMakeFiles/reciever.dir/Users/andyvotava/Documents/pico-sdk/src/rp2_common/hardware_pio/pio.c.obj
                0x10004cf0                pio_claim_unused_sm
 .text.pio_add_program
                0x10004d2c       0x38 CMakeFiles/reciever.dir/Users/andyvotava/Documents/pico-sdk/src/rp2_common/hardware_pio/pio.c.obj
                0x10004d2c                pio_add_program
 .text.pio_sm_init
                0x10004d64       0xb0 CMakeFiles/reciever.dir/Users/andyvotava/Documents/pico-sdk/src/rp2_common/hardware_pio/pio.c.obj
                0x10004d64                pio_sm_init
 .text._ZN9gcconsole7outmodeEv
                0x10004e14       0x46 lib/gcclib/libgcclib.a(gcconsole.cpp.obj)
                0x10004e14                gcconsole::outmode()
 *fill*         0x10004e5a        0x2 
 .text._ZN9gcconsoleC2Eh
                0x10004e5c      0x110 lib/gcclib/libgcclib.a(gcconsole.cpp.obj)
                0x10004e5c                gcconsole::gcconsole(unsigned char)
                0x10004e5c                gcconsole::gcconsole(unsigned char)
 .text._ZN9gcconsole10write_dataE8GCreportS0_
                0x10004f6c      0x250 lib/gcclib/libgcclib.a(gcconsole.cpp.obj)
                0x10004f6c                gcconsole::write_data(GCreport, GCreport)
 .text._Z6to_piot
                0x100051bc       0x24 lib/gcclib/libgcclib.a(GCreport.cpp.obj)
                0x100051bc                to_pio(unsigned short)
 .text.malloc   0x100051e0       0x14 /Applications/ArmGNUToolchain/13.3.rel1/arm-none-eabi/bin/../lib/gcc/arm-none-eabi/13.3.1/../../../../arm-none-eabi/lib/thumb/v6-m/nofp/libg.a(libc_a-malloc.o)
                0x100051e0                malloc
 .text.free     0x100051f4       0x14 /Applications/ArmGNUToolchain/13.3.rel1/arm-none-eabi/bin/../lib/gcc/arm-none-eabi/13.3.1/../../../../arm-none-eabi/lib/thumb/v6-m/nofp/libg.a(libc_a-malloc.o)
                0x100051f4                free
 .text._malloc_r
                0x10005208      0x5c4 /Applications/ArmGNUToolchain/13.3.rel1/arm-none-eabi/bin/../lib/gcc/arm-none-eabi/13.3.1/../../../../arm-none-eabi/lib/thumb/v6-m/nofp/libg.a(libc_a-mallocr.o)
                0x10005208                _malloc_r
 .text.__malloc_lock
                0x100057cc       0x10 /Applications/ArmGNUToolchain/13.3.rel1/arm-none-eabi/bin/../lib/gcc/arm-none-eabi/13.3.1/../../../../arm-none-eabi/lib/thumb/v6-m/nofp/libg.a(libc_a-mlock.o)
                0x100057cc                __malloc_lock
 .text.__malloc_unlock
                0x100057dc       0x10 /Applications/ArmGNUToolchain/13.3.rel1/arm-none-eabi/bin/../lib/gcc/arm-none-eabi/13.3.1/../../../../arm-none-eabi/lib/thumb/v6-m/nofp/libg.a(libc_a-mlock.o)
                0x100057dc                __malloc_unlock
 .text._sbrk_r  0x100057ec       0x24 /Applications/ArmGNUToolchain/13.3.rel1/arm-none-eabi/bin/../lib/gcc/arm-none-eabi/13.3.1/../../../../arm-none-eabi/lib/thumb/v6-m/nofp/libg.a(libc_a-sbrkr.o)
                0x100057ec                _sbrk_r
 .text.__errno  0x10005810        0xc /Applications/ArmGNUToolchain/13.3.rel1/arm-none-eabi/bin/../lib/gcc/arm-none-eabi/13.3.1/../../../../arm-none-eabi/lib/thumb/v6-m/nofp/libg.a(libc_a-errno.o)
                0x10005810                __errno
 .text.sysconf  0x1000581c       0x1c /Applications/ArmGNUToolchain/13.3.rel1/arm-none-eabi/bin/../lib/gcc/arm-none-eabi/13.3.1/../../../../arm-none-eabi/lib/thumb/v6-m/nofp/libg.a(libc_a-sysconf.o)
                0x1000581c                sysconf
 .text.__retarget_lock_acquire_recursive
                0x10005838        0x4 /Applications/ArmGNUToolchain/13.3.rel1/arm-none-eabi/bin/../lib/gcc/arm-none-eabi/13.3.1/../../../../arm-none-eabi/lib/thumb/v6-m/nofp/libg.a(libc_a-lock.o)
                0x10005838                __retarget_lock_acquire_recursive
 .text.__retarget_lock_release_recursive
                0x1000583c        0x4 /Applications/ArmGNUToolchain/13.3.rel1/arm-none-eabi/bin/../lib/gcc/arm-none-eabi/13.3.1/../../../../arm-none-eabi/lib/thumb/v6-m/nofp/libg.a(libc_a-lock.o)
                0x1000583c                __retarget_lock_release_recursive
 .text.strlen   0x10005840       0x5c /Applications/ArmGNUToolchain/13.3.rel1/arm-none-eabi/bin/../lib/gcc/arm-none-eabi/13.3.1/../../../../arm-none-eabi/lib/thumb/v6-m/nofp/libg.a(libc_a-strlen-stub.o)
                0x10005840                strlen
 .text._malloc_trim_r
                0x1000589c       0xb4 /Applications/ArmGNUToolchain/13.3.rel1/arm-none-eabi/bin/../lib/gcc/arm-none-eabi/13.3.1/../../../../arm-none-eabi/lib/thumb/v6-m/nofp/libg.a(libc_a-freer.o)
                0x1000589c                _malloc_trim_r
 .text._free_r  0x10005950      0x1d4 /Applications/ArmGNUToolchain/13.3.rel1/arm-none-eabi/bin/../lib/gcc/arm-none-eabi/13.3.1/../../../../arm-none-eabi/lib/thumb/v6-m/nofp/libg.a(libc_a-freer.o)
                0x10005950                _free_r
 *(.fini)
 .fini          0x10005b24        0x4 /Applications/ArmGNUToolchain/13.3.rel1/arm-none-eabi/bin/../lib/gcc/arm-none-eabi/13.3.1/thumb/v6-m/nofp/crti.o
                0x10005b24                _fini
 .fini.__stub   0x10005b28       0x60 linker stubs
 *crtbegin.o(.ctors)
 *crtbegin?.o(.ctors)
 *(EXCLUDE_FILE(*crtend.o *crtend?.o) .ctors)
 *(SORT_BY_NAME(.ctors.*))
 *(.ctors)
 *crtbegin.o(.dtors)
 *crtbegin?.o(.dtors)
 *(EXCLUDE_FILE(*crtend.o *crtend?.o) .dtors)
 *(SORT_BY_NAME(.dtors.*))
 *(.dtors)
 *(.eh_frame*)
 .eh_frame      0x10005b88        0x0 /Applications/ArmGNUToolchain/13.3.rel1/arm-none-eabi/bin/../lib/gcc/arm-none-eabi/13.3.1/thumb/v6-m/nofp/crtbegin.o
                0x10005b88                        . = ALIGN (0x4)

.glue_7         0x10005b88        0x0
 .glue_7        0x10005b88        0x0 linker stubs

.glue_7t        0x10005b88        0x0
 .glue_7t       0x10005b88        0x0 linker stubs

.vfp11_veneer   0x10005b88        0x0
 .vfp11_veneer  0x10005b88        0x0 linker stubs

.v4_bx          0x10005b88        0x0
 .v4_bx         0x10005b88        0x0 linker stubs

.iplt           0x10005b88        0x0
 .iplt          0x10005b88        0x0 /Applications/ArmGNUToolchain/13.3.rel1/arm-none-eabi/bin/../lib/gcc/arm-none-eabi/13.3.1/thumb/v6-m/nofp/crtbegin.o

.rodata         0x10005b88     0x10f4
 *(EXCLUDE_FILE(*libm.a: *libc.a:*lib_a-mem*.o *libgcc.a:) .rodata*)
 .rodata._ZL7address
                0x10005b88        0x6 CMakeFiles/reciever.dir/reciever.cpp.obj
 *fill*         0x10005b8e        0x2 
 .rodata._ZL16default_GCreport
                0x10005b90        0x8 CMakeFiles/reciever.dir/reciever.cpp.obj
 .rodata.resolve_branch.str1.4
                0x10005b98      0xbfc CMakeFiles/reciever.dir/Users/andyvotava/Documents/pico-sdk/src/rp2_common/hardware_irq/irq.c.obj
                                 0x5f (size before relaxing)
 .rodata.make_branch.str1.4
                0x10006794       0x30 CMakeFiles/reciever.dir/Users/andyvotava/Documents/pico-sdk/src/rp2_common/hardware_irq/irq.c.obj
 .rodata.insert_branch_and_link.str1.4
                0x10006794       0x10 CMakeFiles/reciever.dir/Users/andyvotava/Documents/pico-sdk/src/rp2_common/hardware_irq/irq.c.obj
 .rodata.irq_set_exclusive_handler.str1.4
                0x10006794       0x36 CMakeFiles/reciever.dir/Users/andyvotava/Documents/pico-sdk/src/rp2_common/hardware_irq/irq.c.obj
 .rodata.irq_remove_handler.str1.4
                0x10006794       0x3a CMakeFiles/reciever.dir/Users/andyvotava/Documents/pico-sdk/src/rp2_common/hardware_irq/irq.c.obj
 .rodata.irq_add_tail_to_free_list.str1.4
                0x10006794       0x3a CMakeFiles/reciever.dir/Users/andyvotava/Documents/pico-sdk/src/rp2_common/hardware_irq/irq.c.obj
 .rodata.__func__.0
                0x10006794       0x1a CMakeFiles/reciever.dir/Users/andyvotava/Documents/pico-sdk/src/rp2_common/hardware_irq/irq.c.obj
 *fill*         0x100067ae        0x2 
 .rodata.__func__.1
                0x100067b0       0x17 CMakeFiles/reciever.dir/Users/andyvotava/Documents/pico-sdk/src/rp2_common/hardware_irq/irq.c.obj
 *fill*         0x100067c7        0x1 
 .rodata.__func__.2
                0x100067c8       0x13 CMakeFiles/reciever.dir/Users/andyvotava/Documents/pico-sdk/src/rp2_common/hardware_irq/irq.c.obj
 *fill*         0x100067db        0x1 
 .rodata.__func__.3
                0x100067dc        0xc CMakeFiles/reciever.dir/Users/andyvotava/Documents/pico-sdk/src/rp2_common/hardware_irq/irq.c.obj
 .rodata.__func__.4
                0x100067e8        0xf CMakeFiles/reciever.dir/Users/andyvotava/Documents/pico-sdk/src/rp2_common/hardware_irq/irq.c.obj
 *fill*         0x100067f7        0x1 
 .rodata.__func__.6
                0x100067f8       0x1a CMakeFiles/reciever.dir/Users/andyvotava/Documents/pico-sdk/src/rp2_common/hardware_irq/irq.c.obj
 .rodata.str1.4
                0x10006812       0x95 CMakeFiles/reciever.dir/Users/andyvotava/Documents/pico-sdk/src/common/pico_sync/mutex.c.obj
 *fill*         0x10006812        0x2 
 .rodata.__func__.1
                0x10006814        0xb CMakeFiles/reciever.dir/Users/andyvotava/Documents/pico-sdk/src/common/pico_sync/mutex.c.obj
 *fill*         0x1000681f        0x1 
 .rodata.__func__.3
                0x10006820       0x18 CMakeFiles/reciever.dir/Users/andyvotava/Documents/pico-sdk/src/common/pico_sync/mutex.c.obj
 .rodata.get_entry.str1.4
                0x10006838       0x65 CMakeFiles/reciever.dir/Users/andyvotava/Documents/pico-sdk/src/common/pico_time/time.c.obj
 .rodata.update_us_since_boot.str1.4
                0x10006838       0x6b CMakeFiles/reciever.dir/Users/andyvotava/Documents/pico-sdk/src/common/pico_time/time.c.obj
 .rodata.ph_get_node.str1.4
                0x10006838       0x70 CMakeFiles/reciever.dir/Users/andyvotava/Documents/pico-sdk/src/common/pico_time/time.c.obj
 .rodata.ph_add_child_node.str1.4
                0x10006838       0x2e CMakeFiles/reciever.dir/Users/andyvotava/Documents/pico-sdk/src/common/pico_time/time.c.obj
 .rodata.ph_insert_node.str1.4
                0x10006838        0x3 CMakeFiles/reciever.dir/Users/andyvotava/Documents/pico-sdk/src/common/pico_time/time.c.obj
 .rodata.ph_free_node.str1.4
                0x10006838       0x38 CMakeFiles/reciever.dir/Users/andyvotava/Documents/pico-sdk/src/common/pico_time/time.c.obj
 .rodata.add_alarm_under_lock.str1.4
                0x10006838       0x28 CMakeFiles/reciever.dir/Users/andyvotava/Documents/pico-sdk/src/common/pico_time/time.c.obj
 .rodata.alarm_pool_alarm_callback.str1.4
                0x10006838       0x60 CMakeFiles/reciever.dir/Users/andyvotava/Documents/pico-sdk/src/common/pico_time/time.c.obj
 .rodata.alarm_pool_get_default.str1.4
                0x10006838       0x21 CMakeFiles/reciever.dir/Users/andyvotava/Documents/pico-sdk/src/common/pico_time/time.c.obj
 .rodata.alarm_pool_cancel_alarm.str1.4
                0x10006838       0x27 CMakeFiles/reciever.dir/Users/andyvotava/Documents/pico-sdk/src/common/pico_time/time.c.obj
 .rodata.sleep_until.str1.4
                0x10006838       0x4d CMakeFiles/reciever.dir/Users/andyvotava/Documents/pico-sdk/src/common/pico_time/time.c.obj
 .rodata.__func__.1
                0x10006838       0x18 CMakeFiles/reciever.dir/Users/andyvotava/Documents/pico-sdk/src/common/pico_time/time.c.obj
 .rodata.__func__.3
                0x10006850       0x17 CMakeFiles/reciever.dir/Users/andyvotava/Documents/pico-sdk/src/common/pico_time/time.c.obj
 *fill*         0x10006867        0x1 
 .rodata.__func__.4
                0x10006868       0x12 CMakeFiles/reciever.dir/Users/andyvotava/Documents/pico-sdk/src/common/pico_time/time.c.obj
 *fill*         0x1000687a        0x2 
 .rodata.__func__.5
                0x1000687c        0xd CMakeFiles/reciever.dir/Users/andyvotava/Documents/pico-sdk/src/common/pico_time/time.c.obj
 *fill*         0x10006889        0x3 
 .rodata.__func__.6
                0x1000688c       0x12 CMakeFiles/reciever.dir/Users/andyvotava/Documents/pico-sdk/src/common/pico_time/time.c.obj
 *fill*         0x1000689e        0x2 
 .rodata.__func__.7
                0x100068a0        0xf CMakeFiles/reciever.dir/Users/andyvotava/Documents/pico-sdk/src/common/pico_time/time.c.obj
 *fill*         0x100068af        0x1 
 .rodata.__func__.8
                0x100068b0        0xc CMakeFiles/reciever.dir/Users/andyvotava/Documents/pico-sdk/src/common/pico_time/time.c.obj
 .rodata.__func__.9
                0x100068bc       0x15 CMakeFiles/reciever.dir/Users/andyvotava/Documents/pico-sdk/src/common/pico_time/time.c.obj
 *fill*         0x100068d1        0x3 
 .rodata.__func__.10
                0x100068d4       0x15 CMakeFiles/reciever.dir/Users/andyvotava/Documents/pico-sdk/src/common/pico_time/time.c.obj
 *fill*         0x100068e9        0x3 
 .rodata.__func__.11
                0x100068ec       0x1a CMakeFiles/reciever.dir/Users/andyvotava/Documents/pico-sdk/src/common/pico_time/time.c.obj
 *fill*         0x10006906        0x2 
 .rodata.__func__.12
                0x10006908        0xa CMakeFiles/reciever.dir/Users/andyvotava/Documents/pico-sdk/src/common/pico_time/time.c.obj
 .rodata.hardware_alarm_claim.str1.4
                0x10006912       0x22 CMakeFiles/reciever.dir/Users/andyvotava/Documents/pico-sdk/src/rp2_common/hardware_timer/timer.c.obj
 .rodata.hardware_alarm_set_target.str1.4
                0x10006912       0x6f CMakeFiles/reciever.dir/Users/andyvotava/Documents/pico-sdk/src/rp2_common/hardware_timer/timer.c.obj
 *fill*         0x10006912        0x2 
 .rodata.__func__.0
                0x10006914       0x1a CMakeFiles/reciever.dir/Users/andyvotava/Documents/pico-sdk/src/rp2_common/hardware_timer/timer.c.obj
 .rodata.ph_get_node.str1.4
                0x1000692e       0x70 CMakeFiles/reciever.dir/Users/andyvotava/Documents/pico-sdk/src/common/pico_util/pheap.c.obj
 .rodata.ph_add_child_node.str1.4
                0x1000692e       0x2e CMakeFiles/reciever.dir/Users/andyvotava/Documents/pico-sdk/src/common/pico_util/pheap.c.obj
 .rodata.ph_remove_any_head.str1.4
                0x1000692e       0xac CMakeFiles/reciever.dir/Users/andyvotava/Documents/pico-sdk/src/common/pico_util/pheap.c.obj
 .rodata.ph_remove_and_free_node.str1.4
                0x1000692e       0x26 CMakeFiles/reciever.dir/Users/andyvotava/Documents/pico-sdk/src/common/pico_util/pheap.c.obj
 *fill*         0x1000692e        0x2 
 .rodata.__func__.0
                0x10006930       0x18 CMakeFiles/reciever.dir/Users/andyvotava/Documents/pico-sdk/src/common/pico_util/pheap.c.obj
 .rodata.__func__.1
                0x10006948       0x13 CMakeFiles/reciever.dir/Users/andyvotava/Documents/pico-sdk/src/common/pico_util/pheap.c.obj
 *fill*         0x1000695b        0x1 
 .rodata.__func__.2
                0x1000695c       0x12 CMakeFiles/reciever.dir/Users/andyvotava/Documents/pico-sdk/src/common/pico_util/pheap.c.obj
 *fill*         0x1000696e        0x2 
 .rodata.__func__.3
                0x10006970        0xc CMakeFiles/reciever.dir/Users/andyvotava/Documents/pico-sdk/src/common/pico_util/pheap.c.obj
 .rodata.clock_configure.str1.4
                0x1000697c       0x61 CMakeFiles/reciever.dir/Users/andyvotava/Documents/pico-sdk/src/rp2_common/hardware_clocks/clocks.c.obj
 .rodata.__func__.1
                0x1000697c       0x10 CMakeFiles/reciever.dir/Users/andyvotava/Documents/pico-sdk/src/rp2_common/hardware_clocks/clocks.c.obj
 .rodata.pll_init.str1.4
                0x1000698c      0x12c CMakeFiles/reciever.dir/Users/andyvotava/Documents/pico-sdk/src/rp2_common/hardware_pll/pll.c.obj
 .rodata.__func__.0
                0x1000698c        0x9 CMakeFiles/reciever.dir/Users/andyvotava/Documents/pico-sdk/src/rp2_common/hardware_pll/pll.c.obj
 .rodata.__assert_func.str1.4
                0x10006995       0x43 CMakeFiles/reciever.dir/Users/andyvotava/Documents/pico-sdk/src/rp2_common/pico_runtime/runtime.c.obj
 .rodata.runtime_init.str1.4
                0x10006995       0x6b CMakeFiles/reciever.dir/Users/andyvotava/Documents/pico-sdk/src/rp2_common/pico_runtime/runtime.c.obj
 .rodata.panic.str1.4
                0x10006995       0x12 CMakeFiles/reciever.dir/Users/andyvotava/Documents/pico-sdk/src/rp2_common/pico_runtime/runtime.c.obj
 *fill*         0x10006995        0x3 
 .rodata.__func__.2
                0x10006998        0xd CMakeFiles/reciever.dir/Users/andyvotava/Documents/pico-sdk/src/rp2_common/pico_runtime/runtime.c.obj
 .rodata._ftoa.str1.4
                0x100069a5       0x15 CMakeFiles/reciever.dir/Users/andyvotava/Documents/pico-sdk/src/rp2_common/pico_printf/printf.c.obj
 *fill*         0x100069a5        0x3 
 .rodata._vsnprintf
                0x100069a8      0x19c CMakeFiles/reciever.dir/Users/andyvotava/Documents/pico-sdk/src/rp2_common/pico_printf/printf.c.obj
 *fill*         0x10006b44        0x4 
 .rodata.pow10.0
                0x10006b48       0x50 CMakeFiles/reciever.dir/Users/andyvotava/Documents/pico-sdk/src/rp2_common/pico_printf/printf.c.obj
 .rodata.__aeabi_double_init.str1.4
                0x10006b98       0xa6 CMakeFiles/reciever.dir/Users/andyvotava/Documents/pico-sdk/src/rp2_common/pico_double/double_init_rom.c.obj
 .rodata.__func__.0
                0x10006b98       0x14 CMakeFiles/reciever.dir/Users/andyvotava/Documents/pico-sdk/src/rp2_common/pico_double/double_init_rom.c.obj
 .rodata.__aeabi_float_init.str1.4
                0x10006bac       0x88 CMakeFiles/reciever.dir/Users/andyvotava/Documents/pico-sdk/src/rp2_common/pico_float/float_init_rom.c.obj
 .rodata.__func__.0
                0x10006bac       0x13 CMakeFiles/reciever.dir/Users/andyvotava/Documents/pico-sdk/src/rp2_common/pico_float/float_init_rom.c.obj
 .rodata.check_alloc.str1.4
                0x10006bbf        0xe CMakeFiles/reciever.dir/Users/andyvotava/Documents/pico-sdk/src/rp2_common/pico_malloc/pico_malloc.c.obj
 .rodata.str1.4
                0x10006bbf       0x40 CMakeFiles/reciever.dir/Users/andyvotava/Documents/pico-sdk/src/rp2_common/pico_standard_link/binary_info.c.obj
 *fill*         0x10006bbf        0x1 
 .rodata.__bi_81
                0x10006bc0        0xc CMakeFiles/reciever.dir/Users/andyvotava/Documents/pico-sdk/src/rp2_common/pico_standard_link/binary_info.c.obj
 .rodata.__bi_75
                0x10006bcc        0xc CMakeFiles/reciever.dir/Users/andyvotava/Documents/pico-sdk/src/rp2_common/pico_standard_link/binary_info.c.obj
 .rodata.__bi_44
                0x10006bd8        0xc CMakeFiles/reciever.dir/Users/andyvotava/Documents/pico-sdk/src/rp2_common/pico_standard_link/binary_info.c.obj
 .rodata.update_us_since_boot.str1.4
                0x10006be4       0x6b CMakeFiles/reciever.dir/Users/andyvotava/Documents/pico-sdk/src/rp2_common/pico_stdio/stdio.c.obj
 .rodata.crlf_str.2
                0x10006be4        0x2 CMakeFiles/reciever.dir/Users/andyvotava/Documents/pico-sdk/src/rp2_common/pico_stdio/stdio.c.obj
 *fill*         0x10006be6        0x2 
 .rodata.__func__.3
                0x10006be8       0x15 CMakeFiles/reciever.dir/Users/andyvotava/Documents/pico-sdk/src/rp2_common/pico_stdio/stdio.c.obj
 .rodata.str1.4
                0x10006bfd      0x162 CMakeFiles/reciever.dir/Users/andyvotava/Documents/pico-sdk/src/rp2_common/hardware_flash/flash.c.obj
 *fill*         0x10006bfd        0x3 
 .rodata.__func__.0
                0x10006c00        0xd CMakeFiles/reciever.dir/Users/andyvotava/Documents/pico-sdk/src/rp2_common/hardware_flash/flash.c.obj
 *fill*         0x10006c0d        0x3 
 .rodata._ZL10child_pipe
                0x10006c10        0x6 CMakeFiles/reciever.dir/lib/RF24/RF24.cpp.obj
 *fill*         0x10006c16        0x2 
 .rodata._ZL17child_pipe_enable
                0x10006c18        0x6 CMakeFiles/reciever.dir/lib/RF24/RF24.cpp.obj
 *fill*         0x10006c1e        0x2 
 .rodata._ZTV3SPI
                0x10006c20       0x10 CMakeFiles/reciever.dir/lib/RF24/utility/rp2/spi.cpp.obj
                0x10006c20                vtable for SPI
 .rodata._pio_find_offset_for_program.str1.4
                0x10006c30       0x73 CMakeFiles/reciever.dir/Users/andyvotava/Documents/pico-sdk/src/rp2_common/hardware_pio/pio.c.obj
 .rodata._pio_add_program_at_offset.str1.4
                0x10006c30       0x11 CMakeFiles/reciever.dir/Users/andyvotava/Documents/pico-sdk/src/rp2_common/hardware_pio/pio.c.obj
 .rodata.pio_claim_unused_sm.str1.4
                0x10006c30       0x24 CMakeFiles/reciever.dir/Users/andyvotava/Documents/pico-sdk/src/rp2_common/hardware_pio/pio.c.obj
 .rodata.__func__.1
                0x10006c30       0x1d CMakeFiles/reciever.dir/Users/andyvotava/Documents/pico-sdk/src/rp2_common/hardware_pio/pio.c.obj
 *fill*         0x10006c4d        0x3 
 .rodata._ZL14joybus_program
                0x10006c50        0x6 lib/gcclib/libgcclib.a(gcconsole.cpp.obj)
 *fill*         0x10006c56        0x2 
 .rodata._ZL27joybus_program_instructions
                0x10006c58       0x22 lib/gcclib/libgcclib.a(gcconsole.cpp.obj)
                0x10006c7c                        . = ALIGN (0x4)
 *fill*         0x10006c7a        0x2 
 *(SORT_BY_ALIGNMENT(SORT_BY_NAME(.flashdata*)))
                0x10006c7c                        . = ALIGN (0x4)

.ARM.extab
 *(.ARM.extab* .gnu.linkonce.armextab.*)
                0x10006c7c                        __exidx_start = .

.ARM.exidx
 *(.ARM.exidx* .gnu.linkonce.armexidx.*)
                0x10006c7c                        __exidx_end = .
                0x10006c7c                        . = ALIGN (0x4)
                0x10006c7c                        __binary_info_start = .

.binary_info    0x10006c7c       0x1c
 *(.binary_info.keep.*)
 .binary_info.keep.__bi_ptr81
                0x10006c7c        0x4 CMakeFiles/reciever.dir/Users/andyvotava/Documents/pico-sdk/src/rp2_common/pico_standard_link/binary_info.c.obj
 .binary_info.keep.__bi_ptr75
                0x10006c80        0x4 CMakeFiles/reciever.dir/Users/andyvotava/Documents/pico-sdk/src/rp2_common/pico_standard_link/binary_info.c.obj
 .binary_info.keep.__bi_ptr50
                0x10006c84        0x4 CMakeFiles/reciever.dir/Users/andyvotava/Documents/pico-sdk/src/rp2_common/pico_standard_link/binary_info.c.obj
 .binary_info.keep.__bi_ptr44
                0x10006c88        0x4 CMakeFiles/reciever.dir/Users/andyvotava/Documents/pico-sdk/src/rp2_common/pico_standard_link/binary_info.c.obj
 .binary_info.keep.__bi_ptr38
                0x10006c8c        0x4 CMakeFiles/reciever.dir/Users/andyvotava/Documents/pico-sdk/src/rp2_common/pico_standard_link/binary_info.c.obj
 .binary_info.keep.__bi_ptr30
                0x10006c90        0x4 CMakeFiles/reciever.dir/Users/andyvotava/Documents/pico-sdk/src/rp2_common/pico_standard_link/binary_info.c.obj
 .binary_info.keep.__bi_ptr22
                0x10006c94        0x4 CMakeFiles/reciever.dir/Users/andyvotava/Documents/pico-sdk/src/rp2_common/pico_standard_link/binary_info.c.obj
 *(.binary_info.*)
                0x10006c98                        __binary_info_end = .

.rel.dyn        0x10006c98        0x0
 .rel.iplt      0x10006c98        0x0 /Applications/ArmGNUToolchain/13.3.rel1/arm-none-eabi/bin/../lib/gcc/arm-none-eabi/13.3.1/thumb/v6-m/nofp/crtbegin.o
                0x10006c98                        . = ALIGN (0x4)

.ram_vector_table
                0x20000000       0xc0
 *(.ram_vector_table)
 .ram_vector_table
                0x20000000       0xc0 CMakeFiles/reciever.dir/Users/andyvotava/Documents/pico-sdk/src/rp2_common/pico_runtime/runtime.c.obj
                0x20000000                ram_vector_table

.data           0x200000c0      0x90c load address 0x10006c98
                0x200000c0                        __data_start__ = .
 *(vtable)
 *(.time_critical*)
 .time_critical.mutex_try_enter
                0x200000c0       0x46 CMakeFiles/reciever.dir/Users/andyvotava/Documents/pico-sdk/src/common/pico_sync/mutex.c.obj
                0x200000c0                mutex_try_enter
 *fill*         0x20000106        0x2 
 .time_critical.mutex_enter_block_until
                0x20000108       0x8c CMakeFiles/reciever.dir/Users/andyvotava/Documents/pico-sdk/src/common/pico_sync/mutex.c.obj
                0x20000108                mutex_enter_block_until
 .time_critical.mutex_try_enter_block_until
                0x20000194       0x34 CMakeFiles/reciever.dir/Users/andyvotava/Documents/pico-sdk/src/common/pico_sync/mutex.c.obj
                0x20000194                mutex_try_enter_block_until
 .time_critical.mutex_exit
                0x200001c8       0x4c CMakeFiles/reciever.dir/Users/andyvotava/Documents/pico-sdk/src/common/pico_sync/mutex.c.obj
                0x200001c8                mutex_exit
 .time_critical.flash_init_boot2_copyout
                0x20000214       0x30 CMakeFiles/reciever.dir/Users/andyvotava/Documents/pico-sdk/src/rp2_common/hardware_flash/flash.c.obj
 .time_critical.flash_enable_xip_via_boot2
                0x20000244        0xc CMakeFiles/reciever.dir/Users/andyvotava/Documents/pico-sdk/src/rp2_common/hardware_flash/flash.c.obj
 .time_critical.flash_cs_force
                0x20000250       0x28 CMakeFiles/reciever.dir/Users/andyvotava/Documents/pico-sdk/src/rp2_common/hardware_flash/flash.c.obj
 .time_critical.flash_do_cmd
                0x20000278       0xd8 CMakeFiles/reciever.dir/Users/andyvotava/Documents/pico-sdk/src/rp2_common/hardware_flash/flash.c.obj
                0x20000278                flash_do_cmd
 .time_critical.spi_write_read_blocking
                0x20000350       0x42 CMakeFiles/reciever.dir/Users/andyvotava/Documents/pico-sdk/src/rp2_common/hardware_spi/spi.c.obj
                0x20000350                spi_write_read_blocking
 *(.text*)
 *fill*         0x20000392        0x2 
 .text          0x20000394        0x4 /Applications/ArmGNUToolchain/13.3.rel1/arm-none-eabi/bin/../lib/gcc/arm-none-eabi/13.3.1/thumb/v6-m/nofp/libgcc.a(_dvmd_tls.o)
                0x20000394                __aeabi_ldiv0
                0x20000394                __aeabi_idiv0
 .text.__stub   0x20000398       0x20 linker stubs
                0x200003b8                        . = ALIGN (0x4)
 *(.rodata*)
                0x200003b8                        . = ALIGN (0x4)
 *(.data*)
 .data.striped_spin_lock_num
                0x200003b8        0x1 CMakeFiles/reciever.dir/Users/andyvotava/Documents/pico-sdk/src/rp2_common/hardware_sync/sync.c.obj
 *fill*         0x200003b9        0x3 
 .data          0x200003bc       0x48 CMakeFiles/reciever.dir/Users/andyvotava/Documents/pico-sdk/src/rp2_common/hardware_irq/irq_handler_chain.S.obj
                0x200003bc                irq_handler_chain_slots
                0x200003ec                irq_handler_chain_first_slot
                0x200003f6                irq_handler_chain_remove_tail
 .data.default_alarm_pool
                0x20000404       0x18 CMakeFiles/reciever.dir/Users/andyvotava/Documents/pico-sdk/src/common/pico_time/time.c.obj
 .data.default_alarm_pool_heap
                0x2000041c       0x10 CMakeFiles/reciever.dir/Users/andyvotava/Documents/pico-sdk/src/common/pico_time/time.c.obj
 *fill*         0x2000042c        0x4 
 .data.aeabi_bits_funcs
                0x20000430       0x10 CMakeFiles/reciever.dir/Users/andyvotava/Documents/pico-sdk/src/rp2_common/pico_bit_ops/bit_ops_aeabi.S.obj
                0x20000430                aeabi_bits_funcs
                0x20000440                aeabi_bits_funcs_end
 .data.aeabi_mem_funcs
                0x20000440       0x10 CMakeFiles/reciever.dir/Users/andyvotava/Documents/pico-sdk/src/rp2_common/pico_mem_ops/mem_ops_aeabi.S.obj
                0x20000440                aeabi_mem_funcs
                0x20000450                aeabi_mem_funcs_end
 .data.__malloc_sbrk_base
                0x20000450        0x4 /Applications/ArmGNUToolchain/13.3.rel1/arm-none-eabi/bin/../lib/gcc/arm-none-eabi/13.3.1/../../../../arm-none-eabi/lib/thumb/v6-m/nofp/libg.a(libc_a-mallocr.o)
                0x20000450                __malloc_sbrk_base
 .data.__malloc_trim_threshold
                0x20000454        0x4 /Applications/ArmGNUToolchain/13.3.rel1/arm-none-eabi/bin/../lib/gcc/arm-none-eabi/13.3.1/../../../../arm-none-eabi/lib/thumb/v6-m/nofp/libg.a(libc_a-mallocr.o)
                0x20000454                __malloc_trim_threshold
 .data.__malloc_av_
                0x20000458      0x408 /Applications/ArmGNUToolchain/13.3.rel1/arm-none-eabi/bin/../lib/gcc/arm-none-eabi/13.3.1/../../../../arm-none-eabi/lib/thumb/v6-m/nofp/libg.a(libc_a-mallocr.o)
                0x20000458                __malloc_av_
 .data._impure_ptr
                0x20000860        0x4 /Applications/ArmGNUToolchain/13.3.rel1/arm-none-eabi/bin/../lib/gcc/arm-none-eabi/13.3.1/../../../../arm-none-eabi/lib/thumb/v6-m/nofp/libg.a(libc_a-impure.o)
                0x20000860                _impure_ptr
 *fill*         0x20000864        0x4 
 .data._impure_data
                0x20000868      0x140 /Applications/ArmGNUToolchain/13.3.rel1/arm-none-eabi/bin/../lib/gcc/arm-none-eabi/13.3.1/../../../../arm-none-eabi/lib/thumb/v6-m/nofp/libg.a(libc_a-impure.o)
                0x20000868                _impure_data
                0x200009a8                        . = ALIGN (0x4)
 *(.after_data.*)
                0x200009a8                        . = ALIGN (0x4)
                0x200009a8                        PROVIDE (__mutex_array_start = .)
 *(SORT_BY_NAME(.mutex_array.*))
 *(.mutex_array)
 .mutex_array   0x200009a8        0x8 CMakeFiles/reciever.dir/Users/andyvotava/Documents/pico-sdk/src/rp2_common/pico_stdio/stdio.c.obj
                0x200009b0                        PROVIDE (__mutex_array_end = .)
                0x200009b0                        . = ALIGN (0x4)
                0x200009b0                        PROVIDE (__preinit_array_start = .)
 *(SORT_BY_NAME(.preinit_array.*))
 .preinit_array.00001
                0x200009b0        0x4 CMakeFiles/reciever.dir/Users/andyvotava/Documents/pico-sdk/src/rp2_common/pico_mem_ops/mem_ops_aeabi.S.obj
 .preinit_array.00010
                0x200009b4        0x4 CMakeFiles/reciever.dir/Users/andyvotava/Documents/pico-sdk/src/rp2_common/pico_bit_ops/bit_ops_aeabi.S.obj
 .preinit_array.00020
                0x200009b8        0x4 CMakeFiles/reciever.dir/Users/andyvotava/Documents/pico-sdk/src/rp2_common/pico_double/double_aeabi.S.obj
 .preinit_array.00020
                0x200009bc        0x4 CMakeFiles/reciever.dir/Users/andyvotava/Documents/pico-sdk/src/rp2_common/pico_float/float_aeabi.S.obj
 *(.preinit_array)
                0x200009c0                        PROVIDE (__preinit_array_end = .)
                0x200009c0                        . = ALIGN (0x4)
                0x200009c0                        PROVIDE (__init_array_start = .)
 *(SORT_BY_NAME(.init_array.*))
 *(.init_array)
 .init_array    0x200009c0        0x4 /Applications/ArmGNUToolchain/13.3.rel1/arm-none-eabi/bin/../lib/gcc/arm-none-eabi/13.3.1/thumb/v6-m/nofp/crtbegin.o
 .init_array    0x200009c4        0x4 CMakeFiles/reciever.dir/reciever.cpp.obj
 .init_array    0x200009c8        0x4 CMakeFiles/reciever.dir/Users/andyvotava/Documents/pico-sdk/src/rp2_common/pico_unique_id/unique_id.c.obj
                0x200009cc                        PROVIDE (__init_array_end = .)
                0x200009cc                        . = ALIGN (0x4)
                [!provide]                        PROVIDE (__fini_array_start = .)
 *(SORT_BY_NAME(.fini_array.*))
 *(.fini_array)
                [!provide]                        PROVIDE (__fini_array_end = .)
 *(.jcr)
                0x200009cc                        . = ALIGN (0x4)
                0x200009cc                        __data_end__ = .
                0x10006c98                        __etext = LOADADDR (.data)

.tm_clone_table
                0x200009cc        0x0 load address 0x100075a4
 .tm_clone_table
                0x200009cc        0x0 /Applications/ArmGNUToolchain/13.3.rel1/arm-none-eabi/bin/../lib/gcc/arm-none-eabi/13.3.1/thumb/v6-m/nofp/crtbegin.o
 .tm_clone_table
                0x200009cc        0x0 /Applications/ArmGNUToolchain/13.3.rel1/arm-none-eabi/bin/../lib/gcc/arm-none-eabi/13.3.1/thumb/v6-m/nofp/crtend.o

.igot.plt       0x200009cc        0x0 load address 0x100075a4
 .igot.plt      0x200009cc        0x0 /Applications/ArmGNUToolchain/13.3.rel1/arm-none-eabi/bin/../lib/gcc/arm-none-eabi/13.3.1/thumb/v6-m/nofp/crtbegin.o

.uninitialized_data
                0x200009cc        0x0 load address 0x100075a4
                0x200009cc                        . = ALIGN (0x4)
 *(.uninitialized_data*)

.scratch_x      0x20040000        0x0 load address 0x100075a4
                0x20040000                        __scratch_x_start__ = .
 *(.scratch_x.*)
                0x20040000                        . = ALIGN (0x4)
                0x20040000                        __scratch_x_end__ = .
                0x100075a4                        __scratch_x_source__ = LOADADDR (.scratch_x)

.scratch_y      0x20041000        0x0 load address 0x100075a4
                0x20041000                        __scratch_y_start__ = .
 *(.scratch_y.*)
                0x20041000                        . = ALIGN (0x4)
                0x20041000                        __scratch_y_end__ = .
                0x100075a4                        __scratch_y_source__ = LOADADDR (.scratch_y)

.bss            0x200009d0      0x6d8
                0x200009d0                        . = ALIGN (0x4)
                0x200009d0                        __bss_start__ = .
 *(SORT_BY_ALIGNMENT(SORT_BY_NAME(.bss*)))
 .bss.default_alarm_pool_entries
                0x200009d0      0x100 CMakeFiles/reciever.dir/Users/andyvotava/Documents/pico-sdk/src/common/pico_time/time.c.obj
 .bss.__lock___malloc_recursive_mutex
                0x20000ad0        0x1 /Applications/ArmGNUToolchain/13.3.rel1/arm-none-eabi/bin/../lib/gcc/arm-none-eabi/13.3.1/../../../../arm-none-eabi/lib/thumb/v6-m/nofp/libg.a(libc_a-lock.o)
                0x20000ad0                __lock___malloc_recursive_mutex
 *fill*         0x20000ad1        0x3 
 .bss.__malloc_current_mallinfo
                0x20000ad4       0x28 /Applications/ArmGNUToolchain/13.3.rel1/arm-none-eabi/bin/../lib/gcc/arm-none-eabi/13.3.1/../../../../arm-none-eabi/lib/thumb/v6-m/nofp/libg.a(libc_a-mallocr.o)
                0x20000ad4                __malloc_current_mallinfo
 .bss.__malloc_max_sbrked_mem
                0x20000afc        0x4 /Applications/ArmGNUToolchain/13.3.rel1/arm-none-eabi/bin/../lib/gcc/arm-none-eabi/13.3.1/../../../../arm-none-eabi/lib/thumb/v6-m/nofp/libg.a(libc_a-mallocr.o)
                0x20000afc                __malloc_max_sbrked_mem
 .bss.__malloc_max_total_mem
                0x20000b00        0x4 /Applications/ArmGNUToolchain/13.3.rel1/arm-none-eabi/bin/../lib/gcc/arm-none-eabi/13.3.1/../../../../arm-none-eabi/lib/thumb/v6-m/nofp/libg.a(libc_a-mallocr.o)
                0x20000b00                __malloc_max_total_mem
 .bss.__malloc_top_pad
                0x20000b04        0x4 /Applications/ArmGNUToolchain/13.3.rel1/arm-none-eabi/bin/../lib/gcc/arm-none-eabi/13.3.1/../../../../arm-none-eabi/lib/thumb/v6-m/nofp/libg.a(libc_a-mallocr.o)
                0x20000b04                __malloc_top_pad
 .bss.__sf      0x20000b08      0x138 /Applications/ArmGNUToolchain/13.3.rel1/arm-none-eabi/bin/../lib/gcc/arm-none-eabi/13.3.1/../../../../arm-none-eabi/lib/thumb/v6-m/nofp/libg.a(libc_a-findfp.o)
                0x20000b08                __sf
 .bss._used_instruction_space
                0x20000c40        0x8 CMakeFiles/reciever.dir/Users/andyvotava/Documents/pico-sdk/src/rp2_common/hardware_pio/pio.c.obj
 .bss.alarm_callbacks
                0x20000c48       0x10 CMakeFiles/reciever.dir/Users/andyvotava/Documents/pico-sdk/src/rp2_common/hardware_timer/timer.c.obj
 .bss.boot2_copyout
                0x20000c58      0x100 CMakeFiles/reciever.dir/Users/andyvotava/Documents/pico-sdk/src/rp2_common/hardware_flash/flash.c.obj
 .bss.configured_freq
                0x20000d58       0x28 CMakeFiles/reciever.dir/Users/andyvotava/Documents/pico-sdk/src/rp2_common/hardware_clocks/clocks.c.obj
 .bss.console   0x20000d80       0x1c CMakeFiles/reciever.dir/reciever.cpp.obj
                0x20000d80                console
 .bss.default_alarm_pool_entry_ids_high
                0x20000d9c       0x10 CMakeFiles/reciever.dir/Users/andyvotava/Documents/pico-sdk/src/common/pico_time/time.c.obj
 .bss.default_alarm_pool_heap_nodes
                0x20000dac       0x30 CMakeFiles/reciever.dir/Users/andyvotava/Documents/pico-sdk/src/common/pico_time/time.c.obj
 .bss.drivers   0x20000ddc        0x4 CMakeFiles/reciever.dir/Users/andyvotava/Documents/pico-sdk/src/rp2_common/pico_stdio/stdio.c.obj
 .bss.errno     0x20000de0        0x4 /Applications/ArmGNUToolchain/13.3.rel1/arm-none-eabi/bin/../lib/gcc/arm-none-eabi/13.3.1/../../../../arm-none-eabi/lib/thumb/v6-m/nofp/libg.a(libc_a-reent.o)
                0x20000de0                errno
 .bss.filter    0x20000de4        0x4 CMakeFiles/reciever.dir/Users/andyvotava/Documents/pico-sdk/src/rp2_common/pico_stdio/stdio.c.obj
 .bss.heap_end.1
                0x20000de8        0x4 CMakeFiles/reciever.dir/Users/andyvotava/Documents/pico-sdk/src/rp2_common/pico_runtime/runtime.c.obj
 .bss.object.0  0x20000dec       0x18 /Applications/ArmGNUToolchain/13.3.rel1/arm-none-eabi/bin/../lib/gcc/arm-none-eabi/13.3.1/thumb/v6-m/nofp/crtbegin.o
 .bss.pools     0x20000e04       0x10 CMakeFiles/reciever.dir/Users/andyvotava/Documents/pico-sdk/src/common/pico_time/time.c.obj
 .bss.reciever  0x20000e14       0x64 CMakeFiles/reciever.dir/reciever.cpp.obj
                0x20000e14                reciever
 .bss.report    0x20000e78        0x8 CMakeFiles/reciever.dir/reciever.cpp.obj
                0x20000e78                report
 .bss.retrieved_id
                0x20000e80        0x8 CMakeFiles/reciever.dir/Users/andyvotava/Documents/pico-sdk/src/rp2_common/pico_unique_id/unique_id.c.obj
 .bss.sd_table  0x20000e88      0x100 CMakeFiles/reciever.dir/Users/andyvotava/Documents/pico-sdk/src/rp2_common/pico_double/double_init_rom.c.obj
                0x20000e88                sd_table
 .bss.sf_clz_func
                0x20000f88        0x4 CMakeFiles/reciever.dir/Users/andyvotava/Documents/pico-sdk/src/rp2_common/pico_double/double_init_rom.c.obj
                0x20000f88                sf_clz_func
 .bss.sf_table  0x20000f8c      0x100 CMakeFiles/reciever.dir/Users/andyvotava/Documents/pico-sdk/src/rp2_common/pico_float/float_init_rom.c.obj
                0x20000f8c                sf_table
 .bss.sleep_notifier
                0x2000108c        0x4 CMakeFiles/reciever.dir/Users/andyvotava/Documents/pico-sdk/src/common/pico_time/time.c.obj
 .bss.target_hi
                0x20001090       0x10 CMakeFiles/reciever.dir/Users/andyvotava/Documents/pico-sdk/src/rp2_common/hardware_timer/timer.c.obj
 .bss.boot2_copyout_valid
                0x200010a0        0x1 CMakeFiles/reciever.dir/Users/andyvotava/Documents/pico-sdk/src/rp2_common/hardware_flash/flash.c.obj
 .bss.claimed   0x200010a1        0x1 CMakeFiles/reciever.dir/Users/andyvotava/Documents/pico-sdk/src/rp2_common/hardware_timer/timer.c.obj
 .bss.claimed   0x200010a2        0x1 CMakeFiles/reciever.dir/Users/andyvotava/Documents/pico-sdk/src/rp2_common/hardware_pio/pio.c.obj
 .bss.irq_hander_chain_free_slot_head
                0x200010a3        0x1 CMakeFiles/reciever.dir/Users/andyvotava/Documents/pico-sdk/src/rp2_common/hardware_irq/irq.c.obj
 .bss.timer_callbacks_pending
                0x200010a4        0x1 CMakeFiles/reciever.dir/Users/andyvotava/Documents/pico-sdk/src/rp2_common/hardware_timer/timer.c.obj
 *(COMMON)
                0x200010a8                        . = ALIGN (0x4)
 *fill*         0x200010a5        0x3 
                0x200010a8                        __bss_end__ = .

.heap           0x200010a8      0x800
                0x200010a8                        __end__ = .
                0x200010a8                        end = __end__
 *(.heap*)
 .heap          0x200010a8      0x800 CMakeFiles/reciever.dir/Users/andyvotava/Documents/pico-sdk/src/rp2_common/pico_standard_link/crt0.S.obj
                0x200018a8                        __HeapLimit = .

.stack1_dummy
 *(.stack1*)

.stack_dummy    0x20041000      0x800
 *(.stack*)
 .stack         0x20041000      0x800 CMakeFiles/reciever.dir/Users/andyvotava/Documents/pico-sdk/src/rp2_common/pico_standard_link/crt0.S.obj

.flash_end      0x100075a4        0x0
                0x100075a4                        PROVIDE (__flash_binary_end = .)
                0x20040000                        __StackLimit = (ORIGIN (RAM) + LENGTH (RAM))
                0x20041000                        __StackOneTop = (ORIGIN (SCRATCH_X) + LENGTH (SCRATCH_X))
                0x20042000                        __StackTop = (ORIGIN (SCRATCH_Y) + LENGTH (SCRATCH_Y))
                0x20041000                        __StackOneBottom = (__StackOneTop - SIZEOF (.stack1_dummy))
                0x20041800                        __StackBottom = (__StackTop - SIZEOF (.stack_dummy))
                0x20042000                        PROVIDE (__stack = __StackTop)
                0x00000001                        ASSERT ((__StackLimit >= __HeapLimit), region RAM overflowed)
                0x00000001                        ASSERT (((__binary_info_header_end - __logical_binary_start) <= 0x100), Binary info must be in first 256 bytes of the binary)
LOAD CMakeFiles/reciever.dir/reciever.cpp.obj
LOAD CMakeFiles/reciever.dir/Users/andyvotava/Documents/pico-sdk/src/rp2_common/pico_stdlib/stdlib.c.obj
LOAD CMakeFiles/reciever.dir/Users/andyvotava/Documents/pico-sdk/src/rp2_common/hardware_gpio/gpio.c.obj
LOAD CMakeFiles/reciever.dir/Users/andyvotava/Documents/pico-sdk/src/rp2_common/pico_platform/platform.c.obj
LOAD CMakeFiles/reciever.dir/Users/andyvotava/Documents/pico-sdk/src/rp2_common/hardware_claim/claim.c.obj
LOAD CMakeFiles/reciever.dir/Users/andyvotava/Documents/pico-sdk/src/rp2_common/hardware_sync/sync.c.obj
LOAD CMakeFiles/reciever.dir/Users/andyvotava/Documents/pico-sdk/src/rp2_common/hardware_irq/irq.c.obj
LOAD CMakeFiles/reciever.dir/Users/andyvotava/Documents/pico-sdk/src/rp2_common/hardware_irq/irq_handler_chain.S.obj
LOAD CMakeFiles/reciever.dir/Users/andyvotava/Documents/pico-sdk/src/common/pico_sync/sem.c.obj
LOAD CMakeFiles/reciever.dir/Users/andyvotava/Documents/pico-sdk/src/common/pico_sync/lock_core.c.obj
LOAD CMakeFiles/reciever.dir/Users/andyvotava/Documents/pico-sdk/src/common/pico_sync/mutex.c.obj
LOAD CMakeFiles/reciever.dir/Users/andyvotava/Documents/pico-sdk/src/common/pico_sync/critical_section.c.obj
LOAD CMakeFiles/reciever.dir/Users/andyvotava/Documents/pico-sdk/src/common/pico_time/time.c.obj
LOAD CMakeFiles/reciever.dir/Users/andyvotava/Documents/pico-sdk/src/common/pico_time/timeout_helper.c.obj
LOAD CMakeFiles/reciever.dir/Users/andyvotava/Documents/pico-sdk/src/rp2_common/hardware_timer/timer.c.obj
LOAD CMakeFiles/reciever.dir/Users/andyvotava/Documents/pico-sdk/src/common/pico_util/datetime.c.obj
LOAD CMakeFiles/reciever.dir/Users/andyvotava/Documents/pico-sdk/src/common/pico_util/pheap.c.obj
LOAD CMakeFiles/reciever.dir/Users/andyvotava/Documents/pico-sdk/src/common/pico_util/queue.c.obj
LOAD CMakeFiles/reciever.dir/Users/andyvotava/Documents/pico-sdk/src/rp2_common/hardware_uart/uart.c.obj
LOAD CMakeFiles/reciever.dir/Users/andyvotava/Documents/pico-sdk/src/rp2_common/hardware_clocks/clocks.c.obj
LOAD CMakeFiles/reciever.dir/Users/andyvotava/Documents/pico-sdk/src/rp2_common/hardware_pll/pll.c.obj
LOAD CMakeFiles/reciever.dir/Users/andyvotava/Documents/pico-sdk/src/rp2_common/hardware_vreg/vreg.c.obj
LOAD CMakeFiles/reciever.dir/Users/andyvotava/Documents/pico-sdk/src/rp2_common/hardware_watchdog/watchdog.c.obj
LOAD CMakeFiles/reciever.dir/Users/andyvotava/Documents/pico-sdk/src/rp2_common/hardware_xosc/xosc.c.obj
LOAD CMakeFiles/reciever.dir/Users/andyvotava/Documents/pico-sdk/src/rp2_common/hardware_divider/divider.S.obj
LOAD CMakeFiles/reciever.dir/Users/andyvotava/Documents/pico-sdk/src/rp2_common/pico_runtime/runtime.c.obj
LOAD CMakeFiles/reciever.dir/Users/andyvotava/Documents/pico-sdk/src/rp2_common/pico_printf/printf.c.obj
LOAD CMakeFiles/reciever.dir/Users/andyvotava/Documents/pico-sdk/src/rp2_common/pico_bit_ops/bit_ops_aeabi.S.obj
LOAD CMakeFiles/reciever.dir/Users/andyvotava/Documents/pico-sdk/src/rp2_common/pico_bootrom/bootrom.c.obj
LOAD CMakeFiles/reciever.dir/Users/andyvotava/Documents/pico-sdk/src/rp2_common/pico_divider/divider.S.obj
LOAD CMakeFiles/reciever.dir/Users/andyvotava/Documents/pico-sdk/src/rp2_common/pico_double/double_aeabi.S.obj
LOAD CMakeFiles/reciever.dir/Users/andyvotava/Documents/pico-sdk/src/rp2_common/pico_double/double_init_rom.c.obj
LOAD CMakeFiles/reciever.dir/Users/andyvotava/Documents/pico-sdk/src/rp2_common/pico_double/double_math.c.obj
LOAD CMakeFiles/reciever.dir/Users/andyvotava/Documents/pico-sdk/src/rp2_common/pico_double/double_v1_rom_shim.S.obj
LOAD CMakeFiles/reciever.dir/Users/andyvotava/Documents/pico-sdk/src/rp2_common/pico_int64_ops/pico_int64_ops_aeabi.S.obj
LOAD CMakeFiles/reciever.dir/Users/andyvotava/Documents/pico-sdk/src/rp2_common/pico_float/float_aeabi.S.obj
LOAD CMakeFiles/reciever.dir/Users/andyvotava/Documents/pico-sdk/src/rp2_common/pico_float/float_init_rom.c.obj
LOAD CMakeFiles/reciever.dir/Users/andyvotava/Documents/pico-sdk/src/rp2_common/pico_float/float_math.c.obj
LOAD CMakeFiles/reciever.dir/Users/andyvotava/Documents/pico-sdk/src/rp2_common/pico_float/float_v1_rom_shim.S.obj
LOAD CMakeFiles/reciever.dir/Users/andyvotava/Documents/pico-sdk/src/rp2_common/pico_malloc/pico_malloc.c.obj
LOAD CMakeFiles/reciever.dir/Users/andyvotava/Documents/pico-sdk/src/rp2_common/pico_mem_ops/mem_ops_aeabi.S.obj
LOAD CMakeFiles/reciever.dir/Users/andyvotava/Documents/pico-sdk/src/rp2_common/pico_standard_link/crt0.S.obj
LOAD CMakeFiles/reciever.dir/Users/andyvotava/Documents/pico-sdk/src/rp2_common/pico_standard_link/new_delete.cpp.obj
LOAD CMakeFiles/reciever.dir/Users/andyvotava/Documents/pico-sdk/src/rp2_common/pico_standard_link/binary_info.c.obj
LOAD CMakeFiles/reciever.dir/Users/andyvotava/Documents/pico-sdk/src/rp2_common/pico_stdio/stdio.c.obj
LOAD CMakeFiles/reciever.dir/Users/andyvotava/Documents/pico-sdk/src/rp2_common/pico_stdio_uart/stdio_uart.c.obj
LOAD CMakeFiles/reciever.dir/Users/andyvotava/Documents/pico-sdk/src/rp2_common/pico_stdio_usb/reset_interface.c.obj
LOAD CMakeFiles/reciever.dir/Users/andyvotava/Documents/pico-sdk/src/rp2_common/pico_stdio_usb/stdio_usb.c.obj
LOAD CMakeFiles/reciever.dir/Users/andyvotava/Documents/pico-sdk/src/rp2_common/pico_stdio_usb/stdio_usb_descriptors.c.obj
LOAD CMakeFiles/reciever.dir/Users/andyvotava/Documents/pico-sdk/src/rp2_common/pico_unique_id/unique_id.c.obj
LOAD CMakeFiles/reciever.dir/Users/andyvotava/Documents/pico-sdk/src/rp2_common/hardware_flash/flash.c.obj
LOAD CMakeFiles/reciever.dir/Users/andyvotava/Documents/pico-sdk/lib/tinyusb/src/portable/raspberrypi/rp2040/dcd_rp2040.c.obj
LOAD CMakeFiles/reciever.dir/Users/andyvotava/Documents/pico-sdk/lib/tinyusb/src/portable/raspberrypi/rp2040/rp2040_usb.c.obj
LOAD CMakeFiles/reciever.dir/Users/andyvotava/Documents/pico-sdk/lib/tinyusb/src/device/usbd.c.obj
LOAD CMakeFiles/reciever.dir/Users/andyvotava/Documents/pico-sdk/lib/tinyusb/src/device/usbd_control.c.obj
LOAD CMakeFiles/reciever.dir/Users/andyvotava/Documents/pico-sdk/lib/tinyusb/src/class/audio/audio_device.c.obj
LOAD CMakeFiles/reciever.dir/Users/andyvotava/Documents/pico-sdk/lib/tinyusb/src/class/cdc/cdc_device.c.obj
LOAD CMakeFiles/reciever.dir/Users/andyvotava/Documents/pico-sdk/lib/tinyusb/src/class/dfu/dfu_device.c.obj