Archive member included to satisfy reference by file (symbol)

lib/gcclib/libgcclib.a(gccontroller.cpp.obj)
                              CMakeFiles/trans.dir/trans.cpp.obj (GCcontroller::GCcontroller(unsigned char))
/Applications/ArmGNUToolchain/13.3.rel1/arm-none-eabi/bin/../lib/gcc/arm-none-eabi/13.3.1/thumb/v6-m/nofp/libgcc.a(_dvmd_tls.o)
                              CMakeFiles/trans.dir/Users/andyvotava/Documents/pico-sdk/src/rp2_common/pico_divider/divider.S.obj (__aeabi_idiv0)
/Applications/ArmGNUToolchain/13.3.rel1/arm-none-eabi/bin/../lib/gcc/arm-none-eabi/13.3.1/../../../../arm-none-eabi/lib/thumb/v6-m/nofp/libg.a(libc_a-calloc.o)
                              CMakeFiles/trans.dir/Users/andyvotava/Documents/pico-sdk/src/rp2_common/pico_malloc/pico_malloc.c.obj (calloc)
/Applications/ArmGNUToolchain/13.3.rel1/arm-none-eabi/bin/../lib/gcc/arm-none-eabi/13.3.1/../../../../arm-none-eabi/lib/thumb/v6-m/nofp/libg.a(libc_a-callocr.o)
                              /Applications/ArmGNUToolchain/13.3.rel1/arm-none-eabi/bin/../lib/gcc/arm-none-eabi/13.3.1/../../../../arm-none-eabi/lib/thumb/v6-m/nofp/libg.a(libc_a-calloc.o) (_calloc_r)
/Applications/ArmGNUToolchain/13.3.rel1/arm-none-eabi/bin/../lib/gcc/arm-none-eabi/13.3.1/../../../../arm-none-eabi/lib/thumb/v6-m/nofp/libg.a(libc_a-malloc.o)
                              CMakeFiles/trans.dir/Users/andyvotava/Documents/pico-sdk/src/rp2_common/pico_malloc/pico_malloc.c.obj (malloc)
/Applications/ArmGNUToolchain/13.3.rel1/arm-none-eabi/bin/../lib/gcc/arm-none-eabi/13.3.1/../../../../arm-none-eabi/lib/thumb/v6-m/nofp/libg.a(libc_a-mallocr.o)
                              /Applications/ArmGNUToolchain/13.3.rel1/arm-none-eabi/bin/../lib/gcc/arm-none-eabi/13.3.1/../../../../arm-none-eabi/lib/thumb/v6-m/nofp/libg.a(libc_a-callocr.o) (_malloc_r)
/Applications/ArmGNUToolchain/13.3.rel1/arm-none-eabi/bin/../lib/gcc/arm-none-eabi/13.3.1/../../../../arm-none-eabi/lib/thumb/v6-m/nofp/libg.a(libc_a-mlock.o)
                              /Applications/ArmGNUToolchain/13.3.rel1/arm-none-eabi/bin/../lib/gcc/arm-none-eabi/13.3.1/../../../../arm-none-eabi/lib/thumb/v6-m/nofp/libg.a(libc_a-mallocr.o) (__malloc_lock)
/Applications/ArmGNUToolchain/13.3.rel1/arm-none-eabi/bin/../lib/gcc/arm-none-eabi/13.3.1/../../../../arm-none-eabi/lib/thumb/v6-m/nofp/libg.a(libc_a-realloc.o)
                              CMakeFiles/trans.dir/Users/andyvotava/Documents/pico-sdk/src/rp2_common/pico_malloc/pico_malloc.c.obj (realloc)
/Applications/ArmGNUToolchain/13.3.rel1/arm-none-eabi/bin/../lib/gcc/arm-none-eabi/13.3.1/../../../../arm-none-eabi/lib/thumb/v6-m/nofp/libg.a(libc_a-reallocr.o)
                              /Applications/ArmGNUToolchain/13.3.rel1/arm-none-eabi/bin/../lib/gcc/arm-none-eabi/13.3.1/../../../../arm-none-eabi/lib/thumb/v6-m/nofp/libg.a(libc_a-realloc.o) (_realloc_r)
/Applications/ArmGNUToolchain/13.3.rel1/arm-none-eabi/bin/../lib/gcc/arm-none-eabi/13.3.1/../../../../arm-none-eabi/lib/thumb/v6-m/nofp/libg.a(libc_a-memmove.o)
                              /Applications/ArmGNUToolchain/13.3.rel1/arm-none-eabi/bin/../lib/gcc/arm-none-eabi/13.3.1/../../../../arm-none-eabi/lib/thumb/v6-m/nofp/libg.a(libc_a-reallocr.o) (memmove)
/Applications/ArmGNUToolchain/13.3.rel1/arm-none-eabi/bin/../lib/gcc/arm-none-eabi/13.3.1/../../../../arm-none-eabi/lib/thumb/v6-m/nofp/libg.a(libc_a-impure.o)
                              /Applications/ArmGNUToolchain/13.3.rel1/arm-none-eabi/bin/../lib/gcc/arm-none-eabi/13.3.1/../../../../arm-none-eabi/lib/thumb/v6-m/nofp/libg.a(libc_a-calloc.o) (_impure_ptr)
/Applications/ArmGNUToolchain/13.3.rel1/arm-none-eabi/bin/../lib/gcc/arm-none-eabi/13.3.1/../../../../arm-none-eabi/lib/thumb/v6-m/nofp/libg.a(libc_a-sbrkr.o)
                              /Applications/ArmGNUToolchain/13.3.rel1/arm-none-eabi/bin/../lib/gcc/arm-none-eabi/13.3.1/../../../../arm-none-eabi/lib/thumb/v6-m/nofp/libg.a(libc_a-mallocr.o) (_sbrk_r)
/Applications/ArmGNUToolchain/13.3.rel1/arm-none-eabi/bin/../lib/gcc/arm-none-eabi/13.3.1/../../../../arm-none-eabi/lib/thumb/v6-m/nofp/libg.a(libc_a-errno.o)
                              /Applications/ArmGNUToolchain/13.3.rel1/arm-none-eabi/bin/../lib/gcc/arm-none-eabi/13.3.1/../../../../arm-none-eabi/lib/thumb/v6-m/nofp/libg.a(libc_a-callocr.o) (__errno)
/Applications/ArmGNUToolchain/13.3.rel1/arm-none-eabi/bin/../lib/gcc/arm-none-eabi/13.3.1/../../../../arm-none-eabi/lib/thumb/v6-m/nofp/libg.a(libc_a-sysconf.o)
                              /Applications/ArmGNUToolchain/13.3.rel1/arm-none-eabi/bin/../lib/gcc/arm-none-eabi/13.3.1/../../../../arm-none-eabi/lib/thumb/v6-m/nofp/libg.a(libc_a-mallocr.o) (sysconf)
/Applications/ArmGNUToolchain/13.3.rel1/arm-none-eabi/bin/../lib/gcc/arm-none-eabi/13.3.1/../../../../arm-none-eabi/lib/thumb/v6-m/nofp/libg.a(libc_a-init.o)
[...]
Memory Configuration

Name             Origin             Length             Attributes
FLASH            0x10000000         0x00200000         xr
RAM              0x20000000         0x00040000         xrw
SCRATCH_X        0x20040000         0x00001000         xrw
SCRATCH_Y        0x20041000         0x00001000         xrw
*default*        0x00000000         0xffffffff

Linker script and memory map

LOAD /Applications/ArmGNUToolchain/13.3.rel1/arm-none-eabi/bin/../lib/gcc/arm-none-eabi/13.3.1/thumb/v6-m/nofp/crti.o
LOAD /Applications/ArmGNUToolchain/13.3.rel1/arm-none-eabi/bin/../lib/gcc/arm-none-eabi/13.3.1/thumb/v6-m/nofp/crtbegin.o
LOAD /Applications/ArmGNUToolchain/13.3.rel1/arm-none-eabi/bin/../lib/gcc/arm-none-eabi/13.3.1/../../../../arm-none-eabi/lib/thumb/v6-m/nofp/crt0.o

.flash_begin    0x10000000        0x0
                0x10000000                        __flash_binary_start = .

.boot2          0x10000000      0x100
                0x10000000                        __boot2_start__ = .
 *(.boot2)
 .boot2         0x10000000      0x100 /var/folders/py/lb60224s1n1dkc8hmj6_sj3m0000gn/T//ccqZAKcc.o
                0x10000100                        __boot2_end__ = .
                0x00000001                        ASSERT (((__boot2_end__ - __boot2_start__) == 0x100), ERROR: Pico second stage bootloader must be 256 bytes in size)

.text           0x10000100     0x59f8
                0x10000100                        __logical_binary_start = .
 *(.vectors)
 .vectors       0x10000100       0xd4 CMakeFiles/trans.dir/Users/andyvotava/Documents/pico-sdk/src/rp2_common/pico_standard_link/crt0.S.obj
                0x10000100                __VECTOR_TABLE
                0x10000100                __vectors
                0x100001c0                __default_isrs_start
                0x100001c0                isr_invalid
                0x100001c2                isr_nmi
                0x100001c4                isr_hardfault
                0x100001c6                isr_svcall
                0x100001c8                isr_pendsv
                0x100001ca                isr_systick
                0x100001cc                isr_irq28
                0x100001cc                isr_irq19
                0x100001cc                isr_irq0
                0x100001cc                isr_irq6
                0x100001cc                isr_irq22
                0x100001cc                isr_irq17
                0x100001cc                isr_irq14
                0x100001cc                isr_irq2
                0x100001cc                isr_irq10
                0x100001cc                isr_irq8
                0x100001cc                isr_irq24
                0x100001cc                isr_irq1
                0x100001cc                isr_irq7
                0x100001cc                isr_irq21
                0x100001cc                isr_irq20
                0x100001cc                isr_irq15
                0x100001cc                isr_irq25
                0x100001cc                isr_irq4
                0x100001cc                isr_irq16
                0x100001cc                isr_irq29
                0x100001cc                isr_irq26
                0x100001cc                __default_isrs_end
                0x100001cc                isr_irq3
                0x100001cc                isr_irq9
                0x100001cc                __unhandled_user_irq
                0x100001cc                isr_irq13
                0x100001cc                isr_irq27
                0x100001cc                isr_irq31
                0x100001cc                isr_irq5
                0x100001cc                isr_irq11
                0x100001cc                isr_irq23
                0x100001cc                isr_irq18
                0x100001cc                isr_irq30
                0x100001cc                isr_irq12
                0x100001d2                unhandled_user_irq_num_in_r0
 *(.binary_info_header)
 .binary_info_header
                0x100001d4       0x14 CMakeFiles/trans.dir/Users/andyvotava/Documents/pico-sdk/src/rp2_common/pico_standard_link/crt0.S.obj
                0x100001e8                        __binary_info_header_end = .
 *(.reset)
 .reset         0x100001e8       0xa0 CMakeFiles/trans.dir/Users/andyvotava/Documents/pico-sdk/src/rp2_common/pico_standard_link/crt0.S.obj
                0x100001e8                _entry_point
 .reset         0x10000288       0x30 CMakeFiles/trans.dir/Users/andyvotava/Documents/pico-sdk/src/rp2_common/pico_standard_link/binary_info.c.obj
 *(.init)
 .init          0x100002b8        0x4 /Applications/ArmGNUToolchain/13.3.rel1/arm-none-eabi/bin/../lib/gcc/arm-none-eabi/13.3.1/thumb/v6-m/nofp/crti.o
                0x100002b8                _init
 *(EXCLUDE_FILE(*libm.a: *libc.a:*lib_a-mem*.o *libgcc.a:) .text*)
 .text.register_tm_clones
                0x100002bc       0x28 /Applications/ArmGNUToolchain/13.3.rel1/arm-none-eabi/bin/../lib/gcc/arm-none-eabi/13.3.1/thumb/v6-m/nofp/crtbegin.o
 .text.frame_dummy
                0x100002e4       0x24 /Applications/ArmGNUToolchain/13.3.rel1/arm-none-eabi/bin/../lib/gcc/arm-none-eabi/13.3.1/thumb/v6-m/nofp/crtbegin.o
 .text._Z41__static_initialization_and_destruction_0v
                0x10000308       0x24 CMakeFiles/trans.dir/trans.cpp.obj
 .text.main     0x1000032c       0xa8 CMakeFiles/trans.dir/trans.cpp.obj
                0x1000032c                main
 .text._GLOBAL__sub_I_transmitter
                0x100003d4        0x8 CMakeFiles/trans.dir/trans.cpp.obj
 .text.gpio_set_function
                0x100003dc       0x30 CMakeFiles/trans.dir/Users/andyvotava/Documents/pico-sdk/src/rp2_common/hardware_gpio/gpio.c.obj
                0x100003dc                gpio_set_function
 .text.gpio_init
                0x1000040c       0x16 CMakeFiles/trans.dir/Users/andyvotava/Documents/pico-sdk/src/rp2_common/hardware_gpio/gpio.c.obj
                0x1000040c                gpio_init
 *fill*         0x10000422        0x2 
 .text.running_on_fpga
                0x10000424       0x14 CMakeFiles/trans.dir/Users/andyvotava/Documents/pico-sdk/src/rp2_common/pico_platform/platform.c.obj
                0x10000424                running_on_fpga
 .text.hw_claim_lock
                0x10000438       0x18 CMakeFiles/trans.dir/Users/andyvotava/Documents/pico-sdk/src/rp2_common/hardware_claim/claim.c.obj
                0x10000438                hw_claim_lock
 .text.hw_claim_unlock
                0x10000450       0x14 CMakeFiles/trans.dir/Users/andyvotava/Documents/pico-sdk/src/rp2_common/hardware_claim/claim.c.obj
                0x10000450                hw_claim_unlock
 .text.hw_claim_or_assert
                0x10000464       0x32 CMakeFiles/trans.dir/Users/andyvotava/Documents/pico-sdk/src/rp2_common/hardware_claim/claim.c.obj
                0x10000464                hw_claim_or_assert
 .text.hw_claim_unused_from_range
                0x10000496       0x50 CMakeFiles/trans.dir/Users/andyvotava/Documents/pico-sdk/src/rp2_common/hardware_claim/claim.c.obj
                0x10000496                hw_claim_unused_from_range
 *fill*         0x100004e6        0x2 
 .text.spin_locks_reset
                0x100004e8       0x20 CMakeFiles/trans.dir/Users/andyvotava/Documents/pico-sdk/src/rp2_common/hardware_sync/sync.c.obj
                0x100004e8                spin_locks_reset
 .text.next_striped_spin_lock_num
                0x10000508       0x1c CMakeFiles/trans.dir/Users/andyvotava/Documents/pico-sdk/src/rp2_common/hardware_sync/sync.c.obj
                0x10000508                next_striped_spin_lock_num
 .text.set_raw_irq_handler_and_unlock
                0x10000524       0x28 CMakeFiles/trans.dir/Users/andyvotava/Documents/pico-sdk/src/rp2_common/hardware_irq/irq.c.obj
 .text.resolve_branch
                0x1000054c       0x30 CMakeFiles/trans.dir/Users/andyvotava/Documents/pico-sdk/src/rp2_common/hardware_irq/irq.c.obj
 .text.make_branch
                0x1000057c       0x48 CMakeFiles/trans.dir/Users/andyvotava/Documents/pico-sdk/src/rp2_common/hardware_irq/irq.c.obj
 .text.insert_branch_and_link
                0x100005c4       0x40 CMakeFiles/trans.dir/Users/andyvotava/Documents/pico-sdk/src/rp2_common/hardware_irq/irq.c.obj
 .text.irq_is_enabled
                0x10000604       0x18 CMakeFiles/trans.dir/Users/andyvotava/Documents/pico-sdk/src/rp2_common/hardware_irq/irq.c.obj
                0x10000604                irq_is_enabled
 .text.irq_set_mask_enabled
                0x1000061c       0x20 CMakeFiles/trans.dir/Users/andyvotava/Documents/pico-sdk/src/rp2_common/hardware_irq/irq.c.obj
                0x1000061c                irq_set_mask_enabled
 .text.irq_set_enabled
                0x1000063c        0xe CMakeFiles/trans.dir/Users/andyvotava/Documents/pico-sdk/src/rp2_common/hardware_irq/irq.c.obj
                0x1000063c                irq_set_enabled
 *fill*         0x1000064a        0x2 
 .text.irq_get_vtable_handler
                0x1000064c       0x10 CMakeFiles/trans.dir/Users/andyvotava/Documents/pico-sdk/src/rp2_common/hardware_irq/irq.c.obj
                0x1000064c                irq_get_vtable_handler
 .text.irq_set_exclusive_handler
                0x1000065c       0x54 CMakeFiles/trans.dir/Users/andyvotava/Documents/pico-sdk/src/rp2_common/hardware_irq/irq.c.obj
                0x1000065c                irq_set_exclusive_handler
 .text.irq_remove_handler
                0x100006b0      0x188 CMakeFiles/trans.dir/Users/andyvotava/Documents/pico-sdk/src/rp2_common/hardware_irq/irq.c.obj
                0x100006b0                irq_remove_handler
 .text.irq_add_tail_to_free_list
                0x10000838       0xf0 CMakeFiles/trans.dir/Users/andyvotava/Documents/pico-sdk/src/rp2_common/hardware_irq/irq.c.obj
                0x10000838                irq_add_tail_to_free_list
 .text.irq_init_priorities
                0x10000928       0x1c CMakeFiles/trans.dir/Users/andyvotava/Documents/pico-sdk/src/rp2_common/hardware_irq/irq.c.obj
                0x10000928                irq_init_priorities
 .text.lock_init
                0x10000944       0x10 CMakeFiles/trans.dir/Users/andyvotava/Documents/pico-sdk/src/common/pico_sync/lock_core.c.obj
                0x10000944                lock_init
 .text.mutex_init
                0x10000954       0x1a CMakeFiles/trans.dir/Users/andyvotava/Documents/pico-sdk/src/common/pico_sync/mutex.c.obj
                0x10000954                mutex_init
 .text.recursive_mutex_init
                0x1000096e       0x1e CMakeFiles/trans.dir/Users/andyvotava/Documents/pico-sdk/src/common/pico_sync/mutex.c.obj
                0x1000096e                recursive_mutex_init
 .text.time_reached
                0x1000098c       0x28 CMakeFiles/trans.dir/Users/andyvotava/Documents/pico-sdk/src/common/pico_time/time.c.obj
 .text.get_entry
                0x100009b4       0x38 CMakeFiles/trans.dir/Users/andyvotava/Documents/pico-sdk/src/common/pico_time/time.c.obj
 .text.timer_pool_entry_comparator
                0x100009ec       0x2e CMakeFiles/trans.dir/Users/andyvotava/Documents/pico-sdk/src/common/pico_time/time.c.obj
                0x100009ec                timer_pool_entry_comparator
 *fill*         0x10000a1a        0x2 
 .text.update_us_since_boot
                0x10000a1c       0x24 CMakeFiles/trans.dir/Users/andyvotava/Documents/pico-sdk/src/common/pico_time/time.c.obj
 .text.delayed_by_us
                0x10000a40       0x34 CMakeFiles/trans.dir/Users/andyvotava/Documents/pico-sdk/src/common/pico_time/time.c.obj
 .text.ph_get_node
                0x10000a74       0x30 CMakeFiles/trans.dir/Users/andyvotava/Documents/pico-sdk/src/common/pico_time/time.c.obj
 .text.ph_contains_node
                0x10000aa4       0x1e CMakeFiles/trans.dir/Users/andyvotava/Documents/pico-sdk/src/common/pico_time/time.c.obj
 .text.ph_new_node
                0x10000ac2       0x28 CMakeFiles/trans.dir/Users/andyvotava/Documents/pico-sdk/src/common/pico_time/time.c.obj
 *fill*         0x10000aea        0x2 
 .text.ph_add_child_node
                0x10000aec       0x6c CMakeFiles/trans.dir/Users/andyvotava/Documents/pico-sdk/src/common/pico_time/time.c.obj
 .text.ph_merge_nodes
                0x10000b58       0x3e CMakeFiles/trans.dir/Users/andyvotava/Documents/pico-sdk/src/common/pico_time/time.c.obj
 *fill*         0x10000b96        0x2 
 .text.ph_insert_node
                0x10000b98       0x3c CMakeFiles/trans.dir/Users/andyvotava/Documents/pico-sdk/src/common/pico_time/time.c.obj
 .text.ph_free_node
                0x10000bd4       0x5c CMakeFiles/trans.dir/Users/andyvotava/Documents/pico-sdk/src/common/pico_time/time.c.obj
 .text.get_entry_id_high
                0x10000c30       0x30 CMakeFiles/trans.dir/Users/andyvotava/Documents/pico-sdk/src/common/pico_time/time.c.obj
 .text.alarm_pool_post_alloc_init
                0x10000c60       0x40 CMakeFiles/trans.dir/Users/andyvotava/Documents/pico-sdk/src/common/pico_time/time.c.obj
 .text.sleep_until_callback
                0x10000ca0       0x30 CMakeFiles/trans.dir/Users/andyvotava/Documents/pico-sdk/src/common/pico_time/time.c.obj
 .text.get_absolute_time
                0x10000cd0       0x22 CMakeFiles/trans.dir/Users/andyvotava/Documents/pico-sdk/src/common/pico_time/time.c.obj
 .text.make_timeout_time_us
                0x10000cf2       0x24 CMakeFiles/trans.dir/Users/andyvotava/Documents/pico-sdk/src/common/pico_time/time.c.obj
 *fill*         0x10000d16        0x2 
 .text.add_alarm_under_lock
                0x10000d18       0x94 CMakeFiles/trans.dir/Users/andyvotava/Documents/pico-sdk/src/common/pico_time/time.c.obj
 .text.alarm_pool_alarm_callback
                0x10000dac      0x210 CMakeFiles/trans.dir/Users/andyvotava/Documents/pico-sdk/src/common/pico_time/time.c.obj
 .text.alarm_pool_init_default
                0x10000fbc       0x40 CMakeFiles/trans.dir/Users/andyvotava/Documents/pico-sdk/src/common/pico_time/time.c.obj
                0x10000fbc                alarm_pool_init_default
 .text.alarm_pool_get_default
                0x10000ffc       0x2c CMakeFiles/trans.dir/Users/andyvotava/Documents/pico-sdk/src/common/pico_time/time.c.obj
                0x10000ffc                alarm_pool_get_default
 .text.alarm_pool_add_alarm_at
                0x10001028      0x10e CMakeFiles/trans.dir/Users/andyvotava/Documents/pico-sdk/src/common/pico_time/time.c.obj
                0x10001028                alarm_pool_add_alarm_at
 .text.add_alarm_at
                0x10001136       0x2e CMakeFiles/trans.dir/Users/andyvotava/Documents/pico-sdk/src/common/pico_time/time.c.obj
 .text.alarm_pool_cancel_alarm
                0x10001164       0xa8 CMakeFiles/trans.dir/Users/andyvotava/Documents/pico-sdk/src/common/pico_time/time.c.obj
                0x10001164                alarm_pool_cancel_alarm
 .text.cancel_alarm
                0x1000120c       0x10 CMakeFiles/trans.dir/Users/andyvotava/Documents/pico-sdk/src/common/pico_time/time.c.obj
 .text.sleep_until
                0x1000121c       0xb0 CMakeFiles/trans.dir/Users/andyvotava/Documents/pico-sdk/src/common/pico_time/time.c.obj
                0x1000121c                sleep_until
 .text.sleep_us
                0x100012cc       0x1a CMakeFiles/trans.dir/Users/andyvotava/Documents/pico-sdk/src/common/pico_time/time.c.obj
                0x100012cc                sleep_us
 .text.sleep_ms
                0x100012e6       0x14 CMakeFiles/trans.dir/Users/andyvotava/Documents/pico-sdk/src/common/pico_time/time.c.obj
                0x100012e6                sleep_ms
 *fill*         0x100012fa        0x2 
 .text.best_effort_wfe_or_timeout
                0x100012fc       0x44 CMakeFiles/trans.dir/Users/andyvotava/Documents/pico-sdk/src/common/pico_time/time.c.obj
                0x100012fc                best_effort_wfe_or_timeout
 .text.hardware_alarm_irq_handler
                0x10001340       0x8c CMakeFiles/trans.dir/Users/andyvotava/Documents/pico-sdk/src/rp2_common/hardware_timer/timer.c.obj
 .text.hardware_alarm_claim
                0x100013cc       0x18 CMakeFiles/trans.dir/Users/andyvotava/Documents/pico-sdk/src/rp2_common/hardware_timer/timer.c.obj
                0x100013cc                hardware_alarm_claim
 .text.time_us_64
                0x100013e4       0x18 CMakeFiles/trans.dir/Users/andyvotava/Documents/pico-sdk/src/rp2_common/hardware_timer/timer.c.obj
                0x100013e4                time_us_64
 .text.busy_wait_until
                0x100013fc       0x28 CMakeFiles/trans.dir/Users/andyvotava/Documents/pico-sdk/src/rp2_common/hardware_timer/timer.c.obj
                0x100013fc                busy_wait_until
 .text.hardware_alarm_set_callback
                0x10001424       0x90 CMakeFiles/trans.dir/Users/andyvotava/Documents/pico-sdk/src/rp2_common/hardware_timer/timer.c.obj
                0x10001424                hardware_alarm_set_callback
 .text.hardware_alarm_set_target
                0x100014b4       0xe8 CMakeFiles/trans.dir/Users/andyvotava/Documents/pico-sdk/src/rp2_common/hardware_timer/timer.c.obj
                0x100014b4                hardware_alarm_set_target
 .text.hardware_alarm_cancel
                0x1000159c       0x40 CMakeFiles/trans.dir/Users/andyvotava/Documents/pico-sdk/src/rp2_common/hardware_timer/timer.c.obj
                0x1000159c                hardware_alarm_cancel
 .text.ph_get_node
                0x100015dc       0x30 CMakeFiles/trans.dir/Users/andyvotava/Documents/pico-sdk/src/common/pico_util/pheap.c.obj
 .text.ph_add_child_node
                0x1000160c       0x6c CMakeFiles/trans.dir/Users/andyvotava/Documents/pico-sdk/src/common/pico_util/pheap.c.obj
 .text.ph_merge_nodes
                0x10001678       0x3e CMakeFiles/trans.dir/Users/andyvotava/Documents/pico-sdk/src/common/pico_util/pheap.c.obj
 .text.ph_clear
                0x100016b6       0x34 CMakeFiles/trans.dir/Users/andyvotava/Documents/pico-sdk/src/common/pico_util/pheap.c.obj
                0x100016b6                ph_clear
 .text.ph_post_alloc_init
                0x100016ea        0xe CMakeFiles/trans.dir/Users/andyvotava/Documents/pico-sdk/src/common/pico_util/pheap.c.obj
                0x100016ea                ph_post_alloc_init
 .text.ph_merge_two_pass
                0x100016f8       0x5c CMakeFiles/trans.dir/Users/andyvotava/Documents/pico-sdk/src/common/pico_util/pheap.c.obj
                0x100016f8                ph_merge_two_pass
 .text.ph_remove_any_head
                0x10001754       0xc0 CMakeFiles/trans.dir/Users/andyvotava/Documents/pico-sdk/src/common/pico_util/pheap.c.obj
 .text.ph_remove_head
                0x10001814       0x14 CMakeFiles/trans.dir/Users/andyvotava/Documents/pico-sdk/src/common/pico_util/pheap.c.obj
                0x10001814                ph_remove_head
 .text.ph_remove_and_free_node
                0x10001828       0xa0 CMakeFiles/trans.dir/Users/andyvotava/Documents/pico-sdk/src/common/pico_util/pheap.c.obj
                0x10001828                ph_remove_and_free_node
 .text.clock_configure
                0x100018c8      0x108 CMakeFiles/trans.dir/Users/andyvotava/Documents/pico-sdk/src/rp2_common/hardware_clocks/clocks.c.obj
                0x100018c8                clock_configure
 .text.clocks_init
                0x100019d0      0x100 CMakeFiles/trans.dir/Users/andyvotava/Documents/pico-sdk/src/rp2_common/hardware_clocks/clocks.c.obj
                0x100019d0                clocks_init
 .text.clock_get_hz
                0x10001ad0        0xc CMakeFiles/trans.dir/Users/andyvotava/Documents/pico-sdk/src/rp2_common/hardware_clocks/clocks.c.obj
                0x10001ad0                clock_get_hz
 .text.pll_init
                0x10001adc      0x120 CMakeFiles/trans.dir/Users/andyvotava/Documents/pico-sdk/src/rp2_common/hardware_pll/pll.c.obj
                0x10001adc                pll_init
 .text.watchdog_start_tick
                0x10001bfc       0x10 CMakeFiles/trans.dir/Users/andyvotava/Documents/pico-sdk/src/rp2_common/hardware_watchdog/watchdog.c.obj
                0x10001bfc                watchdog_start_tick
 .text.xosc_init
                0x10001c0c       0x28 CMakeFiles/trans.dir/Users/andyvotava/Documents/pico-sdk/src/rp2_common/hardware_xosc/xosc.c.obj
                0x10001c0c                xosc_init
 .text._exit    0x10001c34        0x4 CMakeFiles/trans.dir/Users/andyvotava/Documents/pico-sdk/src/rp2_common/pico_runtime/runtime.c.obj
                0x10001c34                _exit
 .text._sbrk    0x10001c38       0x38 CMakeFiles/trans.dir/Users/andyvotava/Documents/pico-sdk/src/rp2_common/pico_runtime/runtime.c.obj
                0x10001c38                _sbrk
 .text.exit     0x10001c70        0x6 CMakeFiles/trans.dir/Users/andyvotava/Documents/pico-sdk/src/rp2_common/pico_runtime/runtime.c.obj
                0x10001c70                exit
 *fill*         0x10001c76        0x2 
 .text.__assert_func
                0x10001c78       0x38 CMakeFiles/trans.dir/Users/andyvotava/Documents/pico-sdk/src/rp2_common/pico_runtime/runtime.c.obj
                0x10001c78                __assert_func
 .text.runtime_init
                0x10001cb0       0xf8 CMakeFiles/trans.dir/Users/andyvotava/Documents/pico-sdk/src/rp2_common/pico_runtime/runtime.c.obj
                0x10001cb0                runtime_init
 .text.panic    0x10001da8       0x30 CMakeFiles/trans.dir/Users/andyvotava/Documents/pico-sdk/src/rp2_common/pico_runtime/runtime.c.obj
                0x10001da8                panic
 .text._out_null
                0x10001dd8        0x2 CMakeFiles/trans.dir/Users/andyvotava/Documents/pico-sdk/src/rp2_common/pico_printf/printf.c.obj
 .text._out_fct
                0x10001dda        0xe CMakeFiles/trans.dir/Users/andyvotava/Documents/pico-sdk/src/rp2_common/pico_printf/printf.c.obj
 .text._atoi    0x10001de8       0x24 CMakeFiles/trans.dir/Users/andyvotava/Documents/pico-sdk/src/rp2_common/pico_printf/printf.c.obj
 .text._out_rev
                0x10001e0c       0xae CMakeFiles/trans.dir/Users/andyvotava/Documents/pico-sdk/src/rp2_common/pico_printf/printf.c.obj
 .text._ntoa_format
                0x10001eba      0x110 CMakeFiles/trans.dir/Users/andyvotava/Documents/pico-sdk/src/rp2_common/pico_printf/printf.c.obj
 .text._ntoa_long
                0x10001fca       0xbc CMakeFiles/trans.dir/Users/andyvotava/Documents/pico-sdk/src/rp2_common/pico_printf/printf.c.obj
 .text._ntoa_long_long
                0x10002086      0x10e CMakeFiles/trans.dir/Users/andyvotava/Documents/pico-sdk/src/rp2_common/pico_printf/printf.c.obj
 .text._etoa    0x10002194      0x420 CMakeFiles/trans.dir/Users/andyvotava/Documents/pico-sdk/src/rp2_common/pico_printf/printf.c.obj
 .text._ftoa    0x100025b4      0x354 CMakeFiles/trans.dir/Users/andyvotava/Documents/pico-sdk/src/rp2_common/pico_printf/printf.c.obj
 .text._vsnprintf
                0x10002908      0x668 CMakeFiles/trans.dir/Users/andyvotava/Documents/pico-sdk/src/rp2_common/pico_printf/printf.c.obj
 .text.vfctprintf
                0x10002f70       0x20 CMakeFiles/trans.dir/Users/andyvotava/Documents/pico-sdk/src/rp2_common/pico_printf/printf.c.obj
                0x10002f70                vfctprintf
 .text          0x10002f90       0x10 CMakeFiles/trans.dir/Users/andyvotava/Documents/pico-sdk/src/rp2_common/pico_bit_ops/bit_ops_aeabi.S.obj
 .text.rom_func_lookup
                0x10002fa0       0x10 CMakeFiles/trans.dir/Users/andyvotava/Documents/pico-sdk/src/rp2_common/pico_bootrom/bootrom.c.obj
                0x10002fa0                rom_func_lookup
 .text.rom_data_lookup
                0x10002fb0       0x10 CMakeFiles/trans.dir/Users/andyvotava/Documents/pico-sdk/src/rp2_common/pico_bootrom/bootrom.c.obj
                0x10002fb0                rom_data_lookup
 .text.rom_funcs_lookup
                0x10002fc0       0x36 CMakeFiles/trans.dir/Users/andyvotava/Documents/pico-sdk/src/rp2_common/pico_bootrom/bootrom.c.obj
                0x10002fc0                rom_funcs_lookup
 *fill*         0x10002ff6        0x2 
 .text.__wrap___aeabi_idiv
                0x10002ff8       0x50 CMakeFiles/trans.dir/Users/andyvotava/Documents/pico-sdk/src/rp2_common/pico_divider/divider.S.obj
                0x10002ff8                __wrap___aeabi_idivmod
                0x10002ff8                divmod_s32s32
                0x10002ff8                div_s32s32
                0x10002ff8                __wrap___aeabi_idiv
                0x10003000                divmod_s32s32_unsafe
                0x1000302c                divmod_s32s32_savestate
 .text.__wrap___aeabi_uidiv
                0x10003048       0x4c CMakeFiles/trans.dir/Users/andyvotava/Documents/pico-sdk/src/rp2_common/pico_divider/divider.S.obj
                0x10003048                __wrap___aeabi_uidiv
                0x10003048                __wrap___aeabi_uidivmod
                0x10003048                div_u32u32
                0x10003048                divmod_u32u32
                0x10003050                divmod_u32u32_unsafe
                0x10003078                divmod_u32u32_savestate
 .text.__wrap___aeabi_ldiv
                0x10003094      0x424 CMakeFiles/trans.dir/Users/andyvotava/Documents/pico-sdk/src/rp2_common/pico_divider/divider.S.obj
                0x10003094                __wrap___aeabi_ldivmod
                0x10003094                div_s64s64
                0x10003094                divmod_s64s64
                0x100030c4                divmod_u64u64
                0x100030c4                div_u64u64
                0x100030c4                __wrap___aeabi_uldivmod
                0x100030d4                divmod_u64u64_savestate
                0x100030f4                divmod_s64s64_unsafe
                0x1000317c                divmod_u64u64_unsafe
 .text.__wrap___aeabi_darithmetic
                0x100034b8       0x80 CMakeFiles/trans.dir/Users/andyvotava/Documents/pico-sdk/src/rp2_common/pico_double/double_aeabi.S.obj
                0x100034b8                __wrap___aeabi_drsub
                0x100034be                __wrap___aeabi_dsub
                0x100034d0                __wrap___aeabi_dadd
                0x100034e2                __wrap___aeabi_ddiv
                0x1000351e                __wrap___aeabi_dmul
 .text.__wrap___aeabi_cdcmple
                0x10003538       0x6c CMakeFiles/trans.dir/Users/andyvotava/Documents/pico-sdk/src/rp2_common/pico_double/double_aeabi.S.obj
                0x10003538                __wrap___aeabi_cdrcmple
                0x10003548                __wrap___aeabi_cdcmple
                0x10003548                __wrap___aeabi_cdcmpeq
 .text.__wrap___aeabi_dcmplt
                0x100035a4        0xc CMakeFiles/trans.dir/Users/andyvotava/Documents/pico-sdk/src/rp2_common/pico_double/double_aeabi.S.obj
                0x100035a4                __wrap___aeabi_dcmplt
 .text.__wrap___aeabi_dcmple
                0x100035b0       0x10 CMakeFiles/trans.dir/Users/andyvotava/Documents/pico-sdk/src/rp2_common/pico_double/double_aeabi.S.obj
                0x100035b0                __wrap___aeabi_dcmple
 .text.__wrap___aeabi_dcmpge
                0x100035c0       0x10 CMakeFiles/trans.dir/Users/andyvotava/Documents/pico-sdk/src/rp2_common/pico_double/double_aeabi.S.obj
                0x100035c0                __wrap___aeabi_dcmpge
 .text.__wrap___aeabi_dcmpgt
                0x100035d0        0xa CMakeFiles/trans.dir/Users/andyvotava/Documents/pico-sdk/src/rp2_common/pico_double/double_aeabi.S.obj
                0x100035d0                __wrap___aeabi_dcmpgt
 .text.__wrap___aeabi_dcmpun
                0x100035da       0x1c CMakeFiles/trans.dir/Users/andyvotava/Documents/pico-sdk/src/rp2_common/pico_double/double_aeabi.S.obj
                0x100035da                __wrap___aeabi_dcmpun
 *fill*         0x100035f6        0x2 
 .text.__wrap___aeabi_i2d
                0x100035f8       0x38 CMakeFiles/trans.dir/Users/andyvotava/Documents/pico-sdk/src/rp2_common/pico_double/double_aeabi.S.obj
                0x100035f8                __wrap___aeabi_ui2d
                0x10003600                __wrap___aeabi_i2d
 .text.__wrap___aeabi_d2iz
                0x10003630       0x48 CMakeFiles/trans.dir/Users/andyvotava/Documents/pico-sdk/src/rp2_common/pico_double/double_aeabi.S.obj
                0x10003630                __wrap___aeabi_d2iz
                0x10003630                double2int_z
 .text.__wrap___aeabi_d2uiz
                0x10003678       0x18 CMakeFiles/trans.dir/Users/andyvotava/Documents/pico-sdk/src/rp2_common/pico_double/double_aeabi.S.obj
                0x10003678                double2uint
                0x10003678                __wrap___aeabi_d2uiz
 .text.__aeabi_double_init
                0x10003690       0xcc CMakeFiles/trans.dir/Users/andyvotava/Documents/pico-sdk/src/rp2_common/pico_double/double_init_rom.c.obj
                0x10003690                __aeabi_double_init
 .text.double_table_shim_on_use_helper
                0x1000375c       0x34 CMakeFiles/trans.dir/Users/andyvotava/Documents/pico-sdk/src/rp2_common/pico_double/double_v1_rom_shim.S.obj
                0x1000375c                double_table_shim_on_use_helper
 .text.__wrap___aeabi_dsub
                0x10003790       0x10 CMakeFiles/trans.dir/Users/andyvotava/Documents/pico-sdk/src/rp2_common/pico_double/double_v1_rom_shim.S.obj
                0x10003790                drsub_shim
                0x10003796                dsub_shim
 .text.dadd_shim
                0x100037a0      0x15c CMakeFiles/trans.dir/Users/andyvotava/Documents/pico-sdk/src/rp2_common/pico_double/double_v1_rom_shim.S.obj
                0x100037a0                dadd_shim
 .text.dmul_shim
                0x100038fc      0x15c CMakeFiles/trans.dir/Users/andyvotava/Documents/pico-sdk/src/rp2_common/pico_double/double_v1_rom_shim.S.obj
                0x100038fc                dmul_shim
 .text.ddiv_shim
                0x10003a58      0x1b0 CMakeFiles/trans.dir/Users/andyvotava/Documents/pico-sdk/src/rp2_common/pico_double/double_v1_rom_shim.S.obj
                0x10003a58                ddiv_shim
 .text.double2uint_shim
                0x10003c08        0xe CMakeFiles/trans.dir/Users/andyvotava/Documents/pico-sdk/src/rp2_common/pico_double/double_v1_rom_shim.S.obj
                0x10003c08                double2uint_shim
                0x10003c0a                double2ufix_shim
 *fill*         0x10003c16        0x2 
 .text.double2uint64_shim
                0x10003c18       0x70 CMakeFiles/trans.dir/Users/andyvotava/Documents/pico-sdk/src/rp2_common/pico_double/double_v1_rom_shim.S.obj
                0x10003c18                double2uint64_shim
                0x10003c1a                double2ufix64_shim
                0x10003c3a                d2fix_a
 .text.dunpacks
                0x10003c88       0x3c CMakeFiles/trans.dir/Users/andyvotava/Documents/pico-sdk/src/rp2_common/pico_double/double_v1_rom_shim.S.obj
                0x10003c88                dunpacks
 .text.__aeabi_lmul
                0x10003cc4       0x32 CMakeFiles/trans.dir/Users/andyvotava/Documents/pico-sdk/src/rp2_common/pico_int64_ops/pico_int64_ops_aeabi.S.obj
                0x10003cc4                __wrap___aeabi_lmul
 *fill*         0x10003cf6        0x2 
 .text.__aeabi_float_init
                0x10003cf8       0xfc CMakeFiles/trans.dir/Users/andyvotava/Documents/pico-sdk/src/rp2_common/pico_float/float_init_rom.c.obj
                0x10003cf8                __aeabi_float_init
 .text.float_table_shim_on_use_helper
                0x10003df4       0x34 CMakeFiles/trans.dir/Users/andyvotava/Documents/pico-sdk/src/rp2_common/pico_float/float_v1_rom_shim.S.obj
                0x10003df4                float_table_shim_on_use_helper
 .text.check_alloc
                0x10003e28       0x20 CMakeFiles/trans.dir/Users/andyvotava/Documents/pico-sdk/src/rp2_common/pico_malloc/pico_malloc.c.obj
 .text.__wrap_malloc
                0x10003e48       0x14 CMakeFiles/trans.dir/Users/andyvotava/Documents/pico-sdk/src/rp2_common/pico_malloc/pico_malloc.c.obj
                0x10003e48                __wrap_malloc
 .text.__wrap_free
                0x10003e5c        0x8 CMakeFiles/trans.dir/Users/andyvotava/Documents/pico-sdk/src/rp2_common/pico_malloc/pico_malloc.c.obj
                0x10003e5c                __wrap_free
 .text          0x10003e64       0x10 CMakeFiles/trans.dir/Users/andyvotava/Documents/pico-sdk/src/rp2_common/pico_mem_ops/mem_ops_aeabi.S.obj
                0x10003e64                __aeabi_mem_init
 .text.memset   0x10003e74        0xc CMakeFiles/trans.dir/Users/andyvotava/Documents/pico-sdk/src/rp2_common/pico_mem_ops/mem_ops_aeabi.S.obj
                0x10003e74                __wrap_memset
 .text.memcpy   0x10003e80        0xc CMakeFiles/trans.dir/Users/andyvotava/Documents/pico-sdk/src/rp2_common/pico_mem_ops/mem_ops_aeabi.S.obj
                0x10003e80                __wrap___aeabi_memcpy
                0x10003e80                __wrap_memcpy
 .text._Znwj    0x10003e8c        0x8 CMakeFiles/trans.dir/Users/andyvotava/Documents/pico-sdk/src/rp2_common/pico_standard_link/new_delete.cpp.obj
                0x10003e8c                operator new(unsigned int)
 .text._ZdlPvj  0x10003e94        0x8 CMakeFiles/trans.dir/Users/andyvotava/Documents/pico-sdk/src/rp2_common/pico_standard_link/new_delete.cpp.obj
                0x10003e94                operator delete(void*, unsigned int)
 .text.stdio_out_chars_no_crlf
                0x10003e9c        0xe CMakeFiles/trans.dir/Users/andyvotava/Documents/pico-sdk/src/rp2_common/pico_stdio/stdio.c.obj
 *fill*         0x10003eaa        0x2 
 .text.stdio_out_chars_crlf
                0x10003eac       0x80 CMakeFiles/trans.dir/Users/andyvotava/Documents/pico-sdk/src/rp2_common/pico_stdio/stdio.c.obj
 .text.stdio_stack_buffer_flush
                0x10003f2c       0x44 CMakeFiles/trans.dir/Users/andyvotava/Documents/pico-sdk/src/rp2_common/pico_stdio/stdio.c.obj
 .text.stdio_buffered_printer
                0x10003f70       0x20 CMakeFiles/trans.dir/Users/andyvotava/Documents/pico-sdk/src/rp2_common/pico_stdio/stdio.c.obj
 .text.update_us_since_boot
                0x10003f90       0x24 CMakeFiles/trans.dir/Users/andyvotava/Documents/pico-sdk/src/rp2_common/pico_stdio/stdio.c.obj
 .text.get_absolute_time
                0x10003fb4       0x22 CMakeFiles/trans.dir/Users/andyvotava/Documents/pico-sdk/src/rp2_common/pico_stdio/stdio.c.obj
 *fill*         0x10003fd6        0x2 
 .text.delayed_by_ms
                0x10003fd8       0x44 CMakeFiles/trans.dir/Users/andyvotava/Documents/pico-sdk/src/rp2_common/pico_stdio/stdio.c.obj
 .text.make_timeout_time_ms
                0x1000401c       0x20 CMakeFiles/trans.dir/Users/andyvotava/Documents/pico-sdk/src/rp2_common/pico_stdio/stdio.c.obj
 .text.stdout_serialize_begin
                0x1000403c       0x20 CMakeFiles/trans.dir/Users/andyvotava/Documents/pico-sdk/src/rp2_common/pico_stdio/stdio.c.obj
                0x1000403c                stdout_serialize_begin
 .text.stdout_serialize_end
                0x1000405c       0x10 CMakeFiles/trans.dir/Users/andyvotava/Documents/pico-sdk/src/rp2_common/pico_stdio/stdio.c.obj
                0x1000405c                stdout_serialize_end
 .text.stdio_put_string
                0x1000406c       0x98 CMakeFiles/trans.dir/Users/andyvotava/Documents/pico-sdk/src/rp2_common/pico_stdio/stdio.c.obj
 .text.stdio_flush
                0x10004104       0x20 CMakeFiles/trans.dir/Users/andyvotava/Documents/pico-sdk/src/rp2_common/pico_stdio/stdio.c.obj
                0x10004104                stdio_flush
 .text.__wrap_puts
                0x10004124       0x1e CMakeFiles/trans.dir/Users/andyvotava/Documents/pico-sdk/src/rp2_common/pico_stdio/stdio.c.obj
                0x10004124                __wrap_puts
 *fill*         0x10004142        0x2 
 .text.__wrap_vprintf
                0x10004144       0x40 CMakeFiles/trans.dir/Users/andyvotava/Documents/pico-sdk/src/rp2_common/pico_stdio/stdio.c.obj
                0x10004144                __wrap_vprintf
 .text.__wrap_printf
                0x10004184       0x18 CMakeFiles/trans.dir/Users/andyvotava/Documents/pico-sdk/src/rp2_common/pico_stdio/stdio.c.obj
                0x10004184                __wrap_printf
 .text._retrieve_unique_id_on_boot
                0x1000419c       0x10 CMakeFiles/trans.dir/Users/andyvotava/Documents/pico-sdk/src/rp2_common/pico_unique_id/unique_id.c.obj
 .text.flash_get_unique_id
                0x100041ac       0x40 CMakeFiles/trans.dir/Users/andyvotava/Documents/pico-sdk/src/rp2_common/hardware_flash/flash.c.obj
                0x100041ac                flash_get_unique_id
 .text.to_ms_since_boot
                0x100041ec       0x1c CMakeFiles/trans.dir/lib/RF24/RF24.cpp.obj
 .text._ZL20update_us_since_bootP15absolute_time_ty
                0x10004208       0x24 CMakeFiles/trans.dir/lib/RF24/RF24.cpp.obj
 .text.get_absolute_time
                0x1000422c       0x16 CMakeFiles/trans.dir/lib/RF24/RF24.cpp.obj
 .text._ZN4RF243csnEb
                0x10004242       0x14 CMakeFiles/trans.dir/lib/RF24/RF24.cpp.obj
                0x10004242                RF24::csn(bool)
 .text._ZN4RF242ceEb
                0x10004256       0x14 CMakeFiles/trans.dir/lib/RF24/RF24.cpp.obj
                0x10004256                RF24::ce(bool)
 .text._ZN4RF2416beginTransactionEv
                0x1000426a       0x16 CMakeFiles/trans.dir/lib/RF24/RF24.cpp.obj
                0x1000426a                RF24::beginTransaction()
 .text._ZN4RF2414endTransactionEv
                0x10004280       0x12 CMakeFiles/trans.dir/lib/RF24/RF24.cpp.obj
                0x10004280                RF24::endTransaction()
 .text._ZN4RF2413read_registerEh
                0x10004292       0x36 CMakeFiles/trans.dir/lib/RF24/RF24.cpp.obj
                0x10004292                RF24::read_register(unsigned char)
 .text._ZN4RF2414write_registerEhPKhh
                0x100042c8       0x52 CMakeFiles/trans.dir/lib/RF24/RF24.cpp.obj
                0x100042c8                RF24::write_register(unsigned char, unsigned char const*, unsigned char)
 .text._ZN4RF2414write_registerEhhb
                0x1000431a       0x56 CMakeFiles/trans.dir/lib/RF24/RF24.cpp.obj
                0x1000431a                RF24::write_register(unsigned char, unsigned char, bool)
 .text._ZN4RF2413write_payloadEPKvhh
                0x10004370       0xa8 CMakeFiles/trans.dir/lib/RF24/RF24.cpp.obj
                0x10004370                RF24::write_payload(void const*, unsigned char, unsigned char)
 .text._ZN4RF248flush_rxEv
                0x10004418       0x14 CMakeFiles/trans.dir/lib/RF24/RF24.cpp.obj
                0x10004418                RF24::flush_rx()
 .text._ZN4RF248flush_txEv
                0x1000442c       0x14 CMakeFiles/trans.dir/lib/RF24/RF24.cpp.obj
                0x1000442c                RF24::flush_tx()
 .text._ZN4RF2410get_statusEv
                0x10004440       0x14 CMakeFiles/trans.dir/lib/RF24/RF24.cpp.obj
                0x10004440                RF24::get_status()
 .text._ZN4RF249_init_objEv
                0x10004454       0x1c CMakeFiles/trans.dir/lib/RF24/RF24.cpp.obj
                0x10004454                RF24::_init_obj()
 .text._ZN4RF24C2Ehhm
                0x10004470       0x30 CMakeFiles/trans.dir/lib/RF24/RF24.cpp.obj
                0x10004470                RF24::RF24(unsigned char, unsigned char, unsigned long)
                0x10004470                RF24::RF24(unsigned char, unsigned char, unsigned long)
 .text._ZN4RF2410setChannelEh
                0x100044a0       0x14 CMakeFiles/trans.dir/lib/RF24/RF24.cpp.obj
                0x100044a0                RF24::setChannel(unsigned char)
 .text._ZN4RF2414setPayloadSizeEh
                0x100044b4       0x3a CMakeFiles/trans.dir/lib/RF24/RF24.cpp.obj
                0x100044b4                RF24::setPayloadSize(unsigned char)
 .text._ZN4RF247isValidEv
                0x100044ee       0x18 CMakeFiles/trans.dir/lib/RF24/RF24.cpp.obj
                0x100044ee                RF24::isValid()
 .text._ZN4RF2410_init_pinsEv
                0x10004506       0x38 CMakeFiles/trans.dir/lib/RF24/RF24.cpp.obj
                0x10004506                RF24::_init_pins()
 .text._ZN4RF2413stopListeningEv
                0x1000453e       0x50 CMakeFiles/trans.dir/lib/RF24/RF24.cpp.obj
                0x1000453e                RF24::stopListening()
 *fill*         0x1000458e        0x2 
 .text._ZN4RF247powerUpEv
                0x10004590       0x2c CMakeFiles/trans.dir/lib/RF24/RF24.cpp.obj
                0x10004590                RF24::powerUp()
 .text._ZN4RF249errNotifyEv
                0x100045bc        0x8 CMakeFiles/trans.dir/lib/RF24/RF24.cpp.obj
                0x100045bc                RF24::errNotify()
 .text._ZN4RF2414startFastWriteEPKvhbb
                0x100045c4       0x28 CMakeFiles/trans.dir/lib/RF24/RF24.cpp.obj
                0x100045c4                RF24::startFastWrite(void const*, unsigned char, bool, bool)
 .text._ZN4RF245writeEPKvhb
                0x100045ec       0x76 CMakeFiles/trans.dir/lib/RF24/RF24.cpp.obj
                0x100045ec                RF24::write(void const*, unsigned char, bool)
 .text._ZN4RF245writeEPKvh
                0x10004662        0xa CMakeFiles/trans.dir/lib/RF24/RF24.cpp.obj
                0x10004662                RF24::write(void const*, unsigned char)
 .text._ZN4RF2415openWritingPipeEPKh
                0x1000466c       0x20 CMakeFiles/trans.dir/lib/RF24/RF24.cpp.obj
                0x1000466c                RF24::openWritingPipe(unsigned char const*)
 .text._ZN4RF2415setAddressWidthEh
                0x1000468c       0x34 CMakeFiles/trans.dir/lib/RF24/RF24.cpp.obj
                0x1000468c                RF24::setAddressWidth(unsigned char)
 .text._ZN4RF2415toggle_featuresEv
                0x100046c0       0x24 CMakeFiles/trans.dir/lib/RF24/RF24.cpp.obj
                0x100046c0                RF24::toggle_features()
 .text._ZN4RF2417disableAckPayloadEv
                0x100046e4       0x2c CMakeFiles/trans.dir/lib/RF24/RF24.cpp.obj
                0x100046e4                RF24::disableAckPayload()
 .text._ZN4RF2410setAutoAckEb
                0x10004710       0x2e CMakeFiles/trans.dir/lib/RF24/RF24.cpp.obj
                0x10004710                RF24::setAutoAck(bool)
 .text._ZN4RF2410setPALevelEhb
                0x1000473e       0x32 CMakeFiles/trans.dir/lib/RF24/RF24.cpp.obj
                0x1000473e                RF24::setPALevel(unsigned char, bool)
 .text._ZN4RF2411setDataRateE15rf24_datarate_e
                0x10004770       0x56 CMakeFiles/trans.dir/lib/RF24/RF24.cpp.obj
                0x10004770                RF24::setDataRate(rf24_datarate_e)
 .text._ZN4RF2410setRetriesEhh
                0x100047c6       0x26 CMakeFiles/trans.dir/lib/RF24/RF24.cpp.obj
                0x100047c6                RF24::setRetries(unsigned char, unsigned char)
 .text._ZN4RF2411_init_radioEv
                0x100047ec       0xe4 CMakeFiles/trans.dir/lib/RF24/RF24.cpp.obj
                0x100047ec                RF24::_init_radio()
 .text._ZN4RF245beginEv
                0x100048d0       0x34 CMakeFiles/trans.dir/lib/RF24/RF24.cpp.obj
                0x100048d0                RF24::begin()
 .text._ZN4GPIO4openEii
                0x10004904       0x22 CMakeFiles/trans.dir/lib/RF24/utility/rp2/gpio.cpp.obj
                0x10004904                GPIO::open(int, int)
 .text._ZN4GPIO5writeEii
                0x10004926       0x18 CMakeFiles/trans.dir/lib/RF24/utility/rp2/gpio.cpp.obj
                0x10004926                GPIO::write(int, int)
 *fill*         0x1000493e        0x2 
 .text._ZN3SPID2Ev
                0x10004940        0xc CMakeFiles/trans.dir/lib/RF24/utility/rp2/spi.cpp.obj
                0x10004940                SPI::~SPI()
                0x10004940                SPI::~SPI()
 .text._ZN3SPID0Ev
                0x1000494c       0x14 CMakeFiles/trans.dir/lib/RF24/utility/rp2/spi.cpp.obj
                0x1000494c                SPI::~SPI()
 .text._ZN3SPIC2Ev
                0x10004960        0xc CMakeFiles/trans.dir/lib/RF24/utility/rp2/spi.cpp.obj
                0x10004960                SPI::SPI()
                0x10004960                SPI::SPI()
 .text._ZN3SPI5beginEP8spi_insthhh
                0x1000496c       0x24 CMakeFiles/trans.dir/lib/RF24/utility/rp2/spi.cpp.obj
                0x1000496c                SPI::begin(spi_inst*, unsigned char, unsigned char, unsigned char)
 .text._ZN3SPI5beginEP8spi_inst
                0x10004990       0x14 CMakeFiles/trans.dir/lib/RF24/utility/rp2/spi.cpp.obj
                0x10004990                SPI::begin(spi_inst*)
 .text._ZN3SPI8transferEh
                0x100049a4       0x24 CMakeFiles/trans.dir/lib/RF24/utility/rp2/spi.cpp.obj
                0x100049a4                SPI::transfer(unsigned char)
 .text._ZN3SPI10transfernbEPKhPhm
                0x100049c8        0xa CMakeFiles/trans.dir/lib/RF24/utility/rp2/spi.cpp.obj
                0x100049c8                SPI::transfernb(unsigned char const*, unsigned char*, unsigned long)
 .text._ZN3SPI16beginTransactionEm
                0x100049d2       0x38 CMakeFiles/trans.dir/lib/RF24/utility/rp2/spi.cpp.obj
                0x100049d2                SPI::beginTransaction(unsigned long)
 .text._ZN3SPI14endTransactionEv
                0x10004a0a        0xa CMakeFiles/trans.dir/lib/RF24/utility/rp2/spi.cpp.obj
                0x10004a0a                SPI::endTransaction()
 .text.spi_deinit
                0x10004a14       0x34 CMakeFiles/trans.dir/Users/andyvotava/Documents/pico-sdk/src/rp2_common/hardware_spi/spi.c.obj
                0x10004a14                spi_deinit
 .text.spi_set_baudrate
                0x10004a48       0xc2 CMakeFiles/trans.dir/Users/andyvotava/Documents/pico-sdk/src/rp2_common/hardware_spi/spi.c.obj
                0x10004a48                spi_set_baudrate
 *fill*         0x10004b0a        0x2 
 .text.spi_init
                0x10004b0c       0x74 CMakeFiles/trans.dir/Users/andyvotava/Documents/pico-sdk/src/rp2_common/hardware_spi/spi.c.obj
                0x10004b0c                spi_init
 .text.pio_get_default_sm_config
                0x10004b80       0x28 CMakeFiles/trans.dir/Users/andyvotava/Documents/pico-sdk/src/rp2_common/hardware_pio/pio.c.obj
 .text._pio_can_add_program_at_offset
                0x10004ba8       0x3c CMakeFiles/trans.dir/Users/andyvotava/Documents/pico-sdk/src/rp2_common/hardware_pio/pio.c.obj
 .text._pio_find_offset_for_program
                0x10004be4       0x7c CMakeFiles/trans.dir/Users/andyvotava/Documents/pico-sdk/src/rp2_common/hardware_pio/pio.c.obj
 .text._pio_add_program_at_offset
                0x10004c60       0x7c CMakeFiles/trans.dir/Users/andyvotava/Documents/pico-sdk/src/rp2_common/hardware_pio/pio.c.obj
 .text.pio_claim_unused_sm
                0x10004cdc       0x3c CMakeFiles/trans.dir/Users/andyvotava/Documents/pico-sdk/src/rp2_common/hardware_pio/pio.c.obj
                0x10004cdc                pio_claim_unused_sm
 .text.pio_add_program
                0x10004d18       0x38 CMakeFiles/trans.dir/Users/andyvotava/Documents/pico-sdk/src/rp2_common/hardware_pio/pio.c.obj
                0x10004d18                pio_add_program
 .text.pio_sm_init
                0x10004d50       0xb0 CMakeFiles/trans.dir/Users/andyvotava/Documents/pico-sdk/src/rp2_common/hardware_pio/pio.c.obj
                0x10004d50                pio_sm_init
 .text._ZN12GCcontrollerC2Eh
                0x10004e00      0x118 lib/gcclib/libgcclib.a(gccontroller.cpp.obj)
                0x10004e00                GCcontroller::GCcontroller(unsigned char)
                0x10004e00                GCcontroller::GCcontroller(unsigned char)
 .text._ZN12GCcontroller7outmodeEv
                0x10004f18       0x46 lib/gcclib/libgcclib.a(gccontroller.cpp.obj)
                0x10004f18                GCcontroller::outmode()
 *fill*         0x10004f5e        0x2 
 .text._ZN12GCcontroller4initEv
                0x10004f60       0x5c lib/gcclib/libgcclib.a(gccontroller.cpp.obj)
                0x10004f60                GCcontroller::init()
 .text._ZN12GCcontroller10get_originEv
                0x10004fbc       0xc0 lib/gcclib/libgcclib.a(gccontroller.cpp.obj)
                0x10004fbc                GCcontroller::get_origin()
 .text._ZN12GCcontroller10get_reportEv
                0x1000507c       0xd4 lib/gcclib/libgcclib.a(gccontroller.cpp.obj)
                0x1000507c                GCcontroller::get_report()
 .text.malloc   0x10005150       0x14 /Applications/ArmGNUToolchain/13.3.rel1/arm-none-eabi/bin/../lib/gcc/arm-none-eabi/13.3.1/../../../../arm-none-eabi/lib/thumb/v6-m/nofp/libg.a(libc_a-malloc.o)
                0x10005150                malloc
 .text.free     0x10005164       0x14 /Applications/ArmGNUToolchain/13.3.rel1/arm-none-eabi/bin/../lib/gcc/arm-none-eabi/13.3.1/../../../../arm-none-eabi/lib/thumb/v6-m/nofp/libg.a(libc_a-malloc.o)
                0x10005164                free
 .text._malloc_r
                0x10005178      0x5c4 /Applications/ArmGNUToolchain/13.3.rel1/arm-none-eabi/bin/../lib/gcc/arm-none-eabi/13.3.1/../../../../arm-none-eabi/lib/thumb/v6-m/nofp/libg.a(libc_a-mallocr.o)
                0x10005178                _malloc_r
 .text.__malloc_lock
                0x1000573c       0x10 /Applications/ArmGNUToolchain/13.3.rel1/arm-none-eabi/bin/../lib/gcc/arm-none-eabi/13.3.1/../../../../arm-none-eabi/lib/thumb/v6-m/nofp/libg.a(libc_a-mlock.o)
                0x1000573c                __malloc_lock
 .text.__malloc_unlock
                0x1000574c       0x10 /Applications/ArmGNUToolchain/13.3.rel1/arm-none-eabi/bin/../lib/gcc/arm-none-eabi/13.3.1/../../../../arm-none-eabi/lib/thumb/v6-m/nofp/libg.a(libc_a-mlock.o)
                0x1000574c                __malloc_unlock
 .text._sbrk_r  0x1000575c       0x24 /Applications/ArmGNUToolchain/13.3.rel1/arm-none-eabi/bin/../lib/gcc/arm-none-eabi/13.3.1/../../../../arm-none-eabi/lib/thumb/v6-m/nofp/libg.a(libc_a-sbrkr.o)
                0x1000575c                _sbrk_r
 .text.__errno  0x10005780        0xc /Applications/ArmGNUToolchain/13.3.rel1/arm-none-eabi/bin/../lib/gcc/arm-none-eabi/13.3.1/../../../../arm-none-eabi/lib/thumb/v6-m/nofp/libg.a(libc_a-errno.o)
                0x10005780                __errno
 .text.sysconf  0x1000578c       0x1c /Applications/ArmGNUToolchain/13.3.rel1/arm-none-eabi/bin/../lib/gcc/arm-none-eabi/13.3.1/../../../../arm-none-eabi/lib/thumb/v6-m/nofp/libg.a(libc_a-sysconf.o)
                0x1000578c                sysconf
 .text.__retarget_lock_acquire_recursive
                0x100057a8        0x4 /Applications/ArmGNUToolchain/13.3.rel1/arm-none-eabi/bin/../lib/gcc/arm-none-eabi/13.3.1/../../../../arm-none-eabi/lib/thumb/v6-m/nofp/libg.a(libc_a-lock.o)
                0x100057a8                __retarget_lock_acquire_recursive
 .text.__retarget_lock_release_recursive
                0x100057ac        0x4 /Applications/ArmGNUToolchain/13.3.rel1/arm-none-eabi/bin/../lib/gcc/arm-none-eabi/13.3.1/../../../../arm-none-eabi/lib/thumb/v6-m/nofp/libg.a(libc_a-lock.o)
                0x100057ac                __retarget_lock_release_recursive
 .text.strlen   0x100057b0       0x5c /Applications/ArmGNUToolchain/13.3.rel1/arm-none-eabi/bin/../lib/gcc/arm-none-eabi/13.3.1/../../../../arm-none-eabi/lib/thumb/v6-m/nofp/libg.a(libc_a-strlen-stub.o)
                0x100057b0                strlen
 .text._malloc_trim_r
                0x1000580c       0xb4 /Applications/ArmGNUToolchain/13.3.rel1/arm-none-eabi/bin/../lib/gcc/arm-none-eabi/13.3.1/../../../../arm-none-eabi/lib/thumb/v6-m/nofp/libg.a(libc_a-freer.o)
                0x1000580c                _malloc_trim_r
 .text._free_r  0x100058c0      0x1d4 /Applications/ArmGNUToolchain/13.3.rel1/arm-none-eabi/bin/../lib/gcc/arm-none-eabi/13.3.1/../../../../arm-none-eabi/lib/thumb/v6-m/nofp/libg.a(libc_a-freer.o)
                0x100058c0                _free_r
 *(.fini)
 .fini          0x10005a94        0x4 /Applications/ArmGNUToolchain/13.3.rel1/arm-none-eabi/bin/../lib/gcc/arm-none-eabi/13.3.1/thumb/v6-m/nofp/crti.o
                0x10005a94                _fini
 .fini.__stub   0x10005a98       0x60 linker stubs
 *crtbegin.o(.ctors)
 *crtbegin?.o(.ctors)
 *(EXCLUDE_FILE(*crtend.o *crtend?.o) .ctors)
 *(SORT_BY_NAME(.ctors.*))
 *(.ctors)
 *crtbegin.o(.dtors)
 *crtbegin?.o(.dtors)
 *(EXCLUDE_FILE(*crtend.o *crtend?.o) .dtors)
 *(SORT_BY_NAME(.dtors.*))
 *(.dtors)
 *(.eh_frame*)
 .eh_frame      0x10005af8        0x0 /Applications/ArmGNUToolchain/13.3.rel1/arm-none-eabi/bin/../lib/gcc/arm-none-eabi/13.3.1/thumb/v6-m/nofp/crtbegin.o
                0x10005af8                        . = ALIGN (0x4)

.glue_7         0x10005af8        0x0
 .glue_7        0x10005af8        0x0 linker stubs

.glue_7t        0x10005af8        0x0
 .glue_7t       0x10005af8        0x0 linker stubs

.vfp11_veneer   0x10005af8        0x0
 .vfp11_veneer  0x10005af8        0x0 linker stubs

.v4_bx          0x10005af8        0x0
 .v4_bx         0x10005af8        0x0 linker stubs

.iplt           0x10005af8        0x0
 .iplt          0x10005af8        0x0 /Applications/ArmGNUToolchain/13.3.rel1/arm-none-eabi/bin/../lib/gcc/arm-none-eabi/13.3.1/thumb/v6-m/nofp/crtbegin.o

.rodata         0x10005af8     0x1114
 *(EXCLUDE_FILE(*libm.a: *libc.a:*lib_a-mem*.o *libgcc.a:) .rodata*)
 .rodata.main.str1.4
                0x10005af8      0xc34 CMakeFiles/trans.dir/trans.cpp.obj
                                  0x4 (size before relaxing)
 .rodata._ZL7address
                0x1000672c        0x6 CMakeFiles/trans.dir/trans.cpp.obj
 .rodata.resolve_branch.str1.4
                0x10006732       0x5f CMakeFiles/trans.dir/Users/andyvotava/Documents/pico-sdk/src/rp2_common/hardware_irq/irq.c.obj
 .rodata.make_branch.str1.4
                0x10006732       0x30 CMakeFiles/trans.dir/Users/andyvotava/Documents/pico-sdk/src/rp2_common/hardware_irq/irq.c.obj
 .rodata.insert_branch_and_link.str1.4
                0x10006732       0x10 CMakeFiles/trans.dir/Users/andyvotava/Documents/pico-sdk/src/rp2_common/hardware_irq/irq.c.obj
 .rodata.irq_set_exclusive_handler.str1.4
                0x10006732       0x36 CMakeFiles/trans.dir/Users/andyvotava/Documents/pico-sdk/src/rp2_common/hardware_irq/irq.c.obj
 .rodata.irq_remove_handler.str1.4
                0x10006732       0x3a CMakeFiles/trans.dir/Users/andyvotava/Documents/pico-sdk/src/rp2_common/hardware_irq/irq.c.obj
 .rodata.irq_add_tail_to_free_list.str1.4
                0x10006732       0x3a CMakeFiles/trans.dir/Users/andyvotava/Documents/pico-sdk/src/rp2_common/hardware_irq/irq.c.obj
 *fill*         0x10006732        0x2 
 .rodata.__func__.0
                0x10006734       0x1a CMakeFiles/trans.dir/Users/andyvotava/Documents/pico-sdk/src/rp2_common/hardware_irq/irq.c.obj
 *fill*         0x1000674e        0x2 
 .rodata.__func__.1
                0x10006750       0x17 CMakeFiles/trans.dir/Users/andyvotava/Documents/pico-sdk/src/rp2_common/hardware_irq/irq.c.obj
 *fill*         0x10006767        0x1 
 .rodata.__func__.2
                0x10006768       0x13 CMakeFiles/trans.dir/Users/andyvotava/Documents/pico-sdk/src/rp2_common/hardware_irq/irq.c.obj
 *fill*         0x1000677b        0x1 
 .rodata.__func__.3
                0x1000677c        0xc CMakeFiles/trans.dir/Users/andyvotava/Documents/pico-sdk/src/rp2_common/hardware_irq/irq.c.obj
 .rodata.__func__.4
                0x10006788        0xf CMakeFiles/trans.dir/Users/andyvotava/Documents/pico-sdk/src/rp2_common/hardware_irq/irq.c.obj
 *fill*         0x10006797        0x1 
 .rodata.__func__.6
                0x10006798       0x1a CMakeFiles/trans.dir/Users/andyvotava/Documents/pico-sdk/src/rp2_common/hardware_irq/irq.c.obj
 .rodata.str1.4
                0x100067b2       0x95 CMakeFiles/trans.dir/Users/andyvotava/Documents/pico-sdk/src/common/pico_sync/mutex.c.obj
 *fill*         0x100067b2        0x2 
 .rodata.__func__.1
                0x100067b4        0xb CMakeFiles/trans.dir/Users/andyvotava/Documents/pico-sdk/src/common/pico_sync/mutex.c.obj
 *fill*         0x100067bf        0x1 
 .rodata.__func__.3
                0x100067c0       0x18 CMakeFiles/trans.dir/Users/andyvotava/Documents/pico-sdk/src/common/pico_sync/mutex.c.obj
 .rodata.get_entry.str1.4
                0x100067d8       0x65 CMakeFiles/trans.dir/Users/andyvotava/Documents/pico-sdk/src/common/pico_time/time.c.obj
 .rodata.update_us_since_boot.str1.4
                0x100067d8       0x6b CMakeFiles/trans.dir/Users/andyvotava/Documents/pico-sdk/src/common/pico_time/time.c.obj
 .rodata.ph_get_node.str1.4
                0x100067d8       0x70 CMakeFiles/trans.dir/Users/andyvotava/Documents/pico-sdk/src/common/pico_time/time.c.obj
 .rodata.ph_add_child_node.str1.4
                0x100067d8       0x2e CMakeFiles/trans.dir/Users/andyvotava/Documents/pico-sdk/src/common/pico_time/time.c.obj
 .rodata.ph_insert_node.str1.4
                0x100067d8        0x3 CMakeFiles/trans.dir/Users/andyvotava/Documents/pico-sdk/src/common/pico_time/time.c.obj
 .rodata.ph_free_node.str1.4
                0x100067d8       0x38 CMakeFiles/trans.dir/Users/andyvotava/Documents/pico-sdk/src/common/pico_time/time.c.obj
 .rodata.add_alarm_under_lock.str1.4
                0x100067d8       0x28 CMakeFiles/trans.dir/Users/andyvotava/Documents/pico-sdk/src/common/pico_time/time.c.obj
 .rodata.alarm_pool_alarm_callback.str1.4
                0x100067d8       0x60 CMakeFiles/trans.dir/Users/andyvotava/Documents/pico-sdk/src/common/pico_time/time.c.obj
 .rodata.alarm_pool_get_default.str1.4
                0x100067d8       0x21 CMakeFiles/trans.dir/Users/andyvotava/Documents/pico-sdk/src/common/pico_time/time.c.obj
 .rodata.alarm_pool_cancel_alarm.str1.4
                0x100067d8       0x27 CMakeFiles/trans.dir/Users/andyvotava/Documents/pico-sdk/src/common/pico_time/time.c.obj
 .rodata.sleep_until.str1.4
                0x100067d8       0x4d CMakeFiles/trans.dir/Users/andyvotava/Documents/pico-sdk/src/common/pico_time/time.c.obj
 .rodata.__func__.1
                0x100067d8       0x18 CMakeFiles/trans.dir/Users/andyvotava/Documents/pico-sdk/src/common/pico_time/time.c.obj
 .rodata.__func__.3
                0x100067f0       0x17 CMakeFiles/trans.dir/Users/andyvotava/Documents/pico-sdk/src/common/pico_time/time.c.obj
 *fill*         0x10006807        0x1 
 .rodata.__func__.4
                0x10006808       0x12 CMakeFiles/trans.dir/Users/andyvotava/Documents/pico-sdk/src/common/pico_time/time.c.obj
 *fill*         0x1000681a        0x2 
 .rodata.__func__.5
                0x1000681c        0xd CMakeFiles/trans.dir/Users/andyvotava/Documents/pico-sdk/src/common/pico_time/time.c.obj
 *fill*         0x10006829        0x3 
 .rodata.__func__.6
                0x1000682c       0x12 CMakeFiles/trans.dir/Users/andyvotava/Documents/pico-sdk/src/common/pico_time/time.c.obj
 *fill*         0x1000683e        0x2 
 .rodata.__func__.7
                0x10006840        0xf CMakeFiles/trans.dir/Users/andyvotava/Documents/pico-sdk/src/common/pico_time/time.c.obj
 *fill*         0x1000684f        0x1 
 .rodata.__func__.8
                0x10006850        0xc CMakeFiles/trans.dir/Users/andyvotava/Documents/pico-sdk/src/common/pico_time/time.c.obj
 .rodata.__func__.9
                0x1000685c       0x15 CMakeFiles/trans.dir/Users/andyvotava/Documents/pico-sdk/src/common/pico_time/time.c.obj
 *fill*         0x10006871        0x3 
 .rodata.__func__.10
                0x10006874       0x15 CMakeFiles/trans.dir/Users/andyvotava/Documents/pico-sdk/src/common/pico_time/time.c.obj
 *fill*         0x10006889        0x3 
 .rodata.__func__.11
                0x1000688c       0x1a CMakeFiles/trans.dir/Users/andyvotava/Documents/pico-sdk/src/common/pico_time/time.c.obj
 *fill*         0x100068a6        0x2 
 .rodata.__func__.12
                0x100068a8        0xa CMakeFiles/trans.dir/Users/andyvotava/Documents/pico-sdk/src/common/pico_time/time.c.obj
 .rodata.hardware_alarm_claim.str1.4
                0x100068b2       0x22 CMakeFiles/trans.dir/Users/andyvotava/Documents/pico-sdk/src/rp2_common/hardware_timer/timer.c.obj
 .rodata.hardware_alarm_set_target.str1.4
                0x100068b2       0x6f CMakeFiles/trans.dir/Users/andyvotava/Documents/pico-sdk/src/rp2_common/hardware_timer/timer.c.obj
 *fill*         0x100068b2        0x2 
 .rodata.__func__.0
                0x100068b4       0x1a CMakeFiles/trans.dir/Users/andyvotava/Documents/pico-sdk/src/rp2_common/hardware_timer/timer.c.obj
 .rodata.ph_get_node.str1.4
                0x100068ce       0x70 CMakeFiles/trans.dir/Users/andyvotava/Documents/pico-sdk/src/common/pico_util/pheap.c.obj
 .rodata.ph_add_child_node.str1.4
                0x100068ce       0x2e CMakeFiles/trans.dir/Users/andyvotava/Documents/pico-sdk/src/common/pico_util/pheap.c.obj
 .rodata.ph_remove_any_head.str1.4
                0x100068ce       0xac CMakeFiles/trans.dir/Users/andyvotava/Documents/pico-sdk/src/common/pico_util/pheap.c.obj
 .rodata.ph_remove_and_free_node.str1.4
                0x100068ce       0x26 CMakeFiles/trans.dir/Users/andyvotava/Documents/pico-sdk/src/common/pico_util/pheap.c.obj
 *fill*         0x100068ce        0x2 
 .rodata.__func__.0
                0x100068d0       0x18 CMakeFiles/trans.dir/Users/andyvotava/Documents/pico-sdk/src/common/pico_util/pheap.c.obj
 .rodata.__func__.1
                0x100068e8       0x13 CMakeFiles/trans.dir/Users/andyvotava/Documents/pico-sdk/src/common/pico_util/pheap.c.obj
 *fill*         0x100068fb        0x1 
 .rodata.__func__.2
                0x100068fc       0x12 CMakeFiles/trans.dir/Users/andyvotava/Documents/pico-sdk/src/common/pico_util/pheap.c.obj
 *fill*         0x1000690e        0x2 
 .rodata.__func__.3
                0x10006910        0xc CMakeFiles/trans.dir/Users/andyvotava/Documents/pico-sdk/src/common/pico_util/pheap.c.obj
 .rodata.clock_configure.str1.4
                0x1000691c       0x61 CMakeFiles/trans.dir/Users/andyvotava/Documents/pico-sdk/src/rp2_common/hardware_clocks/clocks.c.obj
 .rodata.__func__.1
                0x1000691c       0x10 CMakeFiles/trans.dir/Users/andyvotava/Documents/pico-sdk/src/rp2_common/hardware_clocks/clocks.c.obj
 .rodata.pll_init.str1.4
                0x1000692c      0x12c CMakeFiles/trans.dir/Users/andyvotava/Documents/pico-sdk/src/rp2_common/hardware_pll/pll.c.obj
 .rodata.__func__.0
                0x1000692c        0x9 CMakeFiles/trans.dir/Users/andyvotava/Documents/pico-sdk/src/rp2_common/hardware_pll/pll.c.obj
 .rodata.__assert_func.str1.4
                0x10006935       0x43 CMakeFiles/trans.dir/Users/andyvotava/Documents/pico-sdk/src/rp2_common/pico_runtime/runtime.c.obj
 .rodata.runtime_init.str1.4
                0x10006935       0x6b CMakeFiles/trans.dir/Users/andyvotava/Documents/pico-sdk/src/rp2_common/pico_runtime/runtime.c.obj
 .rodata.panic.str1.4
                0x10006935       0x12 CMakeFiles/trans.dir/Users/andyvotava/Documents/pico-sdk/src/rp2_common/pico_runtime/runtime.c.obj
 *fill*         0x10006935        0x3 
 .rodata.__func__.2
                0x10006938        0xd CMakeFiles/trans.dir/Users/andyvotava/Documents/pico-sdk/src/rp2_common/pico_runtime/runtime.c.obj
 .rodata._ftoa.str1.4
                0x10006945       0x15 CMakeFiles/trans.dir/Users/andyvotava/Documents/pico-sdk/src/rp2_common/pico_printf/printf.c.obj
 *fill*         0x10006945        0x3 
 .rodata._vsnprintf
                0x10006948      0x19c CMakeFiles/trans.dir/Users/andyvotava/Documents/pico-sdk/src/rp2_common/pico_printf/printf.c.obj
 *fill*         0x10006ae4        0x4 
 .rodata.pow10.0
                0x10006ae8       0x50 CMakeFiles/trans.dir/Users/andyvotava/Documents/pico-sdk/src/rp2_common/pico_printf/printf.c.obj
 .rodata.__aeabi_double_init.str1.4
                0x10006b38       0xa6 CMakeFiles/trans.dir/Users/andyvotava/Documents/pico-sdk/src/rp2_common/pico_double/double_init_rom.c.obj
 .rodata.__func__.0
                0x10006b38       0x14 CMakeFiles/trans.dir/Users/andyvotava/Documents/pico-sdk/src/rp2_common/pico_double/double_init_rom.c.obj
 .rodata.__aeabi_float_init.str1.4
                0x10006b4c       0x88 CMakeFiles/trans.dir/Users/andyvotava/Documents/pico-sdk/src/rp2_common/pico_float/float_init_rom.c.obj
 .rodata.__func__.0
                0x10006b4c       0x13 CMakeFiles/trans.dir/Users/andyvotava/Documents/pico-sdk/src/rp2_common/pico_float/float_init_rom.c.obj
 .rodata.check_alloc.str1.4
                0x10006b5f        0xe CMakeFiles/trans.dir/Users/andyvotava/Documents/pico-sdk/src/rp2_common/pico_malloc/pico_malloc.c.obj
 .rodata.str1.4
                0x10006b5f       0x3c CMakeFiles/trans.dir/Users/andyvotava/Documents/pico-sdk/src/rp2_common/pico_standard_link/binary_info.c.obj
 *fill*         0x10006b5f        0x1 
 .rodata.__bi_81
                0x10006b60        0xc CMakeFiles/trans.dir/Users/andyvotava/Documents/pico-sdk/src/rp2_common/pico_standard_link/binary_info.c.obj
 .rodata.__bi_75
                0x10006b6c        0xc CMakeFiles/trans.dir/Users/andyvotava/Documents/pico-sdk/src/rp2_common/pico_standard_link/binary_info.c.obj
 .rodata.__bi_44
                0x10006b78        0xc CMakeFiles/trans.dir/Users/andyvotava/Documents/pico-sdk/src/rp2_common/pico_standard_link/binary_info.c.obj
 .rodata.update_us_since_boot.str1.4
                0x10006b84       0x6b CMakeFiles/trans.dir/Users/andyvotava/Documents/pico-sdk/src/rp2_common/pico_stdio/stdio.c.obj
 .rodata.crlf_str.2
                0x10006b84        0x2 CMakeFiles/trans.dir/Users/andyvotava/Documents/pico-sdk/src/rp2_common/pico_stdio/stdio.c.obj
 *fill*         0x10006b86        0x2 
 .rodata.__func__.3
                0x10006b88       0x15 CMakeFiles/trans.dir/Users/andyvotava/Documents/pico-sdk/src/rp2_common/pico_stdio/stdio.c.obj
 .rodata.str1.4
                0x10006b9d      0x162 CMakeFiles/trans.dir/Users/andyvotava/Documents/pico-sdk/src/rp2_common/hardware_flash/flash.c.obj
 *fill*         0x10006b9d        0x3 
 .rodata.__func__.0
                0x10006ba0        0xd CMakeFiles/trans.dir/Users/andyvotava/Documents/pico-sdk/src/rp2_common/hardware_flash/flash.c.obj
 .rodata._ZL20update_us_since_bootP15absolute_time_ty.str1.4
                0x10006bad       0xa3 CMakeFiles/trans.dir/lib/RF24/RF24.cpp.obj
 *fill*         0x10006bad        0x3 
 .rodata._ZTV3SPI
                0x10006bb0       0x10 CMakeFiles/trans.dir/lib/RF24/utility/rp2/spi.cpp.obj
                0x10006bb0                vtable for SPI
 .rodata._pio_find_offset_for_program.str1.4
                0x10006bc0       0x73 CMakeFiles/trans.dir/Users/andyvotava/Documents/pico-sdk/src/rp2_common/hardware_pio/pio.c.obj
 .rodata._pio_add_program_at_offset.str1.4
                0x10006bc0       0x11 CMakeFiles/trans.dir/Users/andyvotava/Documents/pico-sdk/src/rp2_common/hardware_pio/pio.c.obj
 .rodata.pio_claim_unused_sm.str1.4
                0x10006bc0       0x24 CMakeFiles/trans.dir/Users/andyvotava/Documents/pico-sdk/src/rp2_common/hardware_pio/pio.c.obj
 .rodata.__func__.1
                0x10006bc0       0x1d CMakeFiles/trans.dir/Users/andyvotava/Documents/pico-sdk/src/rp2_common/hardware_pio/pio.c.obj
 *fill*         0x10006bdd        0x3 
 .rodata._ZL14joybus_program
                0x10006be0        0x6 lib/gcclib/libgcclib.a(gccontroller.cpp.obj)
 *fill*         0x10006be6        0x2 
 .rodata._ZL27joybus_program_instructions
                0x10006be8       0x22 lib/gcclib/libgcclib.a(gccontroller.cpp.obj)
                0x10006c0c                        . = ALIGN (0x4)
 *fill*         0x10006c0a        0x2 
 *(SORT_BY_ALIGNMENT(SORT_BY_NAME(.flashdata*)))
                0x10006c0c                        . = ALIGN (0x4)

.ARM.extab
 *(.ARM.extab* .gnu.linkonce.armextab.*)
                0x10006c0c                        __exidx_start = .

.ARM.exidx
 *(.ARM.exidx* .gnu.linkonce.armexidx.*)
                0x10006c0c                        __exidx_end = .
                0x10006c0c                        . = ALIGN (0x4)
                0x10006c0c                        __binary_info_start = .

.binary_info    0x10006c0c       0x1c
 *(.binary_info.keep.*)
 .binary_info.keep.__bi_ptr81
                0x10006c0c        0x4 CMakeFiles/trans.dir/Users/andyvotava/Documents/pico-sdk/src/rp2_common/pico_standard_link/binary_info.c.obj
 .binary_info.keep.__bi_ptr75
                0x10006c10        0x4 CMakeFiles/trans.dir/Users/andyvotava/Documents/pico-sdk/src/rp2_common/pico_standard_link/binary_info.c.obj
 .binary_info.keep.__bi_ptr50
                0x10006c14        0x4 CMakeFiles/trans.dir/Users/andyvotava/Documents/pico-sdk/src/rp2_common/pico_standard_link/binary_info.c.obj
 .binary_info.keep.__bi_ptr44
                0x10006c18        0x4 CMakeFiles/trans.dir/Users/andyvotava/Documents/pico-sdk/src/rp2_common/pico_standard_link/binary_info.c.obj
 .binary_info.keep.__bi_ptr38
                0x10006c1c        0x4 CMakeFiles/trans.dir/Users/andyvotava/Documents/pico-sdk/src/rp2_common/pico_standard_link/binary_info.c.obj
 .binary_info.keep.__bi_ptr30
                0x10006c20        0x4 CMakeFiles/trans.dir/Users/andyvotava/Documents/pico-sdk/src/rp2_common/pico_standard_link/binary_info.c.obj
 .binary_info.keep.__bi_ptr22
                0x10006c24        0x4 CMakeFiles/trans.dir/Users/andyvotava/Documents/pico-sdk/src/rp2_common/pico_standard_link/binary_info.c.obj
 *(.binary_info.*)
                0x10006c28                        __binary_info_end = .

.rel.dyn        0x10006c28        0x0
 .rel.iplt      0x10006c28        0x0 /Applications/ArmGNUToolchain/13.3.rel1/arm-none-eabi/bin/../lib/gcc/arm-none-eabi/13.3.1/thumb/v6-m/nofp/crtbegin.o
                0x10006c28                        . = ALIGN (0x4)

.ram_vector_table
                0x20000000       0xc0
 *(.ram_vector_table)
 .ram_vector_table
                0x20000000       0xc0 CMakeFiles/trans.dir/Users/andyvotava/Documents/pico-sdk/src/rp2_common/pico_runtime/runtime.c.obj
                0x20000000                ram_vector_table

.data           0x200000c0      0x90c load address 0x10006c28
                0x200000c0                        __data_start__ = .
 *(vtable)
 *(.time_critical*)
 .time_critical.mutex_try_enter
                0x200000c0       0x46 CMakeFiles/trans.dir/Users/andyvotava/Documents/pico-sdk/src/common/pico_sync/mutex.c.obj
                0x200000c0                mutex_try_enter
 *fill*         0x20000106        0x2 
 .time_critical.mutex_enter_block_until
                0x20000108       0x8c CMakeFiles/trans.dir/Users/andyvotava/Documents/pico-sdk/src/common/pico_sync/mutex.c.obj
                0x20000108                mutex_enter_block_until
 .time_critical.mutex_try_enter_block_until
                0x20000194       0x34 CMakeFiles/trans.dir/Users/andyvotava/Documents/pico-sdk/src/common/pico_sync/mutex.c.obj
                0x20000194                mutex_try_enter_block_until
 .time_critical.mutex_exit
                0x200001c8       0x4c CMakeFiles/trans.dir/Users/andyvotava/Documents/pico-sdk/src/common/pico_sync/mutex.c.obj
                0x200001c8                mutex_exit
 .time_critical.flash_init_boot2_copyout
                0x20000214       0x30 CMakeFiles/trans.dir/Users/andyvotava/Documents/pico-sdk/src/rp2_common/hardware_flash/flash.c.obj
 .time_critical.flash_enable_xip_via_boot2
                0x20000244        0xc CMakeFiles/trans.dir/Users/andyvotava/Documents/pico-sdk/src/rp2_common/hardware_flash/flash.c.obj
 .time_critical.flash_cs_force
                0x20000250       0x28 CMakeFiles/trans.dir/Users/andyvotava/Documents/pico-sdk/src/rp2_common/hardware_flash/flash.c.obj
 .time_critical.flash_do_cmd
                0x20000278       0xd8 CMakeFiles/trans.dir/Users/andyvotava/Documents/pico-sdk/src/rp2_common/hardware_flash/flash.c.obj
                0x20000278                flash_do_cmd
 .time_critical.spi_write_read_blocking
                0x20000350       0x42 CMakeFiles/trans.dir/Users/andyvotava/Documents/pico-sdk/src/rp2_common/hardware_spi/spi.c.obj
                0x20000350                spi_write_read_blocking
 *(.text*)
 *fill*         0x20000392        0x2 
 .text          0x20000394        0x4 /Applications/ArmGNUToolchain/13.3.rel1/arm-none-eabi/bin/../lib/gcc/arm-none-eabi/13.3.1/thumb/v6-m/nofp/libgcc.a(_dvmd_tls.o)
                0x20000394                __aeabi_ldiv0
                0x20000394                __aeabi_idiv0
 .text.__stub   0x20000398       0x20 linker stubs
                0x200003b8                        . = ALIGN (0x4)
 *(.rodata*)
                0x200003b8                        . = ALIGN (0x4)
 *(.data*)
 .data.striped_spin_lock_num
                0x200003b8        0x1 CMakeFiles/trans.dir/Users/andyvotava/Documents/pico-sdk/src/rp2_common/hardware_sync/sync.c.obj
 *fill*         0x200003b9        0x3 
 .data          0x200003bc       0x48 CMakeFiles/trans.dir/Users/andyvotava/Documents/pico-sdk/src/rp2_common/hardware_irq/irq_handler_chain.S.obj
                0x200003bc                irq_handler_chain_slots
                0x200003ec                irq_handler_chain_first_slot
                0x200003f6                irq_handler_chain_remove_tail
 .data.default_alarm_pool
                0x20000404       0x18 CMakeFiles/trans.dir/Users/andyvotava/Documents/pico-sdk/src/common/pico_time/time.c.obj
 .data.default_alarm_pool_heap
                0x2000041c       0x10 CMakeFiles/trans.dir/Users/andyvotava/Documents/pico-sdk/src/common/pico_time/time.c.obj
 *fill*         0x2000042c        0x4 
 .data.aeabi_bits_funcs
                0x20000430       0x10 CMakeFiles/trans.dir/Users/andyvotava/Documents/pico-sdk/src/rp2_common/pico_bit_ops/bit_ops_aeabi.S.obj
                0x20000430                aeabi_bits_funcs
                0x20000440                aeabi_bits_funcs_end
 .data.aeabi_mem_funcs
                0x20000440       0x10 CMakeFiles/trans.dir/Users/andyvotava/Documents/pico-sdk/src/rp2_common/pico_mem_ops/mem_ops_aeabi.S.obj
                0x20000440                aeabi_mem_funcs
                0x20000450                aeabi_mem_funcs_end
 .data.__malloc_sbrk_base
                0x20000450        0x4 /Applications/ArmGNUToolchain/13.3.rel1/arm-none-eabi/bin/../lib/gcc/arm-none-eabi/13.3.1/../../../../arm-none-eabi/lib/thumb/v6-m/nofp/libg.a(libc_a-mallocr.o)
                0x20000450                __malloc_sbrk_base
 .data.__malloc_trim_threshold
                0x20000454        0x4 /Applications/ArmGNUToolchain/13.3.rel1/arm-none-eabi/bin/../lib/gcc/arm-none-eabi/13.3.1/../../../../arm-none-eabi/lib/thumb/v6-m/nofp/libg.a(libc_a-mallocr.o)
                0x20000454                __malloc_trim_threshold
 .data.__malloc_av_
                0x20000458      0x408 /Applications/ArmGNUToolchain/13.3.rel1/arm-none-eabi/bin/../lib/gcc/arm-none-eabi/13.3.1/../../../../arm-none-eabi/lib/thumb/v6-m/nofp/libg.a(libc_a-mallocr.o)
                0x20000458                __malloc_av_
 .data._impure_ptr
                0x20000860        0x4 /Applications/ArmGNUToolchain/13.3.rel1/arm-none-eabi/bin/../lib/gcc/arm-none-eabi/13.3.1/../../../../arm-none-eabi/lib/thumb/v6-m/nofp/libg.a(libc_a-impure.o)
                0x20000860                _impure_ptr
 *fill*         0x20000864        0x4 
 .data._impure_data
                0x20000868      0x140 /Applications/ArmGNUToolchain/13.3.rel1/arm-none-eabi/bin/../lib/gcc/arm-none-eabi/13.3.1/../../../../arm-none-eabi/lib/thumb/v6-m/nofp/libg.a(libc_a-impure.o)
                0x20000868                _impure_data
                0x200009a8                        . = ALIGN (0x4)
 *(.after_data.*)
                0x200009a8                        . = ALIGN (0x4)
                0x200009a8                        PROVIDE (__mutex_array_start = .)
 *(SORT_BY_NAME(.mutex_array.*))
 *(.mutex_array)
 .mutex_array   0x200009a8        0x8 CMakeFiles/trans.dir/Users/andyvotava/Documents/pico-sdk/src/rp2_common/pico_stdio/stdio.c.obj
                0x200009b0                        PROVIDE (__mutex_array_end = .)
                0x200009b0                        . = ALIGN (0x4)
                0x200009b0                        PROVIDE (__preinit_array_start = .)
 *(SORT_BY_NAME(.preinit_array.*))
 .preinit_array.00001
                0x200009b0        0x4 CMakeFiles/trans.dir/Users/andyvotava/Documents/pico-sdk/src/rp2_common/pico_mem_ops/mem_ops_aeabi.S.obj
 .preinit_array.00010
                0x200009b4        0x4 CMakeFiles/trans.dir/Users/andyvotava/Documents/pico-sdk/src/rp2_common/pico_bit_ops/bit_ops_aeabi.S.obj
 .preinit_array.00020
                0x200009b8        0x4 CMakeFiles/trans.dir/Users/andyvotava/Documents/pico-sdk/src/rp2_common/pico_double/double_aeabi.S.obj
 .preinit_array.00020
                0x200009bc        0x4 CMakeFiles/trans.dir/Users/andyvotava/Documents/pico-sdk/src/rp2_common/pico_float/float_aeabi.S.obj
 *(.preinit_array)
                0x200009c0                        PROVIDE (__preinit_array_end = .)
                0x200009c0                        . = ALIGN (0x4)
                0x200009c0                        PROVIDE (__init_array_start = .)
 *(SORT_BY_NAME(.init_array.*))
 *(.init_array)
 .init_array    0x200009c0        0x4 /Applications/ArmGNUToolchain/13.3.rel1/arm-none-eabi/bin/../lib/gcc/arm-none-eabi/13.3.1/thumb/v6-m/nofp/crtbegin.o
 .init_array    0x200009c4        0x4 CMakeFiles/trans.dir/trans.cpp.obj
 .init_array    0x200009c8        0x4 CMakeFiles/trans.dir/Users/andyvotava/Documents/pico-sdk/src/rp2_common/pico_unique_id/unique_id.c.obj
                0x200009cc                        PROVIDE (__init_array_end = .)
                0x200009cc                        . = ALIGN (0x4)
                [!provide]                        PROVIDE (__fini_array_start = .)
 *(SORT_BY_NAME(.fini_array.*))
 *(.fini_array)
                [!provide]                        PROVIDE (__fini_array_end = .)
 *(.jcr)
                0x200009cc                        . = ALIGN (0x4)
                0x200009cc                        __data_end__ = .
                0x10006c28                        __etext = LOADADDR (.data)

.tm_clone_table
                0x200009cc        0x0 load address 0x10007534
 .tm_clone_table
                0x200009cc        0x0 /Applications/ArmGNUToolchain/13.3.rel1/arm-none-eabi/bin/../lib/gcc/arm-none-eabi/13.3.1/thumb/v6-m/nofp/crtbegin.o
 .tm_clone_table
                0x200009cc        0x0 /Applications/ArmGNUToolchain/13.3.rel1/arm-none-eabi/bin/../lib/gcc/arm-none-eabi/13.3.1/thumb/v6-m/nofp/crtend.o

.igot.plt       0x200009cc        0x0 load address 0x10007534
 .igot.plt      0x200009cc        0x0 /Applications/ArmGNUToolchain/13.3.rel1/arm-none-eabi/bin/../lib/gcc/arm-none-eabi/13.3.1/thumb/v6-m/nofp/crtbegin.o

.uninitialized_data
                0x200009cc        0x0 load address 0x10007534
                0x200009cc                        . = ALIGN (0x4)
 *(.uninitialized_data*)

.scratch_x      0x20040000        0x0 load address 0x10007534
                0x20040000                        __scratch_x_start__ = .
 *(.scratch_x.*)
                0x20040000                        . = ALIGN (0x4)
                0x20040000                        __scratch_x_end__ = .
                0x10007534                        __scratch_x_source__ = LOADADDR (.scratch_x)

.scratch_y      0x20041000        0x0 load address 0x10007534
                0x20041000                        __scratch_y_start__ = .
 *(.scratch_y.*)
                0x20041000                        . = ALIGN (0x4)
                0x20041000                        __scratch_y_end__ = .
                0x10007534                        __scratch_y_source__ = LOADADDR (.scratch_y)

.bss            0x200009d0      0x6e0
                0x200009d0                        . = ALIGN (0x4)
                0x200009d0                        __bss_start__ = .
 *(SORT_BY_ALIGNMENT(SORT_BY_NAME(.bss*)))
 .bss.default_alarm_pool_entries
                0x200009d0      0x100 CMakeFiles/trans.dir/Users/andyvotava/Documents/pico-sdk/src/common/pico_time/time.c.obj
 .bss.__lock___malloc_recursive_mutex
                0x20000ad0        0x1 /Applications/ArmGNUToolchain/13.3.rel1/arm-none-eabi/bin/../lib/gcc/arm-none-eabi/13.3.1/../../../../arm-none-eabi/lib/thumb/v6-m/nofp/libg.a(libc_a-lock.o)
                0x20000ad0                __lock___malloc_recursive_mutex
 *fill*         0x20000ad1        0x3 
 .bss.__malloc_current_mallinfo
                0x20000ad4       0x28 /Applications/ArmGNUToolchain/13.3.rel1/arm-none-eabi/bin/../lib/gcc/arm-none-eabi/13.3.1/../../../../arm-none-eabi/lib/thumb/v6-m/nofp/libg.a(libc_a-mallocr.o)
                0x20000ad4                __malloc_current_mallinfo
 .bss.__malloc_max_sbrked_mem
                0x20000afc        0x4 /Applications/ArmGNUToolchain/13.3.rel1/arm-none-eabi/bin/../lib/gcc/arm-none-eabi/13.3.1/../../../../arm-none-eabi/lib/thumb/v6-m/nofp/libg.a(libc_a-mallocr.o)
                0x20000afc                __malloc_max_sbrked_mem
 .bss.__malloc_max_total_mem
                0x20000b00        0x4 /Applications/ArmGNUToolchain/13.3.rel1/arm-none-eabi/bin/../lib/gcc/arm-none-eabi/13.3.1/../../../../arm-none-eabi/lib/thumb/v6-m/nofp/libg.a(libc_a-mallocr.o)
                0x20000b00                __malloc_max_total_mem
 .bss.__malloc_top_pad
                0x20000b04        0x4 /Applications/ArmGNUToolchain/13.3.rel1/arm-none-eabi/bin/../lib/gcc/arm-none-eabi/13.3.1/../../../../arm-none-eabi/lib/thumb/v6-m/nofp/libg.a(libc_a-mallocr.o)
                0x20000b04                __malloc_top_pad
 .bss.__sf      0x20000b08      0x138 /Applications/ArmGNUToolchain/13.3.rel1/arm-none-eabi/bin/../lib/gcc/arm-none-eabi/13.3.1/../../../../arm-none-eabi/lib/thumb/v6-m/nofp/libg.a(libc_a-findfp.o)
                0x20000b08                __sf
 .bss._used_instruction_space
                0x20000c40        0x8 CMakeFiles/trans.dir/Users/andyvotava/Documents/pico-sdk/src/rp2_common/hardware_pio/pio.c.obj
 .bss.alarm_callbacks
                0x20000c48       0x10 CMakeFiles/trans.dir/Users/andyvotava/Documents/pico-sdk/src/rp2_common/hardware_timer/timer.c.obj
 .bss.boot2_copyout
                0x20000c58      0x100 CMakeFiles/trans.dir/Users/andyvotava/Documents/pico-sdk/src/rp2_common/hardware_flash/flash.c.obj
 .bss.configured_freq
                0x20000d58       0x28 CMakeFiles/trans.dir/Users/andyvotava/Documents/pico-sdk/src/rp2_common/hardware_clocks/clocks.c.obj
 .bss.controller1
                0x20000d80       0x2c CMakeFiles/trans.dir/trans.cpp.obj
                0x20000d80                controller1
 .bss.default_alarm_pool_entry_ids_high
                0x20000dac       0x10 CMakeFiles/trans.dir/Users/andyvotava/Documents/pico-sdk/src/common/pico_time/time.c.obj
 .bss.default_alarm_pool_heap_nodes
                0x20000dbc       0x30 CMakeFiles/trans.dir/Users/andyvotava/Documents/pico-sdk/src/common/pico_time/time.c.obj
 .bss.drivers   0x20000dec        0x4 CMakeFiles/trans.dir/Users/andyvotava/Documents/pico-sdk/src/rp2_common/pico_stdio/stdio.c.obj
 .bss.errno     0x20000df0        0x4 /Applications/ArmGNUToolchain/13.3.rel1/arm-none-eabi/bin/../lib/gcc/arm-none-eabi/13.3.1/../../../../arm-none-eabi/lib/thumb/v6-m/nofp/libg.a(libc_a-reent.o)
                0x20000df0                errno
 .bss.filter    0x20000df4        0x4 CMakeFiles/trans.dir/Users/andyvotava/Documents/pico-sdk/src/rp2_common/pico_stdio/stdio.c.obj
 .bss.heap_end.1
                0x20000df8        0x4 CMakeFiles/trans.dir/Users/andyvotava/Documents/pico-sdk/src/rp2_common/pico_runtime/runtime.c.obj
 .bss.object.0  0x20000dfc       0x18 /Applications/ArmGNUToolchain/13.3.rel1/arm-none-eabi/bin/../lib/gcc/arm-none-eabi/13.3.1/thumb/v6-m/nofp/crtbegin.o
 .bss.pools     0x20000e14       0x10 CMakeFiles/trans.dir/Users/andyvotava/Documents/pico-sdk/src/common/pico_time/time.c.obj
 .bss.retrieved_id
                0x20000e24        0x8 CMakeFiles/trans.dir/Users/andyvotava/Documents/pico-sdk/src/rp2_common/pico_unique_id/unique_id.c.obj
 .bss.sd_table  0x20000e2c      0x100 CMakeFiles/trans.dir/Users/andyvotava/Documents/pico-sdk/src/rp2_common/pico_double/double_init_rom.c.obj
                0x20000e2c                sd_table
 .bss.sf_clz_func
                0x20000f2c        0x4 CMakeFiles/trans.dir/Users/andyvotava/Documents/pico-sdk/src/rp2_common/pico_double/double_init_rom.c.obj
                0x20000f2c                sf_clz_func
 .bss.sf_table  0x20000f30      0x100 CMakeFiles/trans.dir/Users/andyvotava/Documents/pico-sdk/src/rp2_common/pico_float/float_init_rom.c.obj
                0x20000f30                sf_table
 .bss.sleep_notifier
                0x20001030        0x4 CMakeFiles/trans.dir/Users/andyvotava/Documents/pico-sdk/src/common/pico_time/time.c.obj
 .bss.target_hi
                0x20001034       0x10 CMakeFiles/trans.dir/Users/andyvotava/Documents/pico-sdk/src/rp2_common/hardware_timer/timer.c.obj
 .bss.transmitter
                0x20001044       0x64 CMakeFiles/trans.dir/trans.cpp.obj
                0x20001044                transmitter
 .bss.boot2_copyout_valid
                0x200010a8        0x1 CMakeFiles/trans.dir/Users/andyvotava/Documents/pico-sdk/src/rp2_common/hardware_flash/flash.c.obj
 .bss.claimed   0x200010a9        0x1 CMakeFiles/trans.dir/Users/andyvotava/Documents/pico-sdk/src/rp2_common/hardware_timer/timer.c.obj
 .bss.claimed   0x200010aa        0x1 CMakeFiles/trans.dir/Users/andyvotava/Documents/pico-sdk/src/rp2_common/hardware_pio/pio.c.obj
 .bss.irq_hander_chain_free_slot_head
                0x200010ab        0x1 CMakeFiles/trans.dir/Users/andyvotava/Documents/pico-sdk/src/rp2_common/hardware_irq/irq.c.obj
 .bss.timer_callbacks_pending
                0x200010ac        0x1 CMakeFiles/trans.dir/Users/andyvotava/Documents/pico-sdk/src/rp2_common/hardware_timer/timer.c.obj
 *(COMMON)
                0x200010b0                        . = ALIGN (0x4)
 *fill*         0x200010ad        0x3 
                0x200010b0                        __bss_end__ = .

.heap           0x200010b0      0x800
                0x200010b0                        __end__ = .
                0x200010b0                        end = __end__
 *(.heap*)
 .heap          0x200010b0      0x800 CMakeFiles/trans.dir/Users/andyvotava/Documents/pico-sdk/src/rp2_common/pico_standard_link/crt0.S.obj
                0x200018b0                        __HeapLimit = .

.stack1_dummy
 *(.stack1*)

.stack_dummy    0x20041000      0x800
 *(.stack*)
 .stack         0x20041000      0x800 CMakeFiles/trans.dir/Users/andyvotava/Documents/pico-sdk/src/rp2_common/pico_standard_link/crt0.S.obj

.flash_end      0x10007534        0x0
                0x10007534                        PROVIDE (__flash_binary_end = .)
                0x20040000                        __StackLimit = (ORIGIN (RAM) + LENGTH (RAM))
                0x20041000                        __StackOneTop = (ORIGIN (SCRATCH_X) + LENGTH (SCRATCH_X))
                0x20042000                        __StackTop = (ORIGIN (SCRATCH_Y) + LENGTH (SCRATCH_Y))
                0x20041000                        __StackOneBottom = (__StackOneTop - SIZEOF (.stack1_dummy))
                0x20041800                        __StackBottom = (__StackTop - SIZEOF (.stack_dummy))
                0x20042000                        PROVIDE (__stack = __StackTop)
                0x00000001                        ASSERT ((__StackLimit >= __HeapLimit), region RAM overflowed)
                0x00000001                        ASSERT (((__binary_info_header_end - __logical_binary_start) <= 0x100), Binary info must be in first 256 bytes of the binary)
LOAD CMakeFiles/trans.dir/trans.cpp.obj
LOAD CMakeFiles/trans.dir/Users/andyvotava/Documents/pico-sdk/src/rp2_common/pico_stdlib/stdlib.c.obj
LOAD CMakeFiles/trans.dir/Users/andyvotava/Documents/pico-sdk/src/rp2_common/hardware_gpio/gpio.c.obj
LOAD CMakeFiles/trans.dir/Users/andyvotava/Documents/pico-sdk/src/rp2_common/pico_platform/platform.c.obj
LOAD CMakeFiles/trans.dir/Users/andyvotava/Documents/pico-sdk/src/rp2_common/hardware_claim/claim.c.obj
LOAD CMakeFiles/trans.dir/Users/andyvotava/Documents/pico-sdk/src/rp2_common/hardware_sync/sync.c.obj
LOAD CMakeFiles/trans.dir/Users/andyvotava/Documents/pico-sdk/src/rp2_common/hardware_irq/irq.c.obj
LOAD CMakeFiles/trans.dir/Users/andyvotava/Documents/pico-sdk/src/rp2_common/hardware_irq/irq_handler_chain.S.obj
LOAD CMakeFiles/trans.dir/Users/andyvotava/Documents/pico-sdk/src/common/pico_sync/sem.c.obj
LOAD CMakeFiles/trans.dir/Users/andyvotava/Documents/pico-sdk/src/common/pico_sync/lock_core.c.obj
LOAD CMakeFiles/trans.dir/Users/andyvotava/Documents/pico-sdk/src/common/pico_sync/mutex.c.obj
LOAD CMakeFiles/trans.dir/Users/andyvotava/Documents/pico-sdk/src/common/pico_sync/critical_section.c.obj
LOAD CMakeFiles/trans.dir/Users/andyvotava/Documents/pico-sdk/src/common/pico_time/time.c.obj
LOAD CMakeFiles/trans.dir/Users/andyvotava/Documents/pico-sdk/src/common/pico_time/timeout_helper.c.obj
LOAD CMakeFiles/trans.dir/Users/andyvotava/Documents/pico-sdk/src/rp2_common/hardware_timer/timer.c.obj
LOAD CMakeFiles/trans.dir/Users/andyvotava/Documents/pico-sdk/src/common/pico_util/datetime.c.obj
LOAD CMakeFiles/trans.dir/Users/andyvotava/Documents/pico-sdk/src/common/pico_util/pheap.c.obj
LOAD CMakeFiles/trans.dir/Users/andyvotava/Documents/pico-sdk/src/common/pico_util/queue.c.obj
LOAD CMakeFiles/trans.dir/Users/andyvotava/Documents/pico-sdk/src/rp2_common/hardware_uart/uart.c.obj
LOAD CMakeFiles/trans.dir/Users/andyvotava/Documents/pico-sdk/src/rp2_common/hardware_clocks/clocks.c.obj
LOAD CMakeFiles/trans.dir/Users/andyvotava/Documents/pico-sdk/src/rp2_common/hardware_pll/pll.c.obj
LOAD CMakeFiles/trans.dir/Users/andyvotava/Documents/pico-sdk/src/rp2_common/hardware_vreg/vreg.c.obj
LOAD CMakeFiles/trans.dir/Users/andyvotava/Documents/pico-sdk/src/rp2_common/hardware_watchdog/watchdog.c.obj
LOAD CMakeFiles/trans.dir/Users/andyvotava/Documents/pico-sdk/src/rp2_common/hardware_xosc/xosc.c.obj
LOAD CMakeFiles/trans.dir/Users/andyvotava/Documents/pico-sdk/src/rp2_common/hardware_divider/divider.S.obj
LOAD CMakeFiles/trans.dir/Users/andyvotava/Documents/pico-sdk/src/rp2_common/pico_runtime/runtime.c.obj
LOAD CMakeFiles/trans.dir/Users/andyvotava/Documents/pico-sdk/src/rp2_common/pico_printf/printf.c.obj
LOAD CMakeFiles/trans.dir/Users/andyvotava/Documents/pico-sdk/src/rp2_common/pico_bit_ops/bit_ops_aeabi.S.obj
LOAD CMakeFiles/trans.dir/Users/andyvotava/Documents/pico-sdk/src/rp2_common/pico_bootrom/bootrom.c.obj
LOAD CMakeFiles/trans.dir/Users/andyvotava/Documents/pico-sdk/src/rp2_common/pico_divider/divider.S.obj
LOAD CMakeFiles/trans.dir/Users/andyvotava/Documents/pico-sdk/src/rp2_common/pico_double/double_aeabi.S.obj
LOAD CMakeFiles/trans.dir/Users/andyvotava/Documents/pico-sdk/src/rp2_common/pico_double/double_init_rom.c.obj
LOAD CMakeFiles/trans.dir/Users/andyvotava/Documents/pico-sdk/src/rp2_common/pico_double/double_math.c.obj
LOAD CMakeFiles/trans.dir/Users/andyvotava/Documents/pico-sdk/src/rp2_common/pico_double/double_v1_rom_shim.S.obj
LOAD CMakeFiles/trans.dir/Users/andyvotava/Documents/pico-sdk/src/rp2_common/pico_int64_ops/pico_int64_ops_aeabi.S.obj
LOAD CMakeFiles/trans.dir/Users/andyvotava/Documents/pico-sdk/src/rp2_common/pico_float/float_aeabi.S.obj
LOAD CMakeFiles/trans.dir/Users/andyvotava/Documents/pico-sdk/src/rp2_common/pico_float/float_init_rom.c.obj
LOAD CMakeFiles/trans.dir/Users/andyvotava/Documents/pico-sdk/src/rp2_common/pico_float/float_math.c.obj
LOAD CMakeFiles/trans.dir/Users/andyvotava/Documents/pico-sdk/src/rp2_common/pico_float/float_v1_rom_shim.S.obj
LOAD CMakeFiles/trans.dir/Users/andyvotava/Documents/pico-sdk/src/rp2_common/pico_malloc/pico_malloc.c.obj
LOAD CMakeFiles/trans.dir/Users/andyvotava/Documents/pico-sdk/src/rp2_common/pico_mem_ops/mem_ops_aeabi.S.obj
LOAD CMakeFiles/trans.dir/Users/andyvotava/Documents/pico-sdk/src/rp2_common/pico_standard_link/crt0.S.obj
LOAD CMakeFiles/trans.dir/Users/andyvotava/Documents/pico-sdk/src/rp2_common/pico_standard_link/new_delete.cpp.obj
LOAD CMakeFiles/trans.dir/Users/andyvotava/Documents/pico-sdk/src/rp2_common/pico_standard_link/binary_info.c.obj
LOAD CMakeFiles/trans.dir/Users/andyvotava/Documents/pico-sdk/src/rp2_common/pico_stdio/stdio.c.obj
LOAD CMakeFiles/trans.dir/Users/andyvotava/Documents/pico-sdk/src/rp2_common/pico_stdio_uart/stdio_uart.c.obj
LOAD CMakeFiles/trans.dir/Users/andyvotava/Documents/pico-sdk/src/rp2_common/pico_stdio_usb/reset_interface.c.obj
LOAD CMakeFiles/trans.dir/Users/andyvotava/Documents/pico-sdk/src/rp2_common/pico_stdio_usb/stdio_usb.c.obj
LOAD CMakeFiles/trans.dir/Users/andyvotava/Documents/pico-sdk/src/rp2_common/pico_stdio_usb/stdio_usb_descriptors.c.obj
LOAD CMakeFiles/trans.dir/Users/andyvotava/Documents/pico-sdk/src/rp2_common/pico_unique_id/unique_id.c.obj
LOAD CMakeFiles/trans.dir/Users/andyvotava/Documents/pico-sdk/src/rp2_common/hardware_flash/flash.c.obj
LOAD CMakeFiles/trans.dir/Users/andyvotava/Documents/pico-sdk/lib/tinyusb/src/portable/raspberrypi/rp2040/dcd_rp2040.c.obj
LOAD CMakeFiles/trans.dir/Users/andyvotava/Documents/pico-sdk/lib/tinyusb/src/portable/raspberrypi/rp2040/rp2040_usb.c.obj
LOAD CMakeFiles/trans.dir/Users/andyvotava/Documents/pico-sdk/lib/tinyusb/src/device/usbd.c.obj
LOAD CMakeFiles/trans.dir/Users/andyvotava/Documents/pico-sdk/lib/tinyusb/src/device/usbd_control.c.obj
LOAD CMakeFiles/trans.dir/Users/andyvotava/Documents/pico-sdk/lib/tinyusb/src/class/audio/audio_device.c.obj
LOAD CMakeFiles/trans.dir/Users/andyvotava/Documents/pico-sdk/lib/tinyusb/src/class/cdc/cdc_device.c.obj
LOAD CMakeFiles/trans.dir/Users/andyvotava/Documents/pico-sdk/lib/tinyusb/src/class/dfu/dfu_device.c.obj
LOAD CMakeFiles/trans.dir/Users/andyvotava/Documents/pico-sdk/lib/tinyusb/src/class/dfu/dfu_rt_device.c.obj
LOAD CMakeFiles/trans.dir/Users/andyvotava/Documents/pico-sdk/lib/tinyusb/src/class/hid/hid_device.c.obj
LOAD CMakeFiles/trans.dir/Users/andyvotava/Documents/pico-sdk/lib/tinyusb/src/class/midi/midi_device.c.obj
LOAD CMakeFiles/trans.dir/Users/andyvotava/Documents/pico-sdk/lib/tinyusb/src/class/msc/msc_device.c.obj
LOAD CMakeFiles/trans.dir/Users/andyvotava/Documents/pico-sdk/lib/tinyusb/src/class/net/ecm_rndis_device.c.obj
LOAD CMakeFiles/trans.dir/Users/andyvotava/Documents/pico-sdk/lib/tinyusb/src/class/net/ncm_device.c.obj
LOAD CMakeFiles/trans.dir/Users/andyvotava/Documents/pico-sdk/lib/tinyusb/src/class/usbtmc/usbtmc_device.c.obj
LOAD CMakeFiles/trans.dir/Users/andyvotava/Documents/pico-sdk/lib/tinyusb/src/class/vendor/vendor_device.c.obj
LOAD CMakeFiles/trans.dir/Users/andyvotava/Documents/pico-sdk/lib/tinyusb/src/class/video/video_device.c.obj